[deploy] validating paper setup lock in /home/odah/bro/base/configs/profiles/paper_universal.yaml...
setup_lock_verified paper_universal 4fa46456681765f163324c21bce7163499cbf6cbcaa262ceb9336243c9ba1a58
[deploy] resolved log_dir=/home/odah/bro/base/logs_exec/paper_universal
[deploy] resolved state_path=/home/odah/bro/base/data/paper_universal/state.json
[deploy] resolved guard_stop_file=/home/odah/bro/base/logs_exec/paper_universal/guard_stop.txt
canonical_deploy_authority_verified 02423bcf-920d-4d88-b7ef-52c8500d746d start 95cfc680-83a4-4fda-99fd-acb7c9a07090
[deploy] git identity commit=ef50707ca1df62f4fa8e9f5721d5316fc84132b8 dirty=1
[deploy] building images...
#1 [internal] load local bake definitions
#1 reading from stdin 953B done
#1 DONE 0.0s

#2 [bro-maker internal] load build definition from Dockerfile
#2 transferring dockerfile: 2.00kB done
#2 DONE 0.0s

#3 [bro-maker internal] load metadata for docker.io/library/rust:1.88.0-slim-bookworm
#3 ...

#4 [bro-guardian internal] load metadata for docker.io/library/python:3.11-slim@sha256:d6e4d224f70f9e0172a06a3a2eba2f768eb146811a349278b38fff3a36463b47
#4 DONE 0.0s

#3 [bro-guardian internal] load metadata for docker.io/library/rust:1.88.0-slim-bookworm
#3 DONE 1.0s

#5 [bro-maker internal] load .dockerignore
#5 transferring context: 260B done
#5 DONE 0.0s

#6 [bro-maker worker-builder 1/6] FROM docker.io/library/rust:1.88.0-slim-bookworm@sha256:38bc5a86d998772d4aec2348656ed21438d20fcdce2795b56ca434cf21430d89
#6 resolve docker.io/library/rust:1.88.0-slim-bookworm@sha256:38bc5a86d998772d4aec2348656ed21438d20fcdce2795b56ca434cf21430d89 0.0s done
#6 DONE 0.0s

#7 [bro-maker python-deps-builder 1/5] FROM docker.io/library/python:3.11-slim@sha256:d6e4d224f70f9e0172a06a3a2eba2f768eb146811a349278b38fff3a36463b47
#7 resolve docker.io/library/python:3.11-slim@sha256:d6e4d224f70f9e0172a06a3a2eba2f768eb146811a349278b38fff3a36463b47 0.0s done
#7 DONE 0.0s

#8 [bro-guardian internal] load build context
#8 transferring context: 1.43MB 0.4s done
#8 transferring context: 1.43MB 0.4s done
#8 DONE 0.4s

#9 [bro-maker worker-builder 3/6] COPY workers/Cargo.toml /build/workers/Cargo.toml
#9 CACHED

#10 [bro-maker worker-builder 4/6] COPY workers/Cargo.lock /build/workers/Cargo.lock
#10 CACHED

#11 [bro-maker worker-builder 2/6] WORKDIR /build/workers
#11 CACHED

#12 [bro-maker worker-builder 5/6] COPY workers/src /build/workers/src
#12 CACHED

#13 [bro-maker python-deps-builder 3/5] RUN apt-get update     && apt-get install -y --no-install-recommends git     && rm -rf /var/lib/apt/lists/*
#13 CACHED

#14 [bro-maker python-deps-builder 2/5] WORKDIR /build/python
#14 CACHED

#15 [bro-maker python-deps-builder 4/5] COPY requirements.txt /build/python/requirements.txt
#15 CACHED

#16 [bro-maker stage-2 4/9] COPY --from=python-deps-builder /wheelhouse /wheelhouse
#16 CACHED

#17 [bro-maker stage-2 2/9] WORKDIR /app
#17 CACHED

#18 [bro-maker stage-2 3/9] COPY requirements.txt /app/requirements.txt
#18 CACHED

#19 [bro-maker python-deps-builder 5/5] RUN python -m pip wheel --no-cache-dir --wheel-dir /wheelhouse -r /build/python/requirements.txt
#19 CACHED

#20 [bro-maker worker-builder 6/6] RUN cargo build --release --locked
#20 CACHED

#21 [bro-maker stage-2 5/9] RUN pip install --no-cache-dir /wheelhouse/*     && rm -rf /wheelhouse
#21 CACHED

#22 [bro-maker stage-2 6/9] COPY . /app
#22 DONE 1.5s

#23 [bro-maker stage-2 7/9] COPY --from=worker-builder /build/workers/target/release/bro-market-stream-worker /app/workers/bin/bro-market-stream-worker
#23 DONE 0.1s

#24 [bro-maker stage-2 8/9] COPY --from=worker-builder /build/workers/target/release/bro-rtds-stream-worker /app/workers/bin/bro-rtds-stream-worker
#24 DONE 0.0s

#25 [bro-maker stage-2 9/9] RUN addgroup --system bro && adduser --system --ingroup bro --home /home/bro --shell /usr/sbin/nologin bro     && mkdir -p /data /logs /tmp /config     && chown -R bro:bro /app /data /logs /tmp /config
#25 DONE 3.5s

#26 [bro-guardian] exporting to image
#26 exporting layers
#26 exporting layers 2.9s done
#26 exporting manifest sha256:6ecd373e3e8d975a52fa53e1ef34c65880535daef3a6b32b8cd674a68be4d09f done
#26 exporting config sha256:4e53997d97e0f828756799732e0a15336ba2cc38038491a1690c35967c22eeb4 done
#26 exporting attestation manifest sha256:a7483386d1efd19da3e5f5c4d31c72ea35c87563d4a597cc41580e9a9101fe3a 0.0s done
#26 exporting manifest list sha256:0b45681f79defd0df17bc5d3572a2651800553adaf4b84ef602cb53fa3587749 done
#26 naming to docker.io/library/bro_btc_paper-bro-guardian:latest done
#26 unpacking to docker.io/library/bro_btc_paper-bro-guardian:latest
#26 unpacking to docker.io/library/bro_btc_paper-bro-guardian:latest 3.4s done
#26 DONE 6.4s

#27 [bro-maker] exporting to image
#27 exporting layers 2.9s done
#27 exporting manifest sha256:81f810d92b9a847ad5dbc310d0fa3a7bf26ea225165d4ce48a3e22ae260832f6 done
#27 exporting config sha256:37629e75d3c398bfc3c58aadae183afea0c8093a08f60b404a7b52bded84c5ee done
#27 exporting attestation manifest sha256:c47a24276d711f6aaa80b78376c5d0ffe953910bd9b62406209d7ea9b1649c4b 0.0s done
#27 exporting manifest list sha256:0266d3336d089b953f629dcc8e86b28452aa41caf6d2c2ade1175546c263cb3f done
#27 naming to docker.io/library/bro_btc_paper-bro-maker:latest done
#27 unpacking to docker.io/library/bro_btc_paper-bro-maker:latest 3.4s done
#27 DONE 6.4s

#28 [bro-maker] resolving provenance for metadata file
#28 DONE 0.0s

#29 [bro-guardian] resolving provenance for metadata file
#29 DONE 0.0s
[deploy] docker image identity maker_ref=bro_btc_paper-bro-maker hash=sha256:0266d3336d089b953f629dcc8e86b28452aa41caf6d2c2ade1175546c263cb3f
[deploy] stopping stack...
[deploy] clearing state and guard artifacts...
[deploy] starting maker...
[deploy] waiting for bro-maker health (timeout=240s)...
[deploy] starting guardian...
[deploy] waiting 25s for health...
[deploy] service status:
NAME                           IMAGE                        COMMAND                  SERVICE        CREATED              STATUS                        PORTS
bro_btc_paper-bro-guardian-1   bro_btc_paper-bro-guardian   "python scripts/guar…"   bro-guardian   26 seconds ago       Up 25 seconds (healthy)       
bro_btc_paper-bro-maker-1      bro_btc_paper-bro-maker      "python executor.py …"   bro-maker      About a minute ago   Up About a minute (healthy)   127.0.0.1:9108->9108/tcp
[deploy] manifest identity:
manifest_path /home/odah/bro/base/logs_exec/paper_universal/run_manifest_95cfc680-83a4-4fda-99fd-acb7c9a07090.json
run_id 95cfc680-83a4-4fda-99fd-acb7c9a07090
config_fingerprint_sha256 4fa46456681765f163324c21bce7163499cbf6cbcaa262ceb9336243c9ba1a58
config_source_path /config/profiles/paper_universal.yaml
config_source_sha256 18c845661fa0ac60fa83e86232c63e0c3f9cc2a5b9114aa1f6b20d9f72f158d8
code_fingerprint_sha256 408f9317de1a75a12b5d376e963c4a2f0b7d0645a42c7ab5dbf85ef93d35d6fe
code_fingerprint_file_count 62
runtime_identity.effective_config_sha256 4fa46456681765f163324c21bce7163499cbf6cbcaa262ceb9336243c9ba1a58
runtime_identity.dependency_lock_sha256 099d5990011fa718a20432aea5e31b2c2854e3ce4fbc65f9c20f457a2c3e09b8
runtime_identity.docker_image_hash sha256:0266d3336d089b953f629dcc8e86b28452aa41caf6d2c2ade1175546c263cb3f
