[deploy] validating paper setup lock in /home/odah/bro/base/configs/profiles/paper_universal.yaml...
setup_lock_verified paper_universal 593aaf52756657e50ee042d3129a545625844dc640c2bb6d82f4b8646e25540a
[deploy] resolved log_dir=/home/odah/bro/base/logs_exec/paper_universal
[deploy] resolved state_path=/home/odah/bro/base/data/paper_universal/state.json
[deploy] resolved guard_stop_file=/home/odah/bro/base/logs_exec/paper_universal/guard_stop.txt
canonical_deploy_authority_verified c153bedb-2d09-4835-85e4-bd82ec48ea83 start 7c7e6938-9a2c-43a6-9006-cadeaa5d53fa
[deploy] git identity commit=059c2ab8517f4ab03679c5a465c6638663192455 dirty=1
[deploy] building images...
#1 [internal] load local bake definitions
#1 reading from stdin 953B done
#1 DONE 0.0s

#2 [bro-guardian internal] load build definition from Dockerfile
#2 transferring dockerfile: 2.00kB done
#2 DONE 0.0s

#3 [bro-guardian internal] load metadata for docker.io/library/rust:1.88.0-slim-bookworm
#3 DONE 0.9s

#4 [bro-maker internal] load metadata for docker.io/library/python:3.11-slim@sha256:d6e4d224f70f9e0172a06a3a2eba2f768eb146811a349278b38fff3a36463b47
#4 DONE 0.9s

#5 [bro-guardian internal] load .dockerignore
#5 transferring context: 260B 0.0s done
#5 DONE 0.0s

#6 [bro-maker internal] load build context
#6 DONE 0.0s

#7 [bro-maker python-deps-builder 1/5] FROM docker.io/library/python:3.11-slim@sha256:d6e4d224f70f9e0172a06a3a2eba2f768eb146811a349278b38fff3a36463b47
#7 resolve docker.io/library/python:3.11-slim@sha256:d6e4d224f70f9e0172a06a3a2eba2f768eb146811a349278b38fff3a36463b47 0.0s done
#7 resolve docker.io/library/python:3.11-slim@sha256:d6e4d224f70f9e0172a06a3a2eba2f768eb146811a349278b38fff3a36463b47 0.0s done
#7 DONE 0.0s

#8 [bro-guardian worker-builder 1/6] FROM docker.io/library/rust:1.88.0-slim-bookworm@sha256:38bc5a86d998772d4aec2348656ed21438d20fcdce2795b56ca434cf21430d89
#8 resolve docker.io/library/rust:1.88.0-slim-bookworm@sha256:38bc5a86d998772d4aec2348656ed21438d20fcdce2795b56ca434cf21430d89 0.0s done
#8 DONE 0.0s

#6 [bro-guardian internal] load build context
#6 transferring context: 778.08kB 0.2s done
#6 DONE 0.2s

#9 [bro-guardian worker-builder 2/6] WORKDIR /build/workers
#9 CACHED

#10 [bro-guardian worker-builder 5/6] COPY workers/src /build/workers/src
#10 CACHED

#11 [bro-guardian worker-builder 4/6] COPY workers/Cargo.lock /build/workers/Cargo.lock
#11 CACHED

#12 [bro-guardian worker-builder 3/6] COPY workers/Cargo.toml /build/workers/Cargo.toml
#12 CACHED

#13 [bro-guardian worker-builder 6/6] RUN cargo build --release --locked
#13 CACHED

#14 [bro-guardian python-deps-builder 4/5] COPY requirements.txt /build/python/requirements.txt
#14 CACHED

#15 [bro-guardian stage-2 2/9] WORKDIR /app
#15 CACHED

#16 [bro-guardian stage-2 4/9] COPY --from=python-deps-builder /wheelhouse /wheelhouse
#16 CACHED

#17 [bro-guardian python-deps-builder 2/5] WORKDIR /build/python
#17 CACHED

#18 [bro-guardian python-deps-builder 3/5] RUN apt-get update     && apt-get install -y --no-install-recommends git     && rm -rf /var/lib/apt/lists/*
#18 CACHED

#19 [bro-guardian python-deps-builder 5/5] RUN python -m pip wheel --no-cache-dir --wheel-dir /wheelhouse -r /build/python/requirements.txt
#19 CACHED

#20 [bro-guardian stage-2 3/9] COPY requirements.txt /app/requirements.txt
#20 CACHED

#21 [bro-guardian stage-2 5/9] RUN pip install --no-cache-dir /wheelhouse/*     && rm -rf /wheelhouse
#21 CACHED

#22 [bro-guardian stage-2 6/9] COPY . /app
#22 DONE 2.6s

#23 [bro-guardian stage-2 7/9] COPY --from=worker-builder /build/workers/target/release/bro-market-stream-worker /app/workers/bin/bro-market-stream-worker
#23 DONE 0.1s

#24 [bro-guardian stage-2 8/9] COPY --from=worker-builder /build/workers/target/release/bro-rtds-stream-worker /app/workers/bin/bro-rtds-stream-worker
#24 DONE 0.0s

#25 [bro-guardian stage-2 9/9] RUN addgroup --system bro && adduser --system --ingroup bro --home /home/bro --shell /usr/sbin/nologin bro     && mkdir -p /data /logs /tmp /config     && chown -R bro:bro /app /data /logs /tmp /config
#25 DONE 3.8s

#26 [bro-maker] exporting to image
#26 exporting layers
#26 ...

#27 [bro-guardian] exporting to image
#27 ...

#26 [bro-maker] exporting to image
#26 exporting layers 36.6s done
#26 exporting manifest sha256:538d3218282aa4ac493aff855d708574317690867ed889963cba86e0b082f104
#26 exporting manifest sha256:538d3218282aa4ac493aff855d708574317690867ed889963cba86e0b082f104 done
#26 exporting config sha256:5be03c9c2ba19a10bd63c78de2bfc0c84cdf8d4e4b7e96f4763e1cae5ea70c52 done
#26 exporting attestation manifest sha256:87c3bb99cf70ae5da1ff77a2ba3c29e0caec0cca1280073446d9d7777d6d674f 0.0s done
#26 exporting manifest list sha256:96664a9606117a8d9a11525000572d45c0e3ed5c692a50c80d14d537bb575704 done
#26 naming to docker.io/library/bro_btc_paper-bro-maker:latest done
#26 unpacking to docker.io/library/bro_btc_paper-bro-maker:latest
#26 ...

#27 [bro-guardian] exporting to image
#27 exporting layers 36.6s done
#27 exporting manifest sha256:9cc201beda3c6e95173f015c1f52d9ca59765beb8ee9dcdf5a56b54f50590fec done
#27 exporting config sha256:ed6939c35d5835894e434a5d3db37bcee8788e881883fa324dc16c3c03e08f2f done
#27 exporting attestation manifest sha256:1249b4c37a34b8e32f4053df8ff1f9694ab838701fd772da3de3c46c4fa16a39 0.0s done
#27 exporting manifest list sha256:b2074a5e9192a0c6dc8a3bf1c8912d8cc13932d5814dbf779908518c18ef101a done
#27 naming to docker.io/library/bro_btc_paper-bro-guardian:latest done
#27 unpacking to docker.io/library/bro_btc_paper-bro-guardian:latest
#27 ...

#26 [bro-maker] exporting to image
#26 unpacking to docker.io/library/bro_btc_paper-bro-maker:latest 19.2s done
#26 DONE 55.9s

#27 [bro-guardian] exporting to image
#27 unpacking to docker.io/library/bro_btc_paper-bro-guardian:latest 19.3s done
#27 DONE 56.0s

#28 [bro-maker] resolving provenance for metadata file
#28 DONE 0.0s

#29 [bro-guardian] resolving provenance for metadata file
#29 DONE 0.0s
[deploy] docker image identity maker_ref=bro_btc_paper-bro-maker hash=sha256:96664a9606117a8d9a11525000572d45c0e3ed5c692a50c80d14d537bb575704
[deploy] stopping stack...
[deploy] clearing state and guard artifacts...
[deploy] starting stack...
[deploy] waiting 25s for health...
[deploy] service status:
NAME                           IMAGE                        COMMAND                  SERVICE        CREATED          STATUS                    PORTS
bro_btc_paper-bro-guardian-1   bro_btc_paper-bro-guardian   "python scripts/guar…"   bro-guardian   32 seconds ago   Up 25 seconds (healthy)   
bro_btc_paper-bro-maker-1      bro_btc_paper-bro-maker      "python executor.py …"   bro-maker      32 seconds ago   Up 31 seconds (healthy)   127.0.0.1:9108->9108/tcp
[deploy] manifest identity:
manifest_path /home/odah/bro/base/logs_exec/paper_universal/run_manifest_7c7e6938-9a2c-43a6-9006-cadeaa5d53fa.json
run_id 7c7e6938-9a2c-43a6-9006-cadeaa5d53fa
config_fingerprint_sha256 593aaf52756657e50ee042d3129a545625844dc640c2bb6d82f4b8646e25540a
config_source_path /config/profiles/paper_universal.yaml
config_source_sha256 cc3470587b92b18895d11667211a509e38b8fd1a599976338b0607b1532bc73b
code_fingerprint_sha256 49ff6e26d6c73a5742362060fc92836fa42b4bdf7263df57bd4429cd2a9bd7b1
code_fingerprint_file_count 59
runtime_identity.effective_config_sha256 593aaf52756657e50ee042d3129a545625844dc640c2bb6d82f4b8646e25540a
runtime_identity.dependency_lock_sha256 099d5990011fa718a20432aea5e31b2c2854e3ce4fbc65f9c20f457a2c3e09b8
runtime_identity.docker_image_hash sha256:96664a9606117a8d9a11525000572d45c0e3ed5c692a50c80d14d537bb575704
