[deploy] validating paper setup lock in /home/odah/bro/base/configs/profiles/paper_universal.yaml...
setup_lock_verified paper_universal d034baf1cd5e4ca6608f39f3698ec74b21d971eb0db9f833d14b4bbb3ef202ae
[deploy] resolved log_dir=/home/odah/bro/base/logs_exec/paper_universal
[deploy] resolved state_path=/home/odah/bro/base/data/paper_universal/state.json
[deploy] resolved guard_stop_file=/home/odah/bro/base/logs_exec/paper_universal/guard_stop.txt
canonical_deploy_authority_verified c8243a0f-e9c3-458f-9ed9-f662931fc23d start 6e514a60-f195-4f4f-8423-b3a777b984b3
[deploy] git identity commit=ef50707ca1df62f4fa8e9f5721d5316fc84132b8 dirty=1
[deploy] building images...
#1 [internal] load local bake definitions
#1 reading from stdin 953B done
#1 DONE 0.0s

#2 [bro-maker internal] load build definition from Dockerfile
#2 transferring dockerfile: 2.00kB done
#2 DONE 0.0s

#3 [bro-guardian internal] load metadata for docker.io/library/rust:1.88.0-slim-bookworm
#3 DONE 1.0s

#4 [bro-guardian internal] load metadata for docker.io/library/python:3.11-slim@sha256:d6e4d224f70f9e0172a06a3a2eba2f768eb146811a349278b38fff3a36463b47
#4 DONE 0.9s

#5 [bro-maker internal] load .dockerignore
#5 transferring context: 260B done
#5 DONE 0.0s

#6 [bro-guardian python-deps-builder 1/5] FROM docker.io/library/python:3.11-slim@sha256:d6e4d224f70f9e0172a06a3a2eba2f768eb146811a349278b38fff3a36463b47
#6 resolve docker.io/library/python:3.11-slim@sha256:d6e4d224f70f9e0172a06a3a2eba2f768eb146811a349278b38fff3a36463b47 0.0s done
#6 DONE 0.0s

#7 [bro-guardian worker-builder 1/6] FROM docker.io/library/rust:1.88.0-slim-bookworm@sha256:38bc5a86d998772d4aec2348656ed21438d20fcdce2795b56ca434cf21430d89
#7 resolve docker.io/library/rust:1.88.0-slim-bookworm@sha256:38bc5a86d998772d4aec2348656ed21438d20fcdce2795b56ca434cf21430d89 0.0s done
#7 DONE 0.0s

#8 [bro-maker internal] load build context
#8 transferring context: 12.11MB 1.0s done
#8 DONE 1.0s

#9 [bro-maker stage-2 3/9] COPY requirements.txt /app/requirements.txt
#9 CACHED

#10 [bro-maker python-deps-builder 4/5] COPY requirements.txt /build/python/requirements.txt
#10 CACHED

#11 [bro-maker python-deps-builder 3/5] RUN apt-get update     && apt-get install -y --no-install-recommends git     && rm -rf /var/lib/apt/lists/*
#11 CACHED

#12 [bro-maker python-deps-builder 2/5] WORKDIR /build/python
#12 CACHED

#13 [bro-maker python-deps-builder 5/5] RUN python -m pip wheel --no-cache-dir --wheel-dir /wheelhouse -r /build/python/requirements.txt
#13 CACHED

#14 [bro-maker stage-2 4/9] COPY --from=python-deps-builder /wheelhouse /wheelhouse
#14 CACHED

#15 [bro-maker stage-2 2/9] WORKDIR /app
#15 CACHED

#16 [bro-maker stage-2 5/9] RUN pip install --no-cache-dir /wheelhouse/*     && rm -rf /wheelhouse
#16 CACHED

#15 [bro-guardian stage-2 2/9] WORKDIR /app
#15 CACHED

#13 [bro-guardian python-deps-builder 5/5] RUN python -m pip wheel --no-cache-dir --wheel-dir /wheelhouse -r /build/python/requirements.txt
#13 CACHED

#9 [bro-guardian stage-2 3/9] COPY requirements.txt /app/requirements.txt
#9 CACHED

#12 [bro-guardian python-deps-builder 2/5] WORKDIR /build/python
#12 CACHED

#10 [bro-guardian python-deps-builder 4/5] COPY requirements.txt /build/python/requirements.txt
#10 CACHED

#11 [bro-guardian python-deps-builder 3/5] RUN apt-get update     && apt-get install -y --no-install-recommends git     && rm -rf /var/lib/apt/lists/*
#11 CACHED

#14 [bro-guardian stage-2 4/9] COPY --from=python-deps-builder /wheelhouse /wheelhouse
#14 CACHED

#16 [bro-guardian stage-2 5/9] RUN pip install --no-cache-dir /wheelhouse/*     && rm -rf /wheelhouse
#16 CACHED

#17 [bro-maker worker-builder 5/6] COPY workers/src /build/workers/src
#17 CACHED

#18 [bro-maker worker-builder 4/6] COPY workers/Cargo.lock /build/workers/Cargo.lock
#18 CACHED

#19 [bro-maker worker-builder 3/6] COPY workers/Cargo.toml /build/workers/Cargo.toml
#19 CACHED

#20 [bro-maker worker-builder 2/6] WORKDIR /build/workers
#20 CACHED

#21 [bro-maker worker-builder 6/6] RUN cargo build --release --locked
#21 CACHED

#22 [bro-maker stage-2 6/9] COPY . /app
#22 DONE 1.9s

#23 [bro-maker stage-2 7/9] COPY --from=worker-builder /build/workers/target/release/bro-market-stream-worker /app/workers/bin/bro-market-stream-worker
#23 DONE 0.1s

#24 [bro-maker stage-2 8/9] COPY --from=worker-builder /build/workers/target/release/bro-rtds-stream-worker /app/workers/bin/bro-rtds-stream-worker
#24 DONE 0.0s

#25 [bro-guardian stage-2 9/9] RUN addgroup --system bro && adduser --system --ingroup bro --home /home/bro --shell /usr/sbin/nologin bro     && mkdir -p /data /logs /tmp /config     && chown -R bro:bro /app /data /logs /tmp /config
#25 DONE 4.3s

#26 [bro-maker] exporting to image
#26 exporting layers
#26 exporting layers 3.3s done
#26 exporting manifest sha256:5b310ccef87dad03e3b78912820130f88a6e7b80253fb4f47847c29e442f8940 done
#26 exporting config sha256:53705a6c69a9cd5aba6390ee8e98cc4e8d3fb7919ac915c8840dd30e451cf751 done
#26 exporting attestation manifest sha256:2c8b2803f39ab63f5a1d6c388ea57a0cd74315bb9be3b961963ae6e9ebf1233b 0.0s done
#26 exporting manifest list sha256:dab5e7549e436a787a49b6cf8a7384bc88fed32e22eaf4d8be9198f0a5327f98 done
#26 naming to docker.io/library/bro_btc_paper-bro-maker:latest done
#26 unpacking to docker.io/library/bro_btc_paper-bro-maker:latest
#26 unpacking to docker.io/library/bro_btc_paper-bro-maker:latest 4.4s done
#26 DONE 7.8s

#27 [bro-guardian] exporting to image
#27 exporting layers 3.3s done
#27 exporting manifest sha256:7a338d530563f0171344191f78bd97b516aac3234829436f9ebca745aa914b05 done
#27 exporting config sha256:0fc6bfffeb64e7a4e285c25b0881a6b9d6dddb0c1b2f601f806345b49b81fa64 done
#27 exporting attestation manifest sha256:d8058d0bfd40f090757e96ead67c6d189142628eb845cd4ebb5341e330776f1c 0.0s done
#27 exporting manifest list sha256:c5d622b109709c22f6cca2f34ad6bbcb789c78cf8f63826e94f7654ae957ef06 done
#27 naming to docker.io/library/bro_btc_paper-bro-guardian:latest done
#27 unpacking to docker.io/library/bro_btc_paper-bro-guardian:latest 4.4s done
#27 DONE 7.8s

#28 [bro-guardian] resolving provenance for metadata file
#28 DONE 0.0s

#29 [bro-maker] resolving provenance for metadata file
#29 DONE 0.0s
[deploy] docker image identity maker_ref=bro_btc_paper-bro-maker hash=sha256:dab5e7549e436a787a49b6cf8a7384bc88fed32e22eaf4d8be9198f0a5327f98
[deploy] stopping stack...
[deploy] clearing state and guard artifacts...
[deploy] starting maker...
[deploy] waiting for bro-maker health (timeout=240s)...
[deploy] starting guardian...
[deploy] waiting 25s for health...
[deploy] service status:
NAME                           IMAGE                        COMMAND                  SERVICE        CREATED          STATUS                    PORTS
bro_btc_paper-bro-guardian-1   bro_btc_paper-bro-guardian   "python scripts/guar…"   bro-guardian   25 seconds ago   Up 25 seconds (healthy)   
bro_btc_paper-bro-maker-1      bro_btc_paper-bro-maker      "python executor.py …"   bro-maker      37 seconds ago   Up 36 seconds (healthy)   127.0.0.1:9108->9108/tcp
[deploy] manifest identity:
manifest_path /home/odah/bro/base/logs_exec/paper_universal/run_manifest_6e514a60-f195-4f4f-8423-b3a777b984b3.json
run_id 6e514a60-f195-4f4f-8423-b3a777b984b3
config_fingerprint_sha256 d034baf1cd5e4ca6608f39f3698ec74b21d971eb0db9f833d14b4bbb3ef202ae
config_source_path /config/profiles/paper_universal.yaml
config_source_sha256 dbc95c2be4fa244dffe0a38af5a2ff47c6a52c974c0745913e79605b82e6f6da
code_fingerprint_sha256 43b4e47362c15b92fbacc3e18aeffd690229d9d436ca1d227fbb094012556d5b
code_fingerprint_file_count 63
runtime_identity.effective_config_sha256 d034baf1cd5e4ca6608f39f3698ec74b21d971eb0db9f833d14b4bbb3ef202ae
runtime_identity.dependency_lock_sha256 099d5990011fa718a20432aea5e31b2c2854e3ce4fbc65f9c20f457a2c3e09b8
runtime_identity.docker_image_hash sha256:dab5e7549e436a787a49b6cf8a7384bc88fed32e22eaf4d8be9198f0a5327f98
