[deploy] validating paper setup lock in /home/odah/bro/base/configs/profiles/paper_universal.yaml...
setup_lock_verified paper_universal 5b61aa27923c915fff110c4fae2e67f68f70115385314c13b481d7a900646397
[deploy] resolved log_dir=/home/odah/bro/base/logs_exec/paper_universal
[deploy] resolved state_path=/home/odah/bro/base/data/paper_universal/state.json
[deploy] resolved guard_stop_file=/home/odah/bro/base/logs_exec/paper_universal/guard_stop.txt
canonical_deploy_authority_verified 8f4c9f17-6715-434f-b5b9-814143bbff9b start 8d87570c-220c-4ad5-943b-7b6b964a9724
[deploy] git identity commit=ef50707ca1df62f4fa8e9f5721d5316fc84132b8 dirty=1
[deploy] building images...
#1 [internal] load local bake definitions
#1 reading from stdin 953B done
#1 DONE 0.0s

#2 [bro-maker internal] load build definition from Dockerfile
#2 transferring dockerfile: 2.00kB done
#2 DONE 0.0s

#3 [bro-guardian internal] load metadata for docker.io/library/python:3.11-slim@sha256:d6e4d224f70f9e0172a06a3a2eba2f768eb146811a349278b38fff3a36463b47
#3 DONE 0.0s

#4 [bro-maker internal] load metadata for docker.io/library/rust:1.88.0-slim-bookworm
#4 DONE 0.8s

#5 [bro-maker internal] load .dockerignore
#5 transferring context: 260B done
#5 DONE 0.0s

#6 [bro-guardian worker-builder 1/6] FROM docker.io/library/rust:1.88.0-slim-bookworm@sha256:38bc5a86d998772d4aec2348656ed21438d20fcdce2795b56ca434cf21430d89
#6 resolve docker.io/library/rust:1.88.0-slim-bookworm@sha256:38bc5a86d998772d4aec2348656ed21438d20fcdce2795b56ca434cf21430d89 0.0s done
#6 DONE 0.0s

#7 [bro-guardian python-deps-builder 1/5] FROM docker.io/library/python:3.11-slim@sha256:d6e4d224f70f9e0172a06a3a2eba2f768eb146811a349278b38fff3a36463b47
#7 resolve docker.io/library/python:3.11-slim@sha256:d6e4d224f70f9e0172a06a3a2eba2f768eb146811a349278b38fff3a36463b47 0.0s done
#7 DONE 0.0s

#8 [bro-maker internal] load build context
#8 transferring context: 2.07MB 0.3s done
#8 transferring context: 2.07MB 0.3s done
#8 DONE 0.3s

#9 [bro-guardian worker-builder 2/6] WORKDIR /build/workers
#9 CACHED

#10 [bro-guardian worker-builder 4/6] COPY workers/Cargo.lock /build/workers/Cargo.lock
#10 CACHED

#11 [bro-guardian worker-builder 3/6] COPY workers/Cargo.toml /build/workers/Cargo.toml
#11 CACHED

#12 [bro-guardian worker-builder 5/6] COPY workers/src /build/workers/src
#12 CACHED

#13 [bro-guardian worker-builder 6/6] RUN cargo build --release --locked
#13 CACHED

#14 [bro-guardian stage-2 2/9] WORKDIR /app
#14 CACHED

#15 [bro-guardian stage-2 3/9] COPY requirements.txt /app/requirements.txt
#15 CACHED

#16 [bro-guardian python-deps-builder 3/5] RUN apt-get update     && apt-get install -y --no-install-recommends git     && rm -rf /var/lib/apt/lists/*
#16 CACHED

#17 [bro-guardian python-deps-builder 5/5] RUN python -m pip wheel --no-cache-dir --wheel-dir /wheelhouse -r /build/python/requirements.txt
#17 CACHED

#18 [bro-guardian stage-2 4/9] COPY --from=python-deps-builder /wheelhouse /wheelhouse
#18 CACHED

#19 [bro-guardian python-deps-builder 4/5] COPY requirements.txt /build/python/requirements.txt
#19 CACHED

#20 [bro-guardian python-deps-builder 2/5] WORKDIR /build/python
#20 CACHED

#21 [bro-guardian stage-2 5/9] RUN pip install --no-cache-dir /wheelhouse/*     && rm -rf /wheelhouse
#21 CACHED

#22 [bro-guardian stage-2 6/9] COPY . /app
#22 DONE 0.5s

#23 [bro-guardian stage-2 7/9] COPY --from=worker-builder /build/workers/target/release/bro-market-stream-worker /app/workers/bin/bro-market-stream-worker
#23 DONE 0.1s

#24 [bro-guardian stage-2 8/9] COPY --from=worker-builder /build/workers/target/release/bro-rtds-stream-worker /app/workers/bin/bro-rtds-stream-worker
#24 DONE 0.0s

#25 [bro-maker stage-2 9/9] RUN addgroup --system bro && adduser --system --ingroup bro --home /home/bro --shell /usr/sbin/nologin bro     && mkdir -p /data /logs /tmp /config     && chown -R bro:bro /app /data /logs /tmp /config
#25 DONE 1.5s

#26 [bro-maker] exporting to image
#26 exporting layers
#26 exporting layers 2.0s done
#26 exporting manifest sha256:98d5f7e5c58d5b4152a8775b231d9f32c493adf9e54a5465cac65293a158d202 done
#26 exporting config sha256:ce58510ece4a300fa6cea90fd37d8bad68414833ac734fcc524eac1f48c9d232 done
#26 exporting attestation manifest sha256:e1968de121ba729ac1056cba859402272e4770b36f80e935c061977268b6fa20 0.0s done
#26 exporting manifest list sha256:ab054fdfdaf869f19ac702a0cfe2a4e37bd127d790e62f8b9d863ab8ebd4571c done
#26 naming to docker.io/library/bro_btc_paper-bro-maker:latest done
#26 unpacking to docker.io/library/bro_btc_paper-bro-maker:latest
#26 unpacking to docker.io/library/bro_btc_paper-bro-maker:latest 1.7s done
#26 DONE 3.8s

#27 [bro-guardian] exporting to image
#27 exporting layers 2.0s done
#27 exporting manifest sha256:255085ee71dea8b157fc306d01c3450e6217bfb4d39ee33c229bc7829894bcd2 done
#27 exporting config sha256:2de550fb17c6c424fe138b421acb27f5f544ef775c6ab88a2a038b01fa37d101 done
#27 exporting attestation manifest sha256:9abb048d073ce4b05ce9785c355ee15c210c2eeafaa03d0757c4d22685170449 0.0s done
#27 exporting manifest list sha256:209bdf687e5136694c8d32e2f76df0373a63a7bc3d6df515d4d17e95147349ef done
#27 naming to docker.io/library/bro_btc_paper-bro-guardian:latest done
#27 unpacking to docker.io/library/bro_btc_paper-bro-guardian:latest 1.7s done
#27 DONE 3.8s

#28 [bro-maker] resolving provenance for metadata file
#28 DONE 0.0s

#29 [bro-guardian] resolving provenance for metadata file
#29 DONE 0.0s
[deploy] docker image identity maker_ref=bro_btc_paper-bro-maker hash=sha256:ab054fdfdaf869f19ac702a0cfe2a4e37bd127d790e62f8b9d863ab8ebd4571c
[deploy] stopping stack...
[deploy] clearing state and guard artifacts...
[deploy] starting stack...
[deploy] waiting 25s for health...
[deploy] service status:
NAME                           IMAGE                        COMMAND                  SERVICE        CREATED          STATUS                    PORTS
bro_btc_paper-bro-guardian-1   bro_btc_paper-bro-guardian   "python scripts/guar…"   bro-guardian   31 seconds ago   Up 25 seconds (healthy)   
bro_btc_paper-bro-maker-1      bro_btc_paper-bro-maker      "python executor.py …"   bro-maker      31 seconds ago   Up 31 seconds (healthy)   127.0.0.1:9108->9108/tcp
[deploy] manifest identity:
manifest_path /home/odah/bro/base/logs_exec/paper_universal/run_manifest_8d87570c-220c-4ad5-943b-7b6b964a9724.json
run_id 8d87570c-220c-4ad5-943b-7b6b964a9724
config_fingerprint_sha256 5b61aa27923c915fff110c4fae2e67f68f70115385314c13b481d7a900646397
config_source_path /config/profiles/paper_universal.yaml
config_source_sha256 10f5408640084ce6d15230f39f7f7c8a495b1e3113fae4d200399a78bad116ee
code_fingerprint_sha256 21988473bcf28a0bdfe8d590145d22a18aff6d0f0f2ad9ffd41f722c7b824cef
code_fingerprint_file_count 62
runtime_identity.effective_config_sha256 5b61aa27923c915fff110c4fae2e67f68f70115385314c13b481d7a900646397
runtime_identity.dependency_lock_sha256 099d5990011fa718a20432aea5e31b2c2854e3ce4fbc65f9c20f457a2c3e09b8
runtime_identity.docker_image_hash sha256:ab054fdfdaf869f19ac702a0cfe2a4e37bd127d790e62f8b9d863ab8ebd4571c
