[deploy] validating paper setup lock in /home/odah/bro/base/configs/profiles/paper_universal.yaml...
setup_lock_verified paper_universal 553402635d2fef5164d0d69214262ebfba0788e744f8cca6682a90c07a48a6c6
[deploy] resolved log_dir=/home/odah/bro/base/logs_exec/paper_universal
[deploy] resolved state_path=/home/odah/bro/base/data/paper_universal/state.json
[deploy] resolved guard_stop_file=/home/odah/bro/base/logs_exec/paper_universal/guard_stop.txt
canonical_deploy_authority_verified 678c40e1-d106-4abe-aa6b-3e87f87e5439 start 88ab88f2-ff5e-4393-9e87-6a85e0dcccc0
[deploy] git identity commit=ef50707ca1df62f4fa8e9f5721d5316fc84132b8 dirty=1
[deploy] building images...
#1 [internal] load local bake definitions
#1 reading from stdin 953B done
#1 DONE 0.0s

#2 [bro-maker internal] load build definition from Dockerfile
#2 transferring dockerfile: 2.00kB done
#2 DONE 0.0s

#3 [bro-maker internal] load metadata for docker.io/library/rust:1.88.0-slim-bookworm
#3 ...

#4 [bro-guardian internal] load metadata for docker.io/library/python:3.11-slim@sha256:d6e4d224f70f9e0172a06a3a2eba2f768eb146811a349278b38fff3a36463b47
#4 DONE 0.0s

#3 [bro-guardian internal] load metadata for docker.io/library/rust:1.88.0-slim-bookworm
#3 DONE 1.3s

#5 [bro-maker internal] load .dockerignore
#5 transferring context: 260B done
#5 DONE 0.0s

#6 [bro-maker worker-builder 1/6] FROM docker.io/library/rust:1.88.0-slim-bookworm@sha256:38bc5a86d998772d4aec2348656ed21438d20fcdce2795b56ca434cf21430d89
#6 resolve docker.io/library/rust:1.88.0-slim-bookworm@sha256:38bc5a86d998772d4aec2348656ed21438d20fcdce2795b56ca434cf21430d89 0.0s done
#6 ...

#7 [bro-maker python-deps-builder 1/5] FROM docker.io/library/python:3.11-slim@sha256:d6e4d224f70f9e0172a06a3a2eba2f768eb146811a349278b38fff3a36463b47
#7 resolve docker.io/library/python:3.11-slim@sha256:d6e4d224f70f9e0172a06a3a2eba2f768eb146811a349278b38fff3a36463b47 0.0s done
#7 DONE 0.1s

#8 [bro-maker stage-2 2/9] WORKDIR /app
#8 DONE 0.1s

#9 [bro-maker python-deps-builder 2/5] WORKDIR /build/python
#9 DONE 0.1s

#6 [bro-maker worker-builder 1/6] FROM docker.io/library/rust:1.88.0-slim-bookworm@sha256:38bc5a86d998772d4aec2348656ed21438d20fcdce2795b56ca434cf21430d89
#6 sha256:fcd1f1a27e13f96d1c516e26d1526d4ea805f502af3d212fa0546388cd11dbf1 0B / 275.82MB 0.3s
#6 sha256:59e22667830bf04fb35e15ed9c70023e9d121719bb87f0db7f3159ee7c7e0b8d 5.24MB / 28.23MB 0.3s
#6 sha256:59e22667830bf04fb35e15ed9c70023e9d121719bb87f0db7f3159ee7c7e0b8d 8.45MB / 28.23MB 0.5s
#6 sha256:59e22667830bf04fb35e15ed9c70023e9d121719bb87f0db7f3159ee7c7e0b8d 13.63MB / 28.23MB 0.6s
#6 sha256:59e22667830bf04fb35e15ed9c70023e9d121719bb87f0db7f3159ee7c7e0b8d 15.73MB / 28.23MB 0.8s
#6 sha256:59e22667830bf04fb35e15ed9c70023e9d121719bb87f0db7f3159ee7c7e0b8d 17.83MB / 28.23MB 0.9s
#6 sha256:59e22667830bf04fb35e15ed9c70023e9d121719bb87f0db7f3159ee7c7e0b8d 21.44MB / 28.23MB 1.1s
#6 sha256:fcd1f1a27e13f96d1c516e26d1526d4ea805f502af3d212fa0546388cd11dbf1 14.68MB / 275.82MB 1.2s
#6 sha256:59e22667830bf04fb35e15ed9c70023e9d121719bb87f0db7f3159ee7c7e0b8d 28.23MB / 28.23MB 1.3s done
#6 sha256:59e22667830bf04fb35e15ed9c70023e9d121719bb87f0db7f3159ee7c7e0b8d 28.23MB / 28.23MB 1.3s done
#6 extracting sha256:59e22667830bf04fb35e15ed9c70023e9d121719bb87f0db7f3159ee7c7e0b8d
#6 sha256:fcd1f1a27e13f96d1c516e26d1526d4ea805f502af3d212fa0546388cd11dbf1 30.41MB / 275.82MB 2.1s
#6 sha256:fcd1f1a27e13f96d1c516e26d1526d4ea805f502af3d212fa0546388cd11dbf1 45.09MB / 275.82MB 3.0s
#6 sha256:fcd1f1a27e13f96d1c516e26d1526d4ea805f502af3d212fa0546388cd11dbf1 59.77MB / 275.82MB 3.9s
#6 sha256:fcd1f1a27e13f96d1c516e26d1526d4ea805f502af3d212fa0546388cd11dbf1 74.45MB / 275.82MB 4.5s
#6 sha256:fcd1f1a27e13f96d1c516e26d1526d4ea805f502af3d212fa0546388cd11dbf1 91.06MB / 275.82MB 5.3s
#6 ...

#10 [bro-guardian internal] load build context
#10 transferring context: 82.54MB 5.7s done
#10 DONE 5.7s

#6 [bro-maker worker-builder 1/6] FROM docker.io/library/rust:1.88.0-slim-bookworm@sha256:38bc5a86d998772d4aec2348656ed21438d20fcdce2795b56ca434cf21430d89
#6 ...

#11 [bro-guardian python-deps-builder 3/5] RUN apt-get update     && apt-get install -y --no-install-recommends git     && rm -rf /var/lib/apt/lists/*
#11 0.622 Get:1 http://deb.debian.org/debian trixie InRelease [140 kB]
#11 0.622 Get:2 http://deb.debian.org/debian trixie-updates InRelease [47.3 kB]
#11 0.622 Get:3 http://deb.debian.org/debian-security trixie-security InRelease [43.4 kB]
#11 0.698 Get:4 http://deb.debian.org/debian trixie/main amd64 Packages [9671 kB]
#11 0.897 Get:5 http://deb.debian.org/debian trixie-updates/main amd64 Packages [5412 B]
#11 0.916 Get:6 http://deb.debian.org/debian-security trixie-security/main amd64 Packages [177 kB]
#11 2.435 Fetched 10.1 MB in 2s (5372 kB/s)
#11 2.435 Reading package lists...
#11 4.101 Reading package lists...
#11 5.640 Building dependency tree...
#11 ...

#6 [bro-maker worker-builder 1/6] FROM docker.io/library/rust:1.88.0-slim-bookworm@sha256:38bc5a86d998772d4aec2348656ed21438d20fcdce2795b56ca434cf21430d89
#6 sha256:fcd1f1a27e13f96d1c516e26d1526d4ea805f502af3d212fa0546388cd11dbf1 109.05MB / 275.82MB 5.9s
#6 extracting sha256:59e22667830bf04fb35e15ed9c70023e9d121719bb87f0db7f3159ee7c7e0b8d 4.5s done
#6 ...

#12 [bro-maker stage-2 3/9] COPY requirements.txt /app/requirements.txt
#12 DONE 0.2s

#6 [bro-maker worker-builder 1/6] FROM docker.io/library/rust:1.88.0-slim-bookworm@sha256:38bc5a86d998772d4aec2348656ed21438d20fcdce2795b56ca434cf21430d89
#6 sha256:fcd1f1a27e13f96d1c516e26d1526d4ea805f502af3d212fa0546388cd11dbf1 132.12MB / 275.82MB 6.2s
#6 sha256:fcd1f1a27e13f96d1c516e26d1526d4ea805f502af3d212fa0546388cd11dbf1 164.63MB / 275.82MB 6.5s
#6 sha256:fcd1f1a27e13f96d1c516e26d1526d4ea805f502af3d212fa0546388cd11dbf1 191.89MB / 275.82MB 6.8s
#6 sha256:fcd1f1a27e13f96d1c516e26d1526d4ea805f502af3d212fa0546388cd11dbf1 209.72MB / 275.82MB 6.9s
#6 sha256:fcd1f1a27e13f96d1c516e26d1526d4ea805f502af3d212fa0546388cd11dbf1 243.27MB / 275.82MB 7.2s
#6 sha256:fcd1f1a27e13f96d1c516e26d1526d4ea805f502af3d212fa0546388cd11dbf1 263.19MB / 275.82MB 7.4s
#6 sha256:fcd1f1a27e13f96d1c516e26d1526d4ea805f502af3d212fa0546388cd11dbf1 275.82MB / 275.82MB 7.5s done
#6 extracting sha256:fcd1f1a27e13f96d1c516e26d1526d4ea805f502af3d212fa0546388cd11dbf1
#6 ...

#11 [bro-guardian python-deps-builder 3/5] RUN apt-get update     && apt-get install -y --no-install-recommends git     && rm -rf /var/lib/apt/lists/*
#11 5.640 Building dependency tree...
#11 5.992 Reading state information...
#11 6.432 The following additional packages will be installed:
#11 6.435   git-man libbrotli1 libcom-err2 libcurl3t64-gnutls liberror-perl libexpat1
#11 6.437   libgdbm-compat4t64 libgnutls30t64 libgssapi-krb5-2 libidn2-0 libk5crypto3
#11 6.437   libkeyutils1 libkrb5-3 libkrb5support0 libldap2 libnghttp2-14 libnghttp3-9
#11 6.437   libngtcp2-16 libngtcp2-crypto-gnutls8 libp11-kit0 libperl5.40 libpsl5t64
#11 6.438   librtmp1 libsasl2-2 libsasl2-modules-db libssh2-1t64 libtasn1-6
#11 6.441   libunistring5 perl perl-modules-5.40
#11 6.450 Suggested packages:
#11 6.450   gettext-base git-doc git-email git-gui gitk gitweb git-cvs git-mediawiki
#11 6.450   git-svn gnutls-bin krb5-doc krb5-user sensible-utils perl-doc
#11 6.450   libterm-readline-gnu-perl | libterm-readline-perl-perl make
#11 6.450   libtap-harness-archive-perl
#11 6.450 Recommended packages:
#11 6.450   patch less ssh-client krb5-locales libldap-common publicsuffix
#11 6.450   libsasl2-modules
#11 6.721 The following NEW packages will be installed:
#11 6.723   git git-man libbrotli1 libcom-err2 libcurl3t64-gnutls liberror-perl
#11 6.723   libexpat1 libgdbm-compat4t64 libgnutls30t64 libgssapi-krb5-2 libidn2-0
#11 6.723   libk5crypto3 libkeyutils1 libkrb5-3 libkrb5support0 libldap2 libnghttp2-14
#11 6.723   libnghttp3-9 libngtcp2-16 libngtcp2-crypto-gnutls8 libp11-kit0 libperl5.40
#11 6.723   libpsl5t64 librtmp1 libsasl2-2 libsasl2-modules-db libssh2-1t64 libtasn1-6
#11 6.724   libunistring5 perl perl-modules-5.40
#11 6.783 0 upgraded, 31 newly installed, 0 to remove and 14 not upgraded.
#11 6.783 Need to get 23.6 MB of archives.
#11 6.783 After this operation, 119 MB of additional disk space will be used.
#11 6.783 Get:1 http://deb.debian.org/debian trixie/main amd64 libexpat1 amd64 2.7.1-2 [108 kB]
#11 6.789 Get:2 http://deb.debian.org/debian trixie/main amd64 perl-modules-5.40 all 5.40.1-6 [3019 kB]
#11 6.816 Get:3 http://deb.debian.org/debian trixie/main amd64 libgdbm-compat4t64 amd64 1.24-2 [50.3 kB]
#11 6.818 Get:4 http://deb.debian.org/debian trixie/main amd64 libperl5.40 amd64 5.40.1-6 [4341 kB]
#11 6.847 Get:5 http://deb.debian.org/debian trixie/main amd64 perl amd64 5.40.1-6 [267 kB]
#11 6.851 Get:6 http://deb.debian.org/debian trixie/main amd64 libbrotli1 amd64 1.1.0-2+b7 [307 kB]
#11 6.856 Get:7 http://deb.debian.org/debian trixie/main amd64 libunistring5 amd64 1.3-2 [477 kB]
#11 6.859 Get:8 http://deb.debian.org/debian trixie/main amd64 libidn2-0 amd64 2.3.8-2 [109 kB]
#11 6.862 Get:9 http://deb.debian.org/debian trixie/main amd64 libp11-kit0 amd64 0.25.5-3 [425 kB]
#11 6.869 Get:10 http://deb.debian.org/debian trixie/main amd64 libtasn1-6 amd64 4.20.0-2 [49.9 kB]
#11 6.871 Get:11 http://deb.debian.org/debian-security trixie-security/main amd64 libgnutls30t64 amd64 3.8.9-3+deb13u4 [1469 kB]
#11 6.881 Get:12 http://deb.debian.org/debian-security trixie-security/main amd64 libkrb5support0 amd64 1.21.3-5+deb13u1 [33.1 kB]
#11 6.883 Get:13 http://deb.debian.org/debian trixie/main amd64 libcom-err2 amd64 1.47.2-3+b11 [25.0 kB]
#11 6.885 Get:14 http://deb.debian.org/debian-security trixie-security/main amd64 libk5crypto3 amd64 1.21.3-5+deb13u1 [81.2 kB]
#11 6.886 Get:15 http://deb.debian.org/debian trixie/main amd64 libkeyutils1 amd64 1.6.3-6 [9456 B]
#11 6.887 Get:16 http://deb.debian.org/debian-security trixie-security/main amd64 libkrb5-3 amd64 1.21.3-5+deb13u1 [326 kB]
#11 6.891 Get:17 http://deb.debian.org/debian-security trixie-security/main amd64 libgssapi-krb5-2 amd64 1.21.3-5+deb13u1 [138 kB]
#11 6.893 Get:18 http://deb.debian.org/debian trixie/main amd64 libsasl2-modules-db amd64 2.1.28+dfsg1-9 [19.8 kB]
#11 6.893 Get:19 http://deb.debian.org/debian trixie/main amd64 libsasl2-2 amd64 2.1.28+dfsg1-9 [57.5 kB]
#11 6.894 Get:20 http://deb.debian.org/debian trixie/main amd64 libldap2 amd64 2.6.10+dfsg-1 [194 kB]
#11 6.897 Get:21 http://deb.debian.org/debian-security trixie-security/main amd64 libnghttp2-14 amd64 1.64.0-1.1+deb13u1 [76.2 kB]
#11 6.898 Get:22 http://deb.debian.org/debian trixie/main amd64 libnghttp3-9 amd64 1.8.0-1 [67.7 kB]
#11 6.899 Get:23 http://deb.debian.org/debian trixie/main amd64 libngtcp2-16 amd64 1.11.0-1+deb13u1 [132 kB]
#11 6.900 Get:24 http://deb.debian.org/debian trixie/main amd64 libngtcp2-crypto-gnutls8 amd64 1.11.0-1+deb13u1 [29.5 kB]
#11 6.902 Get:25 http://deb.debian.org/debian trixie/main amd64 libpsl5t64 amd64 0.21.2-1.1+b1 [57.2 kB]
#11 6.903 Get:26 http://deb.debian.org/debian trixie/main amd64 librtmp1 amd64 2.4+20151223.gitfa8646d.1-2+b5 [58.8 kB]
#11 6.904 Get:27 http://deb.debian.org/debian trixie/main amd64 libssh2-1t64 amd64 1.11.1-1 [245 kB]
#11 6.907 Get:28 http://deb.debian.org/debian trixie/main amd64 libcurl3t64-gnutls amd64 8.14.1-2+deb13u3 [384 kB]
#11 6.911 Get:29 http://deb.debian.org/debian trixie/main amd64 liberror-perl all 0.17030-1 [26.9 kB]
#11 6.912 Get:30 http://deb.debian.org/debian trixie/main amd64 git-man all 1:2.47.3-0+deb13u1 [2205 kB]
#11 6.927 Get:31 http://deb.debian.org/debian trixie/main amd64 git amd64 1:2.47.3-0+deb13u1 [8862 kB]
#11 7.254 debconf: unable to initialize frontend: Dialog
#11 7.254 debconf: (TERM is not set, so the dialog frontend is not usable.)
#11 7.254 debconf: falling back to frontend: Readline
#11 7.255 debconf: unable to initialize frontend: Readline
#11 7.255 debconf: (Can't locate Term/ReadLine.pm in @INC (you may need to install the Term::ReadLine module) (@INC entries checked: /etc/perl /usr/local/lib/x86_64-linux-gnu/perl/5.40.1 /usr/local/share/perl/5.40.1 /usr/lib/x86_64-linux-gnu/perl5/5.40 /usr/share/perl5 /usr/lib/x86_64-linux-gnu/perl-base /usr/lib/x86_64-linux-gnu/perl/5.40 /usr/share/perl/5.40 /usr/local/lib/site_perl) at /usr/share/perl5/Debconf/FrontEnd/Readline.pm line 8, <STDIN> line 31.)
#11 7.255 debconf: falling back to frontend: Teletype
#11 7.263 debconf: unable to initialize frontend: Teletype
#11 7.265 debconf: (This frontend requires a controlling tty.)
#11 7.265 debconf: falling back to frontend: Noninteractive
#11 8.894 Fetched 23.6 MB in 0s (94.7 MB/s)
#11 8.923 Selecting previously unselected package libexpat1:amd64.
#11 8.924 (Reading database ... 
(Reading database ... 5%
(Reading database ... 10%
(Reading database ... 15%
(Reading database ... 20%
(Reading database ... 25%
(Reading database ... 30%
(Reading database ... 35%
(Reading database ... 40%
(Reading database ... 45%
(Reading database ... 50%
(Reading database ... 55%
(Reading database ... 60%
(Reading database ... 65%
(Reading database ... 70%
(Reading database ... 75%
(Reading database ... 80%
(Reading database ... 85%
(Reading database ... 90%
(Reading database ... 95%
(Reading database ... 100%
(Reading database ... 5645 files and directories currently installed.)
#11 8.956 Preparing to unpack .../00-libexpat1_2.7.1-2_amd64.deb ...
#11 8.960 Unpacking libexpat1:amd64 (2.7.1-2) ...
#11 8.999 Selecting previously unselected package perl-modules-5.40.
#11 9.000 Preparing to unpack .../01-perl-modules-5.40_5.40.1-6_all.deb ...
#11 9.002 Unpacking perl-modules-5.40 (5.40.1-6) ...
#11 9.437 Selecting previously unselected package libgdbm-compat4t64:amd64.
#11 9.438 Preparing to unpack .../02-libgdbm-compat4t64_1.24-2_amd64.deb ...
#11 9.440 Unpacking libgdbm-compat4t64:amd64 (1.24-2) ...
#11 9.467 Selecting previously unselected package libperl5.40:amd64.
#11 9.469 Preparing to unpack .../03-libperl5.40_5.40.1-6_amd64.deb ...
#11 9.471 Unpacking libperl5.40:amd64 (5.40.1-6) ...
#11 9.984 Selecting previously unselected package perl.
#11 9.987 Preparing to unpack .../04-perl_5.40.1-6_amd64.deb ...
#11 9.989 Unpacking perl (5.40.1-6) ...
#11 10.04 Selecting previously unselected package libbrotli1:amd64.
#11 10.05 Preparing to unpack .../05-libbrotli1_1.1.0-2+b7_amd64.deb ...
#11 10.05 Unpacking libbrotli1:amd64 (1.1.0-2+b7) ...
#11 10.10 Selecting previously unselected package libunistring5:amd64.
#11 10.10 Preparing to unpack .../06-libunistring5_1.3-2_amd64.deb ...
#11 10.10 Unpacking libunistring5:amd64 (1.3-2) ...
#11 10.18 Selecting previously unselected package libidn2-0:amd64.
#11 10.18 Preparing to unpack .../07-libidn2-0_2.3.8-2_amd64.deb ...
#11 10.18 Unpacking libidn2-0:amd64 (2.3.8-2) ...
#11 10.23 Selecting previously unselected package libp11-kit0:amd64.
#11 10.23 Preparing to unpack .../08-libp11-kit0_0.25.5-3_amd64.deb ...
#11 10.23 Unpacking libp11-kit0:amd64 (0.25.5-3) ...
#11 10.29 Selecting previously unselected package libtasn1-6:amd64.
#11 10.30 Preparing to unpack .../09-libtasn1-6_4.20.0-2_amd64.deb ...
#11 10.30 Unpacking libtasn1-6:amd64 (4.20.0-2) ...
#11 10.34 Selecting previously unselected package libgnutls30t64:amd64.
#11 10.34 Preparing to unpack .../10-libgnutls30t64_3.8.9-3+deb13u4_amd64.deb ...
#11 10.34 Unpacking libgnutls30t64:amd64 (3.8.9-3+deb13u4) ...
#11 10.44 Selecting previously unselected package libkrb5support0:amd64.
#11 10.45 Preparing to unpack .../11-libkrb5support0_1.21.3-5+deb13u1_amd64.deb ...
#11 10.45 Unpacking libkrb5support0:amd64 (1.21.3-5+deb13u1) ...
#11 10.48 Selecting previously unselected package libcom-err2:amd64.
#11 10.48 Preparing to unpack .../12-libcom-err2_1.47.2-3+b11_amd64.deb ...
#11 10.48 Unpacking libcom-err2:amd64 (1.47.2-3+b11) ...
#11 10.51 Selecting previously unselected package libk5crypto3:amd64.
#11 10.51 Preparing to unpack .../13-libk5crypto3_1.21.3-5+deb13u1_amd64.deb ...
#11 10.51 Unpacking libk5crypto3:amd64 (1.21.3-5+deb13u1) ...
#11 10.54 Selecting previously unselected package libkeyutils1:amd64.
#11 10.54 Preparing to unpack .../14-libkeyutils1_1.6.3-6_amd64.deb ...
#11 10.54 Unpacking libkeyutils1:amd64 (1.6.3-6) ...
#11 10.57 Selecting previously unselected package libkrb5-3:amd64.
#11 10.57 Preparing to unpack .../15-libkrb5-3_1.21.3-5+deb13u1_amd64.deb ...
#11 10.57 Unpacking libkrb5-3:amd64 (1.21.3-5+deb13u1) ...
#11 10.62 Selecting previously unselected package libgssapi-krb5-2:amd64.
#11 10.62 Preparing to unpack .../16-libgssapi-krb5-2_1.21.3-5+deb13u1_amd64.deb ...
#11 10.62 Unpacking libgssapi-krb5-2:amd64 (1.21.3-5+deb13u1) ...
#11 10.66 Selecting previously unselected package libsasl2-modules-db:amd64.
#11 10.66 Preparing to unpack .../17-libsasl2-modules-db_2.1.28+dfsg1-9_amd64.deb ...
#11 10.66 Unpacking libsasl2-modules-db:amd64 (2.1.28+dfsg1-9) ...
#11 10.69 Selecting previously unselected package libsasl2-2:amd64.
#11 10.69 Preparing to unpack .../18-libsasl2-2_2.1.28+dfsg1-9_amd64.deb ...
#11 10.69 Unpacking libsasl2-2:amd64 (2.1.28+dfsg1-9) ...
#11 10.72 Selecting previously unselected package libldap2:amd64.
#11 10.73 Preparing to unpack .../19-libldap2_2.6.10+dfsg-1_amd64.deb ...
#11 10.73 Unpacking libldap2:amd64 (2.6.10+dfsg-1) ...
#11 10.77 Selecting previously unselected package libnghttp2-14:amd64.
#11 10.77 Preparing to unpack .../20-libnghttp2-14_1.64.0-1.1+deb13u1_amd64.deb ...
#11 10.77 Unpacking libnghttp2-14:amd64 (1.64.0-1.1+deb13u1) ...
#11 10.80 Selecting previously unselected package libnghttp3-9:amd64.
#11 10.80 Preparing to unpack .../21-libnghttp3-9_1.8.0-1_amd64.deb ...
#11 10.81 Unpacking libnghttp3-9:amd64 (1.8.0-1) ...
#11 10.83 Selecting previously unselected package libngtcp2-16:amd64.
#11 10.83 Preparing to unpack .../22-libngtcp2-16_1.11.0-1+deb13u1_amd64.deb ...
#11 10.84 Unpacking libngtcp2-16:amd64 (1.11.0-1+deb13u1) ...
#11 10.87 Selecting previously unselected package libngtcp2-crypto-gnutls8:amd64.
#11 10.87 Preparing to unpack .../23-libngtcp2-crypto-gnutls8_1.11.0-1+deb13u1_amd64.deb ...
#11 10.88 Unpacking libngtcp2-crypto-gnutls8:amd64 (1.11.0-1+deb13u1) ...
#11 10.90 Selecting previously unselected package libpsl5t64:amd64.
#11 10.90 Preparing to unpack .../24-libpsl5t64_0.21.2-1.1+b1_amd64.deb ...
#11 10.91 Unpacking libpsl5t64:amd64 (0.21.2-1.1+b1) ...
#11 10.95 Selecting previously unselected package librtmp1:amd64.
#11 10.95 Preparing to unpack .../25-librtmp1_2.4+20151223.gitfa8646d.1-2+b5_amd64.deb ...
#11 10.95 Unpacking librtmp1:amd64 (2.4+20151223.gitfa8646d.1-2+b5) ...
#11 11.00 Selecting previously unselected package libssh2-1t64:amd64.
#11 11.00 Preparing to unpack .../26-libssh2-1t64_1.11.1-1_amd64.deb ...
#11 11.00 Unpacking libssh2-1t64:amd64 (1.11.1-1) ...
#11 11.04 Selecting previously unselected package libcurl3t64-gnutls:amd64.
#11 11.04 Preparing to unpack .../27-libcurl3t64-gnutls_8.14.1-2+deb13u3_amd64.deb ...
#11 11.04 Unpacking libcurl3t64-gnutls:amd64 (8.14.1-2+deb13u3) ...
#11 11.09 Selecting previously unselected package liberror-perl.
#11 11.09 Preparing to unpack .../28-liberror-perl_0.17030-1_all.deb ...
#11 11.09 Unpacking liberror-perl (0.17030-1) ...
#11 11.12 Selecting previously unselected package git-man.
#11 11.12 Preparing to unpack .../29-git-man_1%3a2.47.3-0+deb13u1_all.deb ...
#11 11.12 Unpacking git-man (1:2.47.3-0+deb13u1) ...
#11 11.20 Selecting previously unselected package git.
#11 11.21 Preparing to unpack .../30-git_1%3a2.47.3-0+deb13u1_amd64.deb ...
#11 11.22 Unpacking git (1:2.47.3-0+deb13u1) ...
#11 11.81 Setting up libexpat1:amd64 (2.7.1-2) ...
#11 11.81 Setting up libkeyutils1:amd64 (1.6.3-6) ...
#11 11.82 Setting up libgdbm-compat4t64:amd64 (1.24-2) ...
#11 11.82 Setting up libbrotli1:amd64 (1.1.0-2+b7) ...
#11 11.82 Setting up libnghttp2-14:amd64 (1.64.0-1.1+deb13u1) ...
#11 11.83 Setting up libcom-err2:amd64 (1.47.2-3+b11) ...
#11 11.83 Setting up libkrb5support0:amd64 (1.21.3-5+deb13u1) ...
#11 11.84 Setting up libsasl2-modules-db:amd64 (2.1.28+dfsg1-9) ...
#11 11.84 Setting up libp11-kit0:amd64 (0.25.5-3) ...
#11 11.84 Setting up libunistring5:amd64 (1.3-2) ...
#11 11.85 Setting up libk5crypto3:amd64 (1.21.3-5+deb13u1) ...
#11 11.85 Setting up libsasl2-2:amd64 (2.1.28+dfsg1-9) ...
#11 11.86 Setting up libnghttp3-9:amd64 (1.8.0-1) ...
#11 11.86 Setting up perl-modules-5.40 (5.40.1-6) ...
#11 11.87 Setting up libtasn1-6:amd64 (4.20.0-2) ...
#11 11.87 Setting up git-man (1:2.47.3-0+deb13u1) ...
#11 11.87 Setting up libngtcp2-16:amd64 (1.11.0-1+deb13u1) ...
#11 11.87 Setting up libkrb5-3:amd64 (1.21.3-5+deb13u1) ...
#11 11.88 Setting up libssh2-1t64:amd64 (1.11.1-1) ...
#11 11.88 Setting up libldap2:amd64 (2.6.10+dfsg-1) ...
#11 11.89 Setting up libidn2-0:amd64 (2.3.8-2) ...
#11 11.90 Setting up libperl5.40:amd64 (5.40.1-6) ...
#11 11.90 Setting up perl (5.40.1-6) ...
#11 11.91 Setting up libgssapi-krb5-2:amd64 (1.21.3-5+deb13u1) ...
#11 11.92 Setting up libgnutls30t64:amd64 (3.8.9-3+deb13u4) ...
#11 11.92 Setting up libpsl5t64:amd64 (0.21.2-1.1+b1) ...
#11 11.92 Setting up liberror-perl (0.17030-1) ...
#11 11.93 Setting up librtmp1:amd64 (2.4+20151223.gitfa8646d.1-2+b5) ...
#11 11.93 Setting up libngtcp2-crypto-gnutls8:amd64 (1.11.0-1+deb13u1) ...
#11 11.94 Setting up libcurl3t64-gnutls:amd64 (8.14.1-2+deb13u3) ...
#11 11.94 Setting up git (1:2.47.3-0+deb13u1) ...
#11 11.95 Processing triggers for libc-bin (2.41-12+deb13u1) ...
#11 DONE 12.1s

#13 [bro-guardian python-deps-builder 4/5] COPY requirements.txt /build/python/requirements.txt
#13 DONE 0.1s

#14 [bro-guardian python-deps-builder 5/5] RUN python -m pip wheel --no-cache-dir --wheel-dir /wheelhouse -r /build/python/requirements.txt
#14 2.307 Collecting py-clob-client-v2@ git+https://github.com/Polymarket/py-clob-client-v2.git@394ecc18ab9ab20b48095b0b5c5de0042bdd6bb3 (from -r /build/python/requirements.txt (line 6))
#14 2.308   Cloning https://github.com/Polymarket/py-clob-client-v2.git (to revision 394ecc18ab9ab20b48095b0b5c5de0042bdd6bb3) to /tmp/pip-wheel-pu2sxng4/py-clob-client-v2_4f693164efd542e8a6a5366f6617a696
#14 2.321   Running command git clone --filter=blob:none --quiet https://github.com/Polymarket/py-clob-client-v2.git /tmp/pip-wheel-pu2sxng4/py-clob-client-v2_4f693164efd542e8a6a5366f6617a696
#14 3.634   Running command git rev-parse -q --verify 'sha^394ecc18ab9ab20b48095b0b5c5de0042bdd6bb3'
#14 3.637   Running command git fetch -q https://github.com/Polymarket/py-clob-client-v2.git 394ecc18ab9ab20b48095b0b5c5de0042bdd6bb3
#14 ...

#6 [bro-maker worker-builder 1/6] FROM docker.io/library/rust:1.88.0-slim-bookworm@sha256:38bc5a86d998772d4aec2348656ed21438d20fcdce2795b56ca434cf21430d89
#6 extracting sha256:fcd1f1a27e13f96d1c516e26d1526d4ea805f502af3d212fa0546388cd11dbf1 8.7s done
#6 DONE 16.3s

#15 [bro-guardian worker-builder 2/6] WORKDIR /build/workers
#15 DONE 0.1s

#16 [bro-guardian worker-builder 3/6] COPY workers/Cargo.toml /build/workers/Cargo.toml
#16 DONE 0.0s

#17 [bro-maker worker-builder 4/6] COPY workers/Cargo.lock /build/workers/Cargo.lock
#17 DONE 0.0s

#18 [bro-guardian worker-builder 5/6] COPY workers/src /build/workers/src
#18 DONE 0.0s

#19 [bro-maker worker-builder 6/6] RUN cargo build --release --locked
#19 0.312     Updating crates.io index
#19 0.312     Updating git repository `https://github.com/Polymarket/rs-clob-client-v2.git`
#19 2.486  Downloading crates ...
#19 2.548   Downloaded allocator-api2 v0.2.21
#19 2.563   Downloaded crc v3.4.0
#19 2.579   Downloaded crossbeam-utils v0.8.21
#19 2.595   Downloaded num-conv v0.2.1
#19 2.607   Downloaded openssl-probe v0.2.1
#19 2.619   Downloaded digest v0.9.0
#19 2.638   Downloaded fnv v1.0.7
#19 2.655   Downloaded tower-layer v0.3.3
#19 2.667   Downloaded toml_parser v1.1.2+spec-1.1.0
#19 2.679   Downloaded zerofrom-derive v0.1.7
#19 2.687   Downloaded time-core v0.1.8
#19 2.693   Downloaded tower-service v0.3.3
#19 2.698   Downloaded tinyvec v1.11.0
#19 2.707   Downloaded semver-parser v0.10.3
#19 2.712   Downloaded itoa v1.0.18
#19 2.718   Downloaded futures v0.3.32
#19 2.730   Downloaded zerocopy v0.8.48
#19 2.778   Downloaded uuid v1.23.1
#19 2.784   Downloaded winnow v1.0.3
#19 2.802   Downloaded webpki-roots v1.0.7
#19 2.811   Downloaded futures-channel v0.3.32
#19 2.816   Downloaded funty v2.0.0
#19 2.819   Downloaded zeroize v1.8.2
#19 2.823   Downloaded want v0.3.1
#19 2.826   Downloaded serde v1.0.228
#19 2.834   Downloaded time v0.3.47
#19 2.855   Downloaded konst v0.2.20
#19 2.882   Downloaded syn v2.0.117
#19 2.904   Downloaded serde_with v3.20.0
#19 2.926   Downloaded k256 v0.13.4
#19 2.935   Downloaded syn v1.0.109
#19 2.955   Downloaded serde_json v1.0.149
#19 2.969   Downloaded encoding_rs v0.8.35
#19 3.004   Downloaded utf8_iter v1.0.4
#19 3.007   Downloaded sha3-asm v0.1.7
#19 3.025   Downloaded sha3 v0.11.0
#19 3.033   Downloaded unicode-segmentation v1.13.2
#19 3.039   Downloaded typenum v1.20.0
#19 3.048   Downloaded tracing v0.1.44
#19 3.071   Downloaded unicode-xid v0.2.6
#19 3.076   Downloaded unicode-ident v1.0.24
#19 3.080   Downloaded ucd-trie v0.1.7
#19 3.084   Downloaded rustix v1.1.4
#19 3.127   Downloaded semver v1.0.28
#19 3.132   Downloaded tungstenite v0.29.0
#19 3.139   Downloaded semver v0.11.0
#19 3.143   Downloaded secrecy v0.10.3
#19 3.145   Downloaded konst_macro_rules v0.2.19
#19 3.150   Downloaded keccak-asm v0.1.7
#19 3.152   Downloaded ring v0.17.14
#19 3.227   Downloaded url v2.5.8
#19 3.233   Downloaded keccak v0.2.0
#19 3.237   Downloaded jobserver v0.1.34
#19 3.241   Downloaded fs_extra v1.3.0
#19 3.251   Downloaded form_urlencoded v1.2.2
#19 3.255   Downloaded wait-timeout v0.2.1
#19 3.261   Downloaded version_check v0.9.5
#19 3.267   Downloaded valuable v0.1.1
#19 3.271   Downloaded untrusted v0.9.0
#19 3.274   Downloaded unarray v0.1.4
#19 3.280   Downloaded uint v0.9.5
#19 3.285   Downloaded tokio v1.52.3
#19 3.357   Downloaded try-lock v0.2.5
#19 3.360   Downloaded tracing-core v0.1.36
#19 3.366   Downloaded tracing-attributes v0.1.31
#19 3.371   Downloaded tokio-util v0.7.18
#19 3.385   Downloaded rustls v0.23.40
#19 3.406   Downloaded tempfile v3.27.0
#19 3.412   Downloaded syn-solidity v1.6.0
#19 3.422   Downloaded subtle v2.6.1
#19 3.425   Downloaded toml_edit v0.25.11+spec-1.1.0
#19 3.432   Downloaded regex-syntax v0.8.10
#19 3.443   Downloaded tokio-macros v2.7.0
#19 3.445   Downloaded tinyvec_macros v0.1.1
#19 3.447   Downloaded tinystr v0.8.3
#19 3.451   Downloaded time-macros v0.2.27
#19 3.456   Downloaded threadpool v1.8.1
#19 3.458   Downloaded thiserror-impl v2.0.18
#19 3.461   Downloaded thiserror v2.0.18
#19 3.472   Downloaded tap v1.0.1
#19 3.474   Downloaded synstructure v0.13.2
#19 3.478   Downloaded sync_wrapper v1.0.2
#19 3.482   Downloaded strum_macros v0.27.2
#19 3.486   Downloaded strsim v0.11.1
#19 3.491   Downloaded static_assertions v1.1.0
#19 3.496   Downloaded stable_deref_trait v1.2.1
#19 3.499   Downloaded spki v0.7.3
#19 3.507   Downloaded socket2 v0.6.3
#19 3.512   Downloaded smallvec v1.15.1
#19 3.515   Downloaded slab v0.4.12
#19 3.519   Downloaded siphasher v1.0.3
#19 3.522   Downloaded simdutf8 v0.1.5
#19 3.526   Downloaded signature v2.2.0
#19 3.530   Downloaded shlex v1.3.0
#19 3.534   Downloaded sha2 v0.10.9
#19 3.540   Downloaded sha1 v0.10.6
#19 3.543   Downloaded serdect v0.2.0
#19 3.547   Downloaded serde_with_macros v3.20.0
#19 3.551   Downloaded serde_urlencoded v0.7.1
#19 3.556   Downloaded serde_repr v0.1.20
#19 3.560   Downloaded serde_html_form v0.4.0
#19 3.565   Downloaded serde_derive v1.0.228
#19 3.571   Downloaded serde_core v1.0.228
#19 3.581   Downloaded crypto-bigint v0.5.5
#19 3.593   Downloaded zerovec v0.11.6
#19 3.606   Downloaded strum_macros v0.28.0
#19 3.610   Downloaded strum v0.27.2
#19 3.615   Downloaded tower-http v0.6.10
#19 3.631   Downloaded zerotrie v0.2.4
#19 3.638   Downloaded itertools v0.14.0
#19 3.649   Downloaded itertools v0.13.0
#19 3.660   Downloaded itertools v0.10.5
#19 3.671   Downloaded indexmap v2.14.0
#19 3.677   Downloaded idna v1.1.0
#19 3.682   Downloaded icu_properties_data v2.2.0
#19 3.699   Downloaded hyper-util v0.1.20
#19 3.710   Downloaded hashbrown v0.12.3
#19 3.715   Downloaded rust_decimal v1.42.0
#19 3.725   Downloaded reqwest v0.12.28
#19 3.735   Downloaded quinn-proto v0.11.14
#19 3.745   Downloaded proptest v1.11.0
#19 3.763   Downloaded zerofrom v0.1.8
#19 3.768   Downloaded linux-raw-sys v0.12.1
#19 3.873   Downloaded yoke-derive v0.8.2
#19 3.875   Downloaded yoke v0.8.2
#19 3.880   Downloaded wyz v0.5.1
#19 3.882   Downloaded writeable v0.6.3
#19 3.885   Downloaded tower v0.5.3
#19 3.906   Downloaded secp256k1-sys v0.11.0
#19 3.963   Downloaded icu_normalizer_data v2.2.0
#19 3.968   Downloaded icu_normalizer v2.2.0
#19 3.974   Downloaded icu_locale_core v2.2.0
#19 3.987   Downloaded icu_collections v2.2.0
#19 3.997   Downloaded hyper v1.9.0
#19 4.011   Downloaded http v1.4.0
#19 4.015   Downloaded hashbrown v0.17.1
#19 4.025   Downloaded hashbrown v0.16.1
#19 4.034   Downloaded hashbrown v0.14.5
#19 4.043   Downloaded h2 v0.4.14
#19 4.057   Downloaded futures-util v0.3.32
#19 4.077   Downloaded secp256k1 v0.31.1
#19 4.092   Downloaded secp256k1 v0.30.0
#19 4.100   Downloaded schemars v1.2.1
#19 4.129   Downloaded rustls-webpki v0.103.13
#19 4.133   Downloaded ruint v1.17.2
#19 4.143   Downloaded rkyv v0.7.46
#19 4.157   Downloaded reqwest v0.13.3
#19 4.166   Downloaded rand v0.9.4
#19 4.174   Downloaded rand v0.8.6
#19 4.180   Downloaded pest v2.8.6
#19 4.190   Downloaded num-bigint v0.4.6
#19 4.198   Downloaded mio v1.2.0
#19 4.208   Downloaded libm v0.2.16
#19 4.227   Downloaded toml_datetime v1.1.1+spec-1.1.0
#19 4.231   Downloaded tokio-tungstenite v0.29.0
#19 4.235   Downloaded tokio-stream v0.1.18
#19 4.243   Downloaded tokio-rustls v0.26.4
#19 4.247   Downloaded fastrand v2.4.1
#19 4.250   Downloaded elliptic-curve v0.13.8
#19 4.257   Downloaded either v1.15.0
#19 4.261   Downloaded dyn-clone v1.0.20
#19 4.264   Downloaded digest v0.11.3
#19 4.273   Downloaded crypto-common v0.2.1
#19 4.277   Downloaded secp256k1-sys v0.10.1
#19 4.357   Downloaded zmij v1.0.21
#19 4.361   Downloaded derive_more-impl v2.1.1
#19 4.369   Downloaded derive_more v2.1.1
#19 4.392   Downloaded der v0.7.10
#19 4.404   Downloaded darling_core v0.23.0
#19 4.413   Downloaded darling_core v0.21.3
#19 4.424   Downloaded schemars v0.9.0
#19 4.448   Downloaded ryu v1.0.23
#19 4.454   Downloaded rustls-platform-verifier v0.7.0
#19 4.464   Downloaded rapidhash v4.4.1
#19 4.471   Downloaded rand v0.10.1
#19 4.478   Downloaded quinn v0.11.9
#19 4.485   Downloaded proc-macro2 v1.0.106
#19 4.492   Downloaded prettyplease v0.2.37
#19 4.499   Downloaded pin-project v1.1.13
#19 4.520   Downloaded parking_lot_core v0.9.12
#19 4.526   Downloaded parity-scale-codec v3.7.5
#19 4.538   Downloaded once_cell v1.21.4
#19 4.544   Downloaded num-traits v0.2.19
#19 4.548   Downloaded memchr v2.8.0
#19 4.559   Downloaded libc v0.2.186
#19 4.641   Downloaded c-kzg v2.1.7
#19 4.781   Downloaded bon-macros v3.9.1
#19 4.832   Downloaded foldhash v0.2.0
#19 4.836   Downloaded find-msvc-tools v0.1.9
#19 4.840   Downloaded ff v0.13.1
#19 4.846   Downloaded fastrlp v0.4.0
#19 4.849   Downloaded fastrlp v0.3.1
#19 4.852   Downloaded errno v0.3.14
#19 4.856   Downloaded equivalent v1.0.2
#19 4.859   Downloaded enum-ordinalize-derive v4.3.2
#19 4.863   Downloaded enum-ordinalize v4.3.2
#19 4.865   Downloaded educe v0.6.0
#19 4.879   Downloaded ecdsa v0.16.9
#19 4.883   Downloaded dunce v1.0.5
#19 4.886   Downloaded displaydoc v0.2.5
#19 4.893   Downloaded digest v0.10.7
#19 4.896   Downloaded darling v0.21.3
#19 4.906   Downloaded crypto-common v0.1.7
#19 4.908   Downloaded crunchy v0.2.4
#19 4.912   Downloaded zerovec-derive v0.11.3
#19 4.914   Downloaded zeroize_derive v1.4.3
#19 4.916   Downloaded ipnet v2.12.0
#19 4.920   Downloaded indexmap v1.9.3
#19 4.926   Downloaded ident_case v1.0.1
#19 4.928   Downloaded icu_provider v2.2.0
#19 4.933   Downloaded icu_properties v2.2.0
#19 4.940   Downloaded iana-time-zone v0.1.65
#19 4.948   Downloaded hmac v0.12.1
#19 4.954   Downloaded hex-conservative v0.2.2
#19 4.959   Downloaded getrandom v0.4.2
#19 4.967   Downloaded getrandom v0.3.4
#19 4.973   Downloaded seahash v4.1.0
#19 4.976   Downloaded rusty-fork v0.3.1
#19 4.986   Downloaded rustversion v1.0.22
#19 4.994   Downloaded rustls-pki-types v1.14.1
#19 4.999   Downloaded rustls-native-certs v0.8.3
#19 5.004   Downloaded rustc-hex v2.1.0
#19 5.006   Downloaded rlp v0.5.2
#19 5.010   Downloaded rkyv_derive v0.7.46
#19 5.012   Downloaded rand_core v0.10.1
#19 5.016   Downloaded rand_core v0.6.4
#19 5.018   Downloaded rand_chacha v0.9.0
#19 5.021   Downloaded quote v1.0.45
#19 5.026   Downloaded quinn-udp v0.5.14
#19 5.031   Downloaded proc-macro-error2 v2.0.1
#19 5.035   Downloaded ppv-lite86 v0.2.21
#19 5.038   Downloaded pkcs8 v0.10.2
#19 5.043   Downloaded pin-project-lite v0.2.17
#19 5.055   Downloaded pin-project-internal v1.1.13
#19 5.056   Downloaded phf_macros v0.13.1
#19 5.058   Downloaded phf v0.13.1
#19 5.062   Downloaded paste v1.0.15
#19 5.067   Downloaded parking_lot v0.12.5
#19 5.071   Downloaded parity-scale-codec-derive v3.7.5
#19 5.074   Downloaded aws-lc-sys v0.41.0
#19 5.492   Downloaded nybbles v0.4.8
#19 5.497   Downloaded num_enum_derive v0.7.6
#19 5.500   Downloaded num_enum v0.7.6
#19 5.510   Downloaded num-integer v0.1.46
#19 5.512   Downloaded lru v0.16.4
#19 5.515   Downloaded fixed-hash v0.8.0
#19 5.518   Downloaded instant v0.1.13
#19 5.520   Downloaded impl-trait-for-tuples v0.2.3
#19 5.525   Downloaded impl-codec v0.6.0
#19 5.526   Downloaded idna_adapter v1.2.2
#19 5.529   Downloaded hyper-rustls v0.27.9
#19 5.533   Downloaded hybrid-array v0.4.12
#19 5.536   Downloaded httparse v1.10.1
#19 5.540   Downloaded http-body-util v0.1.3
#19 5.544   Downloaded http-body v1.0.1
#19 5.546   Downloaded hex v0.4.3
#19 5.549   Downloaded heck v0.5.0
#19 5.551   Downloaded group v0.13.0
#19 5.554   Downloaded getrandom v0.2.17
#19 5.561   Downloaded generic-array v0.14.7
#19 5.564   Downloaded futures-utils-wasm v0.1.0
#19 5.566   Downloaded futures-task v0.3.32
#19 5.568   Downloaded futures-sink v0.3.32
#19 5.570   Downloaded futures-macro v0.3.32
#19 5.572   Downloaded futures-io v0.3.32
#19 5.575   Downloaded futures-executor v0.3.32
#19 5.578   Downloaded futures-core v0.3.32
#19 5.580   Downloaded derivative v2.2.0
#19 5.592   Downloaded deranged v0.5.8
#19 5.595   Downloaded data-encoding v2.11.0
#19 5.598   Downloaded darling v0.23.0
#19 5.608   Downloaded sec1 v0.7.3
#19 5.610   Downloaded scopeguard v1.2.0
#19 5.614   Downloaded rustc_version v0.4.1
#19 5.614   Downloaded rustc_version v0.3.3
#19 5.616   Downloaded rustc-hash v2.1.2
#19 5.619   Downloaded ruint-macro v1.2.1
#19 5.622   Downloaded rfc6979 v0.4.0
#19 5.625   Downloaded rend v0.4.2
#19 5.627   Downloaded ref-cast-impl v1.0.25
#19 5.629   Downloaded ref-cast v1.0.25
#19 5.635   Downloaded rand_xorshift v0.4.0
#19 5.638   Downloaded rand_core v0.9.5
#19 5.641   Downloaded radium v0.7.0
#19 5.643   Downloaded quick-error v1.2.3
#19 5.646   Downloaded ptr_meta_derive v0.1.4
#19 5.648   Downloaded ptr_meta v0.1.4
#19 5.650   Downloaded proc-macro-error-attr2 v2.0.0
#19 5.653   Downloaded proc-macro-crate v3.5.0
#19 5.658   Downloaded primitive-types v0.12.2
#19 5.658   Downloaded powerfmt v0.2.0
#19 5.660   Downloaded phf_shared v0.13.1
#19 5.663   Downloaded percent-encoding v2.3.2
#19 5.667   Downloaded dashmap v6.1.0
#19 5.670   Downloaded darling_macro v0.23.0
#19 5.672   Downloaded darling_macro v0.21.3
#19 5.674   Downloaded rust_decimal_macros v1.40.0
#19 5.677   Downloaded rand_chacha v0.3.1
#19 5.681   Downloaded potential_utf v0.1.5
#19 5.682   Downloaded phf_generator v0.13.1
#19 5.685   Downloaded num_cpus v1.17.0
#19 5.689   Downloaded mime v0.3.17
#19 5.691   Downloaded litemap v0.8.2
#19 5.695   Downloaded chrono v0.4.44
#19 5.705   Downloaded blst v0.3.16
#19 5.735   Downloaded bitvec v1.0.1
#19 5.762   Downloaded aws-lc-rs v1.17.0
#19 5.777   Downloaded alloy-provider v1.6.3
#19 5.789   Downloaded alloy-primitives v1.6.0
#19 5.796   Downloaded alloy-eips v1.6.3
#19 5.806   Downloaded macro-string v0.2.0
#19 5.810   Downloaded lru-slab v0.1.2
#19 5.813   Downloaded log v0.4.29
#19 5.818   Downloaded lock_api v0.4.14
#19 5.822   Downloaded const_format v0.2.36
#19 5.832   Downloaded const-hex v1.19.0
#19 5.843   Downloaded chacha20 v0.10.0
#19 5.848   Downloaded cc v1.2.62
#19 5.853   Downloaded bytes v1.11.1
#19 5.863   Downloaded borsh-derive v1.6.1
#19 5.869   Downloaded borsh v1.6.1
#19 5.881   Downloaded bon v3.9.1
#19 5.896   Downloaded bitflags v2.11.1
#19 5.903   Downloaded bitcoin_hashes v0.14.1
#19 5.907   Downloaded base64 v0.22.1
#19 5.912   Downloaded async-trait v0.1.89
#19 5.918   Downloaded ark-ff v0.5.0
#19 5.924   Downloaded ark-ff v0.4.2
#19 5.931   Downloaded ark-ff v0.3.0
#19 5.935   Downloaded anyhow v1.0.102
#19 5.941   Downloaded alloy-trie v0.9.5
#19 5.948   Downloaded alloy-transport-http v1.6.3
#19 5.950   Downloaded alloy-transport v1.6.3
#19 5.953   Downloaded alloy-sol-types v1.6.0
#19 5.958   Downloaded alloy-sol-macro v1.6.0
#19 5.961   Downloaded alloy-signer-local v1.6.3
#19 5.964   Downloaded alloy-rpc-types-eth v1.6.3
#19 5.969   Downloaded alloy-json-rpc v1.6.3
#19 5.972   Downloaded alloy-json-abi v1.6.0
#19 5.975   Downloaded alloy-dyn-abi v1.6.0
#19 5.979   Downloaded alloy-consensus v1.6.3
#19 5.986   Downloaded crc-catalog v2.5.0
#19 5.988   Downloaded cpufeatures v0.3.0
#19 5.991   Downloaded cpufeatures v0.2.17
#19 5.993   Downloaded convert_case v0.10.0
#19 5.995   Downloaded const_format_proc_macros v0.2.34
#19 5.999   Downloaded const-oid v0.9.6
#19 6.003   Downloaded cmake v0.1.58
#19 6.005   Downloaded cfg-if v1.0.4
#19 6.007   Downloaded byteorder v1.5.0
#19 6.009   Downloaded bytecheck v0.6.12
#19 6.011   Downloaded bs58 v0.5.1
#19 6.014   Downloaded block-buffer v0.12.0
#19 6.018   Downloaded block-buffer v0.10.4
#19 6.019   Downloaded bitcoin-io v0.1.4
#19 6.021   Downloaded bit-vec v0.8.0
#19 6.023   Downloaded bit-set v0.8.0
#19 6.026   Downloaded base64ct v1.8.3
#19 6.029   Downloaded base16ct v0.2.0
#19 6.031   Downloaded backoff v0.4.0
#19 6.035   Downloaded autocfg v1.5.0
#19 6.037   Downloaded auto_impl v1.3.0
#19 6.048   Downloaded async-stream-impl v0.3.6
#19 6.049   Downloaded arrayvec v0.7.6
#19 6.053   Downloaded ark-std v0.5.0
#19 6.056   Downloaded ark-std v0.4.0
#19 6.059   Downloaded ark-std v0.3.0
#19 6.061   Downloaded ark-serialize v0.5.0
#19 6.063   Downloaded ark-serialize v0.4.2
#19 6.065   Downloaded ark-serialize v0.3.0
#19 6.067   Downloaded ark-ff-macros v0.5.0
#19 6.069   Downloaded ark-ff-macros v0.4.2
#19 6.072   Downloaded ark-ff-macros v0.3.0
#19 6.073   Downloaded ark-ff-asm v0.4.2
#19 6.076   Downloaded alloy-tx-macros v1.6.3
#19 6.077   Downloaded alloy-sol-type-parser v1.6.0
#19 6.081   Downloaded alloy-sol-macro-input v1.6.0
#19 6.083   Downloaded alloy-signer v1.6.3
#19 6.085   Downloaded alloy-rpc-types-any v1.6.3
#19 6.088   Downloaded alloy-rpc-client v1.6.3
#19 6.091   Downloaded alloy-rlp-derive v0.3.15
#19 6.094   Downloaded alloy-rlp v0.3.15
#19 6.096   Downloaded alloy-network-primitives v1.6.3
#19 6.099   Downloaded alloy-network v1.6.3
#19 6.103   Downloaded alloy-eip7702 v0.6.3
#19 6.105   Downloaded alloy-eip2124 v0.2.0
#19 6.107   Downloaded alloy-core v1.6.0
#19 6.109   Downloaded alloy-consensus-any v1.6.3
#19 6.113   Downloaded alloy-chains v0.2.34
#19 6.118   Downloaded ahash v0.7.8
#19 6.123   Downloaded cfg_aliases v0.2.1
#19 6.125   Downloaded bytecheck_derive v0.6.12
#19 6.127   Downloaded byte-slice-cast v1.2.3
#19 6.130   Downloaded atomic-waker v1.1.2
#19 6.130   Downloaded async-stream v0.3.6
#19 6.134   Downloaded ark-ff-asm v0.5.0
#19 6.135   Downloaded ark-ff-asm v0.3.0
#19 6.137   Downloaded alloy-sol-macro-expander v1.6.0
#19 6.141   Downloaded alloy-serde v1.6.3
#19 6.144   Downloaded alloy-eip7928 v0.3.4
#19 6.146   Downloaded alloy-eip2930 v0.2.3
#19 6.148   Downloaded alloy v1.6.3
#19 6.264    Compiling proc-macro2 v1.0.106
#19 6.265    Compiling quote v1.0.45
#19 6.898    Compiling unicode-ident v1.0.24
#19 7.032    Compiling libc v0.2.186
#19 7.476    Compiling serde_core v1.0.228
#19 9.259    Compiling syn v2.0.117
#19 ...

#14 [bro-guardian python-deps-builder 5/5] RUN python -m pip wheel --no-cache-dir --wheel-dir /wheelhouse -r /build/python/requirements.txt
#14 4.103   Running command git checkout -q 394ecc18ab9ab20b48095b0b5c5de0042bdd6bb3
#14 4.526   Resolved https://github.com/Polymarket/py-clob-client-v2.git to commit 394ecc18ab9ab20b48095b0b5c5de0042bdd6bb3
#14 4.531   Preparing metadata (setup.py): started
#14 5.357   Preparing metadata (setup.py): finished with status 'done'
#14 5.366 Collecting py-builder-relayer-client@ git+https://github.com/Polymarket/py-builder-relayer-client.git@6589f36740a2a98736f5b0499f29d2d234c583bc (from -r /build/python/requirements.txt (line 7))
#14 5.367   Cloning https://github.com/Polymarket/py-builder-relayer-client.git (to revision 6589f36740a2a98736f5b0499f29d2d234c583bc) to /tmp/pip-wheel-pu2sxng4/py-builder-relayer-client_89e7ebffa78445dcaa48805125714dcb
#14 5.370   Running command git clone --filter=blob:none --quiet https://github.com/Polymarket/py-builder-relayer-client.git /tmp/pip-wheel-pu2sxng4/py-builder-relayer-client_89e7ebffa78445dcaa48805125714dcb
#14 6.403   Running command git rev-parse -q --verify 'sha^6589f36740a2a98736f5b0499f29d2d234c583bc'
#14 6.405   Running command git fetch -q https://github.com/Polymarket/py-builder-relayer-client.git 6589f36740a2a98736f5b0499f29d2d234c583bc
#14 6.807   Resolved https://github.com/Polymarket/py-builder-relayer-client.git to commit 6589f36740a2a98736f5b0499f29d2d234c583bc
#14 6.811   Preparing metadata (setup.py): started
#14 7.702   Preparing metadata (setup.py): finished with status 'done'
#14 7.788 Collecting requests==2.32.5 (from -r /build/python/requirements.txt (line 1))
#14 7.811   Downloading requests-2.32.5-py3-none-any.whl.metadata (4.9 kB)
#14 7.876 Collecting PyYAML==6.0.2 (from -r /build/python/requirements.txt (line 2))
#14 7.881   Downloading PyYAML-6.0.2-cp311-cp311-manylinux_2_17_x86_64.manylinux2014_x86_64.whl.metadata (2.1 kB)
#14 7.907 Collecting prometheus-client==0.23.1 (from -r /build/python/requirements.txt (line 3))
#14 7.912   Downloading prometheus_client-0.23.1-py3-none-any.whl.metadata (1.9 kB)
#14 8.004 Collecting web3>=7.0.0 (from -r /build/python/requirements.txt (line 4))
#14 8.008   Downloading web3-7.16.0-py3-none-any.whl.metadata (5.6 kB)
#14 8.177 Collecting charset_normalizer<4,>=2 (from requests==2.32.5->-r /build/python/requirements.txt (line 1))
#14 8.182   Downloading charset_normalizer-3.4.7-cp311-cp311-manylinux2014_x86_64.manylinux_2_17_x86_64.manylinux_2_28_x86_64.whl.metadata (40 kB)
#14 8.185      ━━━━━━━━━━━━━━━━━━━━━━━━━━━━━━━━━━━━━━━━ 40.9/40.9 kB 88.6 MB/s eta 0:00:00
#14 8.219 Collecting idna<4,>=2.5 (from requests==2.32.5->-r /build/python/requirements.txt (line 1))
#14 8.223   Downloading idna-3.16-py3-none-any.whl.metadata (6.4 kB)
#14 8.295 Collecting urllib3<3,>=1.21.1 (from requests==2.32.5->-r /build/python/requirements.txt (line 1))
#14 8.299   Downloading urllib3-2.7.0-py3-none-any.whl.metadata (6.9 kB)
#14 8.339 Collecting certifi>=2017.4.17 (from requests==2.32.5->-r /build/python/requirements.txt (line 1))
#14 8.345   Downloading certifi-2026.5.20-py3-none-any.whl.metadata (2.5 kB)
#14 8.458 Collecting eth-abi>=5.0.1 (from web3>=7.0.0->-r /build/python/requirements.txt (line 4))
#14 8.464   Downloading eth_abi-5.2.0-py3-none-any.whl.metadata (3.8 kB)
#14 8.505 Collecting eth-account>=0.13.6 (from web3>=7.0.0->-r /build/python/requirements.txt (line 4))
#14 8.508   Downloading eth_account-0.13.7-py3-none-any.whl.metadata (3.7 kB)
#14 8.532 Collecting eth-hash>=0.5.1 (from eth-hash[pycryptodome]>=0.5.1->web3>=7.0.0->-r /build/python/requirements.txt (line 4))
#14 8.538   Downloading eth_hash-0.8.0-py3-none-any.whl.metadata (4.1 kB)
#14 8.597 Collecting eth-typing>=5.0.0 (from web3>=7.0.0->-r /build/python/requirements.txt (line 4))
#14 8.602   Downloading eth_typing-6.0.0-py3-none-any.whl.metadata (3.1 kB)
#14 8.641 Collecting eth-utils>=5.0.0 (from web3>=7.0.0->-r /build/python/requirements.txt (line 4))
#14 8.647   Downloading eth_utils-6.0.0-py3-none-any.whl.metadata (5.6 kB)
#14 8.667 Collecting hexbytes>=1.2.0 (from web3>=7.0.0->-r /build/python/requirements.txt (line 4))
#14 8.672   Downloading hexbytes-1.3.1-py3-none-any.whl.metadata (3.3 kB)
#14 9.543 Collecting aiohttp>=3.7.4.post0 (from web3>=7.0.0->-r /build/python/requirements.txt (line 4))
#14 9.548   Downloading aiohttp-3.13.5-cp311-cp311-manylinux2014_x86_64.manylinux_2_17_x86_64.manylinux_2_28_x86_64.whl.metadata (8.1 kB)
#14 9.795 Collecting pydantic>=2.4.0 (from web3>=7.0.0->-r /build/python/requirements.txt (line 4))
#14 9.800   Downloading pydantic-2.13.4-py3-none-any.whl.metadata (109 kB)
#14 9.805      ━━━━━━━━━━━━━━━━━━━━━━━━━━━━━━━━━━━━━ 109.4/109.4 kB 249.6 MB/s eta 0:00:00
#14 9.848 Collecting typing-extensions>=4.0.1 (from web3>=7.0.0->-r /build/python/requirements.txt (line 4))
#14 9.852   Downloading typing_extensions-4.15.0-py3-none-any.whl.metadata (3.3 kB)
#14 9.928 Collecting types-requests>=2.0.0 (from web3>=7.0.0->-r /build/python/requirements.txt (line 4))
#14 9.934   Downloading types_requests-2.33.0.20260518-py3-none-any.whl.metadata (2.2 kB)
#14 10.08 Collecting websockets<16.0.0,>=10.0.0 (from web3>=7.0.0->-r /build/python/requirements.txt (line 4))
#14 10.09   Downloading websockets-15.0.1-cp311-cp311-manylinux_2_5_x86_64.manylinux1_x86_64.manylinux_2_17_x86_64.manylinux2014_x86_64.whl.metadata (6.8 kB)
#14 10.11 Collecting pyunormalize>=15.0.0 (from web3>=7.0.0->-r /build/python/requirements.txt (line 4))
#14 10.11   Downloading pyunormalize-17.0.0-py3-none-any.whl.metadata (5.7 kB)
#14 10.22 Collecting poly_eip712_structs>=0.0.1 (from py-clob-client-v2@ git+https://github.com/Polymarket/py-clob-client-v2.git@394ecc18ab9ab20b48095b0b5c5de0042bdd6bb3->-r /build/python/requirements.txt (line 6))
#14 10.23   Downloading poly_eip712_structs-0.0.1-py3-none-any.whl.metadata (7.2 kB)
#14 10.26 Collecting py-order-utils>=0.3.2 (from py-clob-client-v2@ git+https://github.com/Polymarket/py-clob-client-v2.git@394ecc18ab9ab20b48095b0b5c5de0042bdd6bb3->-r /build/python/requirements.txt (line 6))
#14 10.26   Downloading py_order_utils-0.3.2-py3-none-any.whl.metadata (1.6 kB)
#14 10.29 Collecting httpx>=0.27.0 (from httpx[http2]>=0.27.0->py-clob-client-v2@ git+https://github.com/Polymarket/py-clob-client-v2.git@394ecc18ab9ab20b48095b0b5c5de0042bdd6bb3->-r /build/python/requirements.txt (line 6))
#14 10.30   Downloading httpx-0.28.1-py3-none-any.whl.metadata (7.1 kB)
#14 10.34 Collecting python-dotenv (from py-builder-relayer-client@ git+https://github.com/Polymarket/py-builder-relayer-client.git@6589f36740a2a98736f5b0499f29d2d234c583bc->-r /build/python/requirements.txt (line 7))
#14 10.34   Downloading python_dotenv-1.2.2-py3-none-any.whl.metadata (27 kB)
#14 10.36 Collecting py-builder-signing-sdk (from py-builder-relayer-client@ git+https://github.com/Polymarket/py-builder-relayer-client.git@6589f36740a2a98736f5b0499f29d2d234c583bc->-r /build/python/requirements.txt (line 7))
#14 10.36   Downloading py_builder_signing_sdk-0.0.2-py3-none-any.whl.metadata (1.7 kB)
#14 10.42 Collecting aiohappyeyeballs>=2.5.0 (from aiohttp>=3.7.4.post0->web3>=7.0.0->-r /build/python/requirements.txt (line 4))
#14 10.42   Downloading aiohappyeyeballs-2.6.2-py3-none-any.whl.metadata (5.9 kB)
#14 10.44 Collecting aiosignal>=1.4.0 (from aiohttp>=3.7.4.post0->web3>=7.0.0->-r /build/python/requirements.txt (line 4))
#14 10.44   Downloading aiosignal-1.4.0-py3-none-any.whl.metadata (3.7 kB)
#14 10.48 Collecting attrs>=17.3.0 (from aiohttp>=3.7.4.post0->web3>=7.0.0->-r /build/python/requirements.txt (line 4))
#14 10.48   Downloading attrs-26.1.0-py3-none-any.whl.metadata (8.8 kB)
#14 10.59 Collecting frozenlist>=1.1.1 (from aiohttp>=3.7.4.post0->web3>=7.0.0->-r /build/python/requirements.txt (line 4))
#14 10.59   Downloading frozenlist-1.8.0-cp311-cp311-manylinux1_x86_64.manylinux_2_28_x86_64.manylinux_2_5_x86_64.whl.metadata (20 kB)
#14 11.01 Collecting multidict<7.0,>=4.5 (from aiohttp>=3.7.4.post0->web3>=7.0.0->-r /build/python/requirements.txt (line 4))
#14 11.02   Downloading multidict-6.7.1-cp311-cp311-manylinux2014_x86_64.manylinux_2_17_x86_64.manylinux_2_28_x86_64.whl.metadata (5.3 kB)
#14 11.19 Collecting propcache>=0.2.0 (from aiohttp>=3.7.4.post0->web3>=7.0.0->-r /build/python/requirements.txt (line 4))
#14 11.20   Downloading propcache-0.5.2-cp311-cp311-manylinux2014_x86_64.manylinux_2_17_x86_64.manylinux_2_28_x86_64.whl.metadata (16 kB)
#14 11.68 Collecting yarl<2.0,>=1.17.0 (from aiohttp>=3.7.4.post0->web3>=7.0.0->-r /build/python/requirements.txt (line 4))
#14 11.68   Downloading yarl-1.24.2-cp311-cp311-manylinux2014_x86_64.manylinux_2_17_x86_64.manylinux_2_28_x86_64.whl.metadata (94 kB)
#14 11.69      ━━━━━━━━━━━━━━━━━━━━━━━━━━━━━━━━━━━━━━━ 94.2/94.2 kB 223.8 MB/s eta 0:00:00
#14 11.78 Collecting parsimonious<0.11.0,>=0.10.0 (from eth-abi>=5.0.1->web3>=7.0.0->-r /build/python/requirements.txt (line 4))
#14 11.79   Downloading parsimonious-0.10.0-py3-none-any.whl.metadata (25 kB)
#14 12.30 Collecting bitarray>=2.4.0 (from eth-account>=0.13.6->web3>=7.0.0->-r /build/python/requirements.txt (line 4))
#14 12.30   Downloading bitarray-3.8.1-cp311-cp311-manylinux2014_x86_64.manylinux_2_17_x86_64.manylinux_2_28_x86_64.whl.metadata (34 kB)
#14 12.32 Collecting eth-abi>=5.0.1 (from web3>=7.0.0->-r /build/python/requirements.txt (line 4))
#14 12.33   Downloading eth_abi-6.0.0b1-py3-none-any.whl.metadata (3.8 kB)
#14 12.36 Collecting eth-keyfile<0.9.0,>=0.7.0 (from eth-account>=0.13.6->web3>=7.0.0->-r /build/python/requirements.txt (line 4))
#14 12.36   Downloading eth_keyfile-0.8.1-py3-none-any.whl.metadata (8.5 kB)
#14 12.39 Collecting eth-keys>=0.4.0 (from eth-account>=0.13.6->web3>=7.0.0->-r /build/python/requirements.txt (line 4))
#14 12.40   Downloading eth_keys-0.7.0-py3-none-any.whl.metadata (13 kB)
#14 12.42 Collecting eth-rlp>=2.1.0 (from eth-account>=0.13.6->web3>=7.0.0->-r /build/python/requirements.txt (line 4))
#14 12.43   Downloading eth_rlp-2.2.0-py3-none-any.whl.metadata (3.3 kB)
#14 12.46 Collecting rlp>=1.0.0 (from eth-account>=0.13.6->web3>=7.0.0->-r /build/python/requirements.txt (line 4))
#14 12.47   Downloading rlp-4.1.0-py3-none-any.whl.metadata (3.2 kB)
#14 12.60 Collecting ckzg>=2.0.0 (from eth-account>=0.13.6->web3>=7.0.0->-r /build/python/requirements.txt (line 4))
#14 12.60   Downloading ckzg-2.1.7-cp311-cp311-manylinux2014_x86_64.manylinux_2_17_x86_64.manylinux_2_28_x86_64.whl.metadata (887 bytes)
#14 13.00 Collecting pycryptodome<4,>=3.6.6 (from eth-hash[pycryptodome]>=0.5.1->web3>=7.0.0->-r /build/python/requirements.txt (line 4))
#14 13.00   Downloading pycryptodome-3.23.0-cp37-abi3-manylinux_2_17_x86_64.manylinux2014_x86_64.whl.metadata (3.4 kB)
#14 13.25 Collecting cytoolz>=0.10.1 (from eth-utils>=5.0.0->web3>=7.0.0->-r /build/python/requirements.txt (line 4))
#14 13.26   Downloading cytoolz-1.1.0-cp311-cp311-manylinux2014_x86_64.manylinux_2_17_x86_64.manylinux_2_28_x86_64.whl.metadata (5.2 kB)
#14 13.44 Collecting anyio (from httpx>=0.27.0->httpx[http2]>=0.27.0->py-clob-client-v2@ git+https://github.com/Polymarket/py-clob-client-v2.git@394ecc18ab9ab20b48095b0b5c5de0042bdd6bb3->-r /build/python/requirements.txt (line 6))
#14 13.45   Downloading anyio-4.13.0-py3-none-any.whl.metadata (4.5 kB)
#14 13.52 Collecting httpcore==1.* (from httpx>=0.27.0->httpx[http2]>=0.27.0->py-clob-client-v2@ git+https://github.com/Polymarket/py-clob-client-v2.git@394ecc18ab9ab20b48095b0b5c5de0042bdd6bb3->-r /build/python/requirements.txt (line 6))
#14 13.52   Downloading httpcore-1.0.9-py3-none-any.whl.metadata (21 kB)
#14 13.56 Collecting h11>=0.16 (from httpcore==1.*->httpx>=0.27.0->httpx[http2]>=0.27.0->py-clob-client-v2@ git+https://github.com/Polymarket/py-clob-client-v2.git@394ecc18ab9ab20b48095b0b5c5de0042bdd6bb3->-r /build/python/requirements.txt (line 6))
#14 13.57   Downloading h11-0.16.0-py3-none-any.whl.metadata (8.3 kB)
#14 13.62 Collecting h2<5,>=3 (from httpx[http2]>=0.27.0->py-clob-client-v2@ git+https://github.com/Polymarket/py-clob-client-v2.git@394ecc18ab9ab20b48095b0b5c5de0042bdd6bb3->-r /build/python/requirements.txt (line 6))
#14 13.62   Downloading h2-4.3.0-py3-none-any.whl.metadata (5.1 kB)
#14 13.73 Collecting pytest (from poly_eip712_structs>=0.0.1->py-clob-client-v2@ git+https://github.com/Polymarket/py-clob-client-v2.git@394ecc18ab9ab20b48095b0b5c5de0042bdd6bb3->-r /build/python/requirements.txt (line 6))
#14 13.73   Downloading pytest-9.0.3-py3-none-any.whl.metadata (7.6 kB)
#14 13.79 Collecting annotated-types>=0.6.0 (from pydantic>=2.4.0->web3>=7.0.0->-r /build/python/requirements.txt (line 4))
#14 13.79   Downloading annotated_types-0.7.0-py3-none-any.whl.metadata (15 kB)
#14 15.08 Collecting pydantic-core==2.46.4 (from pydantic>=2.4.0->web3>=7.0.0->-r /build/python/requirements.txt (line 4))
#14 15.09   Downloading pydantic_core-2.46.4-cp311-cp311-manylinux_2_17_x86_64.manylinux2014_x86_64.whl.metadata (6.6 kB)
#14 15.12 Collecting typing-inspection>=0.4.2 (from pydantic>=2.4.0->web3>=7.0.0->-r /build/python/requirements.txt (line 4))
#14 15.12   Downloading typing_inspection-0.4.2-py3-none-any.whl.metadata (2.6 kB)
#14 15.27 Collecting toolz>=0.8.0 (from cytoolz>=0.10.1->eth-utils>=5.0.0->web3>=7.0.0->-r /build/python/requirements.txt (line 4))
#14 15.28   Downloading toolz-1.1.0-py3-none-any.whl.metadata (5.1 kB)
#14 15.41 Collecting hyperframe<7,>=6.1 (from h2<5,>=3->httpx[http2]>=0.27.0->py-clob-client-v2@ git+https://github.com/Polymarket/py-clob-client-v2.git@394ecc18ab9ab20b48095b0b5c5de0042bdd6bb3->-r /build/python/requirements.txt (line 6))
#14 15.41   Downloading hyperframe-6.1.0-py3-none-any.whl.metadata (4.3 kB)
#14 15.44 Collecting hpack<5,>=4.1 (from h2<5,>=3->httpx[http2]>=0.27.0->py-clob-client-v2@ git+https://github.com/Polymarket/py-clob-client-v2.git@394ecc18ab9ab20b48095b0b5c5de0042bdd6bb3->-r /build/python/requirements.txt (line 6))
#14 15.44   Downloading hpack-4.1.0-py3-none-any.whl.metadata (4.6 kB)
#14 16.08 Collecting regex>=2022.3.15 (from parsimonious<0.11.0,>=0.10.0->eth-abi>=5.0.1->web3>=7.0.0->-r /build/python/requirements.txt (line 4))
#14 16.09   Downloading regex-2026.5.9-cp311-cp311-manylinux2014_x86_64.manylinux_2_17_x86_64.manylinux_2_28_x86_64.whl.metadata (40 kB)
#14 16.10      ━━━━━━━━━━━━━━━━━━━━━━━━━━━━━━━━━━━━━━━ 40.4/40.4 kB 186.9 MB/s eta 0:00:00
#14 16.34 Collecting iniconfig>=1.0.1 (from pytest->poly_eip712_structs>=0.0.1->py-clob-client-v2@ git+https://github.com/Polymarket/py-clob-client-v2.git@394ecc18ab9ab20b48095b0b5c5de0042bdd6bb3->-r /build/python/requirements.txt (line 6))
#14 16.35   Downloading iniconfig-2.3.0-py3-none-any.whl.metadata (2.5 kB)
#14 16.39 Collecting packaging>=22 (from pytest->poly_eip712_structs>=0.0.1->py-clob-client-v2@ git+https://github.com/Polymarket/py-clob-client-v2.git@394ecc18ab9ab20b48095b0b5c5de0042bdd6bb3->-r /build/python/requirements.txt (line 6))
#14 16.39   Downloading packaging-26.2-py3-none-any.whl.metadata (3.5 kB)
#14 16.43 Collecting pluggy<2,>=1.5 (from pytest->poly_eip712_structs>=0.0.1->py-clob-client-v2@ git+https://github.com/Polymarket/py-clob-client-v2.git@394ecc18ab9ab20b48095b0b5c5de0042bdd6bb3->-r /build/python/requirements.txt (line 6))
#14 16.44   Downloading pluggy-1.6.0-py3-none-any.whl.metadata (4.8 kB)
#14 16.50 Collecting pygments>=2.7.2 (from pytest->poly_eip712_structs>=0.0.1->py-clob-client-v2@ git+https://github.com/Polymarket/py-clob-client-v2.git@394ecc18ab9ab20b48095b0b5c5de0042bdd6bb3->-r /build/python/requirements.txt (line 6))
#14 16.51   Downloading pygments-2.20.0-py3-none-any.whl.metadata (2.5 kB)
#14 16.73 Downloading requests-2.32.5-py3-none-any.whl (64 kB)
#14 16.74    ━━━━━━━━━━━━━━━━━━━━━━━━━━━━━━━━━━━━━━━━ 64.7/64.7 kB 55.8 MB/s eta 0:00:00
#14 16.75 Downloading PyYAML-6.0.2-cp311-cp311-manylinux_2_17_x86_64.manylinux2014_x86_64.whl (762 kB)
#14 16.76    ━━━━━━━━━━━━━━━━━━━━━━━━━━━━━━━━━━━━━━━ 763.0/763.0 kB 157.5 MB/s eta 0:00:00
#14 16.77 Downloading prometheus_client-0.23.1-py3-none-any.whl (61 kB)
#14 16.77    ━━━━━━━━━━━━━━━━━━━━━━━━━━━━━━━━━━━━━━━━ 61.1/61.1 kB 221.4 MB/s eta 0:00:00
#14 16.78 Downloading web3-7.16.0-py3-none-any.whl (1.4 MB)
#14 16.80    ━━━━━━━━━━━━━━━━━━━━━━━━━━━━━━━━━━━━━━━━ 1.4/1.4 MB 135.5 MB/s eta 0:00:00
#14 16.81 Downloading aiohttp-3.13.5-cp311-cp311-manylinux2014_x86_64.manylinux_2_17_x86_64.manylinux_2_28_x86_64.whl (1.8 MB)
#14 16.83    ━━━━━━━━━━━━━━━━━━━━━━━━━━━━━━━━━━━━━━━━ 1.8/1.8 MB 123.1 MB/s eta 0:00:00
#14 16.84 Downloading certifi-2026.5.20-py3-none-any.whl (134 kB)
#14 16.85    ━━━━━━━━━━━━━━━━━━━━━━━━━━━━━━━━━━━━━━━━ 134.1/134.1 kB 55.5 MB/s eta 0:00:00
#14 16.85 Downloading charset_normalizer-3.4.7-cp311-cp311-manylinux2014_x86_64.manylinux_2_17_x86_64.manylinux_2_28_x86_64.whl (214 kB)
#14 16.86    ━━━━━━━━━━━━━━━━━━━━━━━━━━━━━━━━━━━━━━━━ 214.1/214.1 kB 70.7 MB/s eta 0:00:00
#14 16.87 Downloading eth_abi-5.2.0-py3-none-any.whl (28 kB)
#14 16.87 Downloading eth_account-0.13.7-py3-none-any.whl (587 kB)
#14 16.88    ━━━━━━━━━━━━━━━━━━━━━━━━━━━━━━━━━━━━━━━ 587.5/587.5 kB 139.0 MB/s eta 0:00:00
#14 16.89 Downloading eth_hash-0.8.0-py3-none-any.whl (8.0 kB)
#14 16.90 Downloading eth_typing-6.0.0-py3-none-any.whl (19 kB)
#14 16.91 Downloading eth_utils-6.0.0-py3-none-any.whl (102 kB)
#14 16.91    ━━━━━━━━━━━━━━━━━━━━━━━━━━━━━━━━━━━━━━━ 102.5/102.5 kB 217.1 MB/s eta 0:00:00
#14 16.92 Downloading hexbytes-1.3.1-py3-none-any.whl (5.1 kB)
#14 16.92 Downloading httpx-0.28.1-py3-none-any.whl (73 kB)
#14 16.93    ━━━━━━━━━━━━━━━━━━━━━━━━━━━━━━━━━━━━━━━━ 73.5/73.5 kB 237.7 MB/s eta 0:00:00
#14 16.93 Downloading httpcore-1.0.9-py3-none-any.whl (78 kB)
#14 16.94    ━━━━━━━━━━━━━━━━━━━━━━━━━━━━━━━━━━━━━━━━ 78.8/78.8 kB 235.5 MB/s eta 0:00:00
#14 16.95 Downloading idna-3.16-py3-none-any.whl (74 kB)
#14 16.95    ━━━━━━━━━━━━━━━━━━━━━━━━━━━━━━━━━━━━━━━━ 74.2/74.2 kB 63.0 MB/s eta 0:00:00
#14 16.96 Downloading poly_eip712_structs-0.0.1-py3-none-any.whl (12 kB)
#14 16.98 Downloading py_order_utils-0.3.2-py3-none-any.whl (12 kB)
#14 16.99 Downloading pydantic-2.13.4-py3-none-any.whl (472 kB)
#14 17.00    ━━━━━━━━━━━━━━━━━━━━━━━━━━━━━━━━━━━━━━━ 472.3/472.3 kB 171.8 MB/s eta 0:00:00
#14 17.00 Downloading pydantic_core-2.46.4-cp311-cp311-manylinux_2_17_x86_64.manylinux2014_x86_64.whl (2.1 MB)
#14 17.03    ━━━━━━━━━━━━━━━━━━━━━━━━━━━━━━━━━━━━━━━━ 2.1/2.1 MB 100.5 MB/s eta 0:00:00
#14 17.04 Downloading pyunormalize-17.0.0-py3-none-any.whl (51 kB)
#14 17.04    ━━━━━━━━━━━━━━━━━━━━━━━━━━━━━━━━━━━━━━━━ 51.4/51.4 kB 203.7 MB/s eta 0:00:00
#14 17.05 Downloading types_requests-2.33.0.20260518-py3-none-any.whl (21 kB)
#14 17.05 Downloading typing_extensions-4.15.0-py3-none-any.whl (44 kB)
#14 17.06    ━━━━━━━━━━━━━━━━━━━━━━━━━━━━━━━━━━━━━━━━ 44.6/44.6 kB 209.5 MB/s eta 0:00:00
#14 17.07 Downloading urllib3-2.7.0-py3-none-any.whl (131 kB)
#14 17.08    ━━━━━━━━━━━━━━━━━━━━━━━━━━━━━━━━━━━━━━━ 131.1/131.1 kB 265.9 MB/s eta 0:00:00
#14 17.08 Downloading websockets-15.0.1-cp311-cp311-manylinux_2_5_x86_64.manylinux1_x86_64.manylinux_2_17_x86_64.manylinux2014_x86_64.whl (182 kB)
#14 17.10    ━━━━━━━━━━━━━━━━━━━━━━━━━━━━━━━━━━━━━━━ 182.3/182.3 kB 240.3 MB/s eta 0:00:00
#14 17.10 Downloading py_builder_signing_sdk-0.0.2-py3-none-any.whl (9.1 kB)
#14 17.11 Downloading python_dotenv-1.2.2-py3-none-any.whl (22 kB)
#14 17.12 Downloading aiohappyeyeballs-2.6.2-py3-none-any.whl (15 kB)
#14 17.12 Downloading aiosignal-1.4.0-py3-none-any.whl (7.5 kB)
#14 17.13 Downloading annotated_types-0.7.0-py3-none-any.whl (13 kB)
#14 17.14 Downloading attrs-26.1.0-py3-none-any.whl (67 kB)
#14 17.14    ━━━━━━━━━━━━━━━━━━━━━━━━━━━━━━━━━━━━━━━━ 67.5/67.5 kB 165.0 MB/s eta 0:00:00
#14 17.15 Downloading bitarray-3.8.1-cp311-cp311-manylinux2014_x86_64.manylinux_2_17_x86_64.manylinux_2_28_x86_64.whl (339 kB)
#14 17.16    ━━━━━━━━━━━━━━━━━━━━━━━━━━━━━━━━━━━━━━━ 339.2/339.2 kB 278.1 MB/s eta 0:00:00
#14 17.17 Downloading ckzg-2.1.7-cp311-cp311-manylinux2014_x86_64.manylinux_2_17_x86_64.manylinux_2_28_x86_64.whl (175 kB)
#14 17.18    ━━━━━━━━━━━━━━━━━━━━━━━━━━━━━━━━━━━━━━━ 175.7/175.7 kB 223.9 MB/s eta 0:00:00
#14 17.19 Downloading cytoolz-1.1.0-cp311-cp311-manylinux2014_x86_64.manylinux_2_17_x86_64.manylinux_2_28_x86_64.whl (2.8 MB)
#14 17.22    ━━━━━━━━━━━━━━━━━━━━━━━━━━━━━━━━━━━━━━━━ 2.8/2.8 MB 130.1 MB/s eta 0:00:00
#14 17.23 Downloading eth_keyfile-0.8.1-py3-none-any.whl (7.5 kB)
#14 17.23 Downloading eth_keys-0.7.0-py3-none-any.whl (20 kB)
#14 17.24 Downloading eth_rlp-2.2.0-py3-none-any.whl (4.4 kB)
#14 17.25 Downloading frozenlist-1.8.0-cp311-cp311-manylinux1_x86_64.manylinux_2_28_x86_64.manylinux_2_5_x86_64.whl (231 kB)
#14 17.25    ━━━━━━━━━━━━━━━━━━━━━━━━━━━━━━━━━━━━━━━ 231.1/231.1 kB 252.5 MB/s eta 0:00:00
#14 17.26 Downloading h2-4.3.0-py3-none-any.whl (61 kB)
#14 17.27    ━━━━━━━━━━━━━━━━━━━━━━━━━━━━━━━━━━━━━━━━ 61.8/61.8 kB 21.5 MB/s eta 0:00:00
#14 17.28 Downloading multidict-6.7.1-cp311-cp311-manylinux2014_x86_64.manylinux_2_17_x86_64.manylinux_2_28_x86_64.whl (246 kB)
#14 17.28    ━━━━━━━━━━━━━━━━━━━━━━━━━━━━━━━━━━━━━━━ 246.3/246.3 kB 250.2 MB/s eta 0:00:00
#14 17.29 Downloading parsimonious-0.10.0-py3-none-any.whl (48 kB)
#14 17.30    ━━━━━━━━━━━━━━━━━━━━━━━━━━━━━━━━━━━━━━━━ 48.4/48.4 kB 194.4 MB/s eta 0:00:00
#14 17.31 Downloading propcache-0.5.2-cp311-cp311-manylinux2014_x86_64.manylinux_2_17_x86_64.manylinux_2_28_x86_64.whl (58 kB)
#14 17.32    ━━━━━━━━━━━━━━━━━━━━━━━━━━━━━━━━━━━━━━━━ 58.9/58.9 kB 235.3 MB/s eta 0:00:00
#14 17.33 Downloading pycryptodome-3.23.0-cp37-abi3-manylinux_2_17_x86_64.manylinux2014_x86_64.whl (2.3 MB)
#14 17.35    ━━━━━━━━━━━━━━━━━━━━━━━━━━━━━━━━━━━━━━━━ 2.3/2.3 MB 117.9 MB/s eta 0:00:00
#14 17.36 Downloading rlp-4.1.0-py3-none-any.whl (19 kB)
#14 17.37 Downloading typing_inspection-0.4.2-py3-none-any.whl (14 kB)
#14 17.38 Downloading yarl-1.24.2-cp311-cp311-manylinux2014_x86_64.manylinux_2_17_x86_64.manylinux_2_28_x86_64.whl (106 kB)
#14 17.39    ━━━━━━━━━━━━━━━━━━━━━━━━━━━━━━━━━━━━━━━ 106.4/106.4 kB 251.2 MB/s eta 0:00:00
#14 17.40 Downloading anyio-4.13.0-py3-none-any.whl (114 kB)
#14 17.41    ━━━━━━━━━━━━━━━━━━━━━━━━━━━━━━━━━━━━━━━ 114.4/114.4 kB 243.9 MB/s eta 0:00:00
#14 17.41 Downloading pytest-9.0.3-py3-none-any.whl (375 kB)
#14 17.43    ━━━━━━━━━━━━━━━━━━━━━━━━━━━━━━━━━━━━━━━ 375.2/375.2 kB 184.8 MB/s eta 0:00:00
#14 17.43 Downloading h11-0.16.0-py3-none-any.whl (37 kB)
#14 17.44 Downloading hpack-4.1.0-py3-none-any.whl (34 kB)
#14 17.44 Downloading hyperframe-6.1.0-py3-none-any.whl (13 kB)
#14 17.45 Downloading iniconfig-2.3.0-py3-none-any.whl (7.5 kB)
#14 17.45 Downloading packaging-26.2-py3-none-any.whl (100 kB)
#14 17.46    ━━━━━━━━━━━━━━━━━━━━━━━━━━━━━━━━━━━━━━━ 100.2/100.2 kB 261.1 MB/s eta 0:00:00
#14 17.46 Downloading pluggy-1.6.0-py3-none-any.whl (20 kB)
#14 17.47 Downloading pygments-2.20.0-py3-none-any.whl (1.2 MB)
#14 17.48    ━━━━━━━━━━━━━━━━━━━━━━━━━━━━━━━━━━━━━━━━ 1.2/1.2 MB 105.8 MB/s eta 0:00:00
#14 17.49 Downloading regex-2026.5.9-cp311-cp311-manylinux2014_x86_64.manylinux_2_17_x86_64.manylinux_2_28_x86_64.whl (799 kB)
#14 17.51    ━━━━━━━━━━━━━━━━━━━━━━━━━━━━━━━━━━━━━━━ 799.8/799.8 kB 148.8 MB/s eta 0:00:00
#14 17.52 Downloading toolz-1.1.0-py3-none-any.whl (58 kB)
#14 17.52    ━━━━━━━━━━━━━━━━━━━━━━━━━━━━━━━━━━━━━━━━ 58.1/58.1 kB 194.4 MB/s eta 0:00:00
#14 17.71 Saved /wheelhouse/requests-2.32.5-py3-none-any.whl
#14 17.71 Saved /wheelhouse/PyYAML-6.0.2-cp311-cp311-manylinux_2_17_x86_64.manylinux2014_x86_64.whl
#14 17.72 Saved /wheelhouse/prometheus_client-0.23.1-py3-none-any.whl
#14 17.72 Saved /wheelhouse/web3-7.16.0-py3-none-any.whl
#14 17.72 Saved /wheelhouse/aiohttp-3.13.5-cp311-cp311-manylinux2014_x86_64.manylinux_2_17_x86_64.manylinux_2_28_x86_64.whl
#14 17.73 Saved /wheelhouse/certifi-2026.5.20-py3-none-any.whl
#14 17.73 Saved /wheelhouse/charset_normalizer-3.4.7-cp311-cp311-manylinux2014_x86_64.manylinux_2_17_x86_64.manylinux_2_28_x86_64.whl
#14 17.73 Saved /wheelhouse/eth_abi-5.2.0-py3-none-any.whl
#14 17.73 Saved /wheelhouse/eth_account-0.13.7-py3-none-any.whl
#14 17.73 Saved /wheelhouse/eth_hash-0.8.0-py3-none-any.whl
#14 17.73 Saved /wheelhouse/eth_typing-6.0.0-py3-none-any.whl
#14 17.73 Saved /wheelhouse/eth_utils-6.0.0-py3-none-any.whl
#14 17.74 Saved /wheelhouse/hexbytes-1.3.1-py3-none-any.whl
#14 17.74 Saved /wheelhouse/httpx-0.28.1-py3-none-any.whl
#14 17.74 Saved /wheelhouse/httpcore-1.0.9-py3-none-any.whl
#14 17.74 Saved /wheelhouse/idna-3.16-py3-none-any.whl
#14 17.74 Saved /wheelhouse/poly_eip712_structs-0.0.1-py3-none-any.whl
#14 17.74 Saved /wheelhouse/py_order_utils-0.3.2-py3-none-any.whl
#14 17.74 Saved /wheelhouse/pydantic-2.13.4-py3-none-any.whl
#14 17.75 Saved /wheelhouse/pydantic_core-2.46.4-cp311-cp311-manylinux_2_17_x86_64.manylinux2014_x86_64.whl
#14 17.75 Saved /wheelhouse/pyunormalize-17.0.0-py3-none-any.whl
#14 17.75 Saved /wheelhouse/types_requests-2.33.0.20260518-py3-none-any.whl
#14 17.75 Saved /wheelhouse/typing_extensions-4.15.0-py3-none-any.whl
#14 17.75 Saved /wheelhouse/urllib3-2.7.0-py3-none-any.whl
#14 17.75 Saved /wheelhouse/websockets-15.0.1-cp311-cp311-manylinux_2_5_x86_64.manylinux1_x86_64.manylinux_2_17_x86_64.manylinux2014_x86_64.whl
#14 17.76 Saved /wheelhouse/py_builder_signing_sdk-0.0.2-py3-none-any.whl
#14 17.76 Saved /wheelhouse/python_dotenv-1.2.2-py3-none-any.whl
#14 17.76 Saved /wheelhouse/aiohappyeyeballs-2.6.2-py3-none-any.whl
#14 17.76 Saved /wheelhouse/aiosignal-1.4.0-py3-none-any.whl
#14 17.76 Saved /wheelhouse/annotated_types-0.7.0-py3-none-any.whl
#14 17.76 Saved /wheelhouse/attrs-26.1.0-py3-none-any.whl
#14 17.76 Saved /wheelhouse/bitarray-3.8.1-cp311-cp311-manylinux2014_x86_64.manylinux_2_17_x86_64.manylinux_2_28_x86_64.whl
#14 17.77 Saved /wheelhouse/ckzg-2.1.7-cp311-cp311-manylinux2014_x86_64.manylinux_2_17_x86_64.manylinux_2_28_x86_64.whl
#14 17.77 Saved /wheelhouse/cytoolz-1.1.0-cp311-cp311-manylinux2014_x86_64.manylinux_2_17_x86_64.manylinux_2_28_x86_64.whl
#14 17.77 Saved /wheelhouse/eth_keyfile-0.8.1-py3-none-any.whl
#14 17.78 Saved /wheelhouse/eth_keys-0.7.0-py3-none-any.whl
#14 17.78 Saved /wheelhouse/eth_rlp-2.2.0-py3-none-any.whl
#14 17.78 Saved /wheelhouse/frozenlist-1.8.0-cp311-cp311-manylinux1_x86_64.manylinux_2_28_x86_64.manylinux_2_5_x86_64.whl
#14 17.78 Saved /wheelhouse/h2-4.3.0-py3-none-any.whl
#14 17.78 Saved /wheelhouse/multidict-6.7.1-cp311-cp311-manylinux2014_x86_64.manylinux_2_17_x86_64.manylinux_2_28_x86_64.whl
#14 17.78 Saved /wheelhouse/parsimonious-0.10.0-py3-none-any.whl
#14 17.78 Saved /wheelhouse/propcache-0.5.2-cp311-cp311-manylinux2014_x86_64.manylinux_2_17_x86_64.manylinux_2_28_x86_64.whl
#14 17.78 Saved /wheelhouse/pycryptodome-3.23.0-cp37-abi3-manylinux_2_17_x86_64.manylinux2014_x86_64.whl
#14 17.79 Saved /wheelhouse/rlp-4.1.0-py3-none-any.whl
#14 17.79 Saved /wheelhouse/typing_inspection-0.4.2-py3-none-any.whl
#14 17.79 Saved /wheelhouse/yarl-1.24.2-cp311-cp311-manylinux2014_x86_64.manylinux_2_17_x86_64.manylinux_2_28_x86_64.whl
#14 17.79 Saved /wheelhouse/anyio-4.13.0-py3-none-any.whl
#14 17.80 Saved /wheelhouse/pytest-9.0.3-py3-none-any.whl
#14 17.80 Saved /wheelhouse/h11-0.16.0-py3-none-any.whl
#14 17.80 Saved /wheelhouse/hpack-4.1.0-py3-none-any.whl
#14 17.80 Saved /wheelhouse/hyperframe-6.1.0-py3-none-any.whl
#14 17.80 Saved /wheelhouse/iniconfig-2.3.0-py3-none-any.whl
#14 17.80 Saved /wheelhouse/packaging-26.2-py3-none-any.whl
#14 17.81 Saved /wheelhouse/pluggy-1.6.0-py3-none-any.whl
#14 17.81 Saved /wheelhouse/pygments-2.20.0-py3-none-any.whl
#14 17.81 Saved /wheelhouse/regex-2026.5.9-cp311-cp311-manylinux2014_x86_64.manylinux_2_17_x86_64.manylinux_2_28_x86_64.whl
#14 17.81 Saved /wheelhouse/toolz-1.1.0-py3-none-any.whl
#14 18.32 Building wheels for collected packages: py-clob-client-v2, py-builder-relayer-client
#14 18.32   Building wheel for py-clob-client-v2 (setup.py): started
#14 19.60   Building wheel for py-clob-client-v2 (setup.py): finished with status 'done'
#14 19.61   Created wheel for py-clob-client-v2: filename=py_clob_client_v2-1.0.1-py3-none-any.whl size=49042 sha256=a714829995512e997ee76333ab0458bd4e57ef383f30a5738d3bc90f7af35235
#14 19.61   Stored in directory: /tmp/pip-ephem-wheel-cache-cxbj_w5w/wheels/1d/3a/66/5cb4eaf3310eb034f6ecce1c9cab3bfd017ce287be0470803e
#14 19.62   Building wheel for py-builder-relayer-client (setup.py): started
#14 20.67   Building wheel for py-builder-relayer-client (setup.py): finished with status 'done'
#14 20.67   Created wheel for py-builder-relayer-client: filename=py_builder_relayer_client-0.0.2rc1-py3-none-any.whl size=30073 sha256=c54cb9cc2c77ce33378dad0a30141f02c820e7c01555727ca5d1c1ee3a73059e
#14 20.67   Stored in directory: /tmp/pip-ephem-wheel-cache-cxbj_w5w/wheels/30/3d/5d/b5c9b5db75b4d5c21a4ede5243c72e1e60a1621fd3e947d7b2
#14 20.67 Successfully built py-clob-client-v2 py-builder-relayer-client
#14 20.78 
#14 20.78 [notice] A new release of pip is available: 24.0 -> 26.1.1
#14 20.78 [notice] To update, run: pip install --upgrade pip
#14 DONE 22.3s

#19 [bro-maker worker-builder 6/6] RUN cargo build --release --locked
#19 13.89    Compiling serde v1.0.228
#19 16.66    Compiling cfg-if v1.0.4
#19 16.75    Compiling zeroize v1.8.2
#19 17.13    Compiling typenum v1.20.0
#19 18.73    Compiling subtle v2.6.1
#19 ...

#20 [bro-guardian stage-2 4/9] COPY --from=python-deps-builder /wheelhouse /wheelhouse
#20 DONE 0.1s

#21 [bro-guardian stage-2 5/9] RUN pip install --no-cache-dir /wheelhouse/*     && rm -rf /wheelhouse
#21 2.577 Processing /wheelhouse/PyYAML-6.0.2-cp311-cp311-manylinux_2_17_x86_64.manylinux2014_x86_64.whl
#21 2.596 Processing /wheelhouse/aiohappyeyeballs-2.6.2-py3-none-any.whl
#21 2.609 Processing /wheelhouse/aiohttp-3.13.5-cp311-cp311-manylinux2014_x86_64.manylinux_2_17_x86_64.manylinux_2_28_x86_64.whl
#21 2.629 Processing /wheelhouse/aiosignal-1.4.0-py3-none-any.whl
#21 2.640 Processing /wheelhouse/annotated_types-0.7.0-py3-none-any.whl
#21 2.653 Processing /wheelhouse/anyio-4.13.0-py3-none-any.whl
#21 2.662 Processing /wheelhouse/attrs-26.1.0-py3-none-any.whl
#21 2.669 Processing /wheelhouse/bitarray-3.8.1-cp311-cp311-manylinux2014_x86_64.manylinux_2_17_x86_64.manylinux_2_28_x86_64.whl
#21 2.685 Processing /wheelhouse/certifi-2026.5.20-py3-none-any.whl
#21 2.698 Processing /wheelhouse/charset_normalizer-3.4.7-cp311-cp311-manylinux2014_x86_64.manylinux_2_17_x86_64.manylinux_2_28_x86_64.whl
#21 2.709 Processing /wheelhouse/ckzg-2.1.7-cp311-cp311-manylinux2014_x86_64.manylinux_2_17_x86_64.manylinux_2_28_x86_64.whl
#21 2.717 Processing /wheelhouse/cytoolz-1.1.0-cp311-cp311-manylinux2014_x86_64.manylinux_2_17_x86_64.manylinux_2_28_x86_64.whl
#21 2.733 Processing /wheelhouse/eth_abi-5.2.0-py3-none-any.whl
#21 2.741 Processing /wheelhouse/eth_account-0.13.7-py3-none-any.whl
#21 2.751 Processing /wheelhouse/eth_hash-0.8.0-py3-none-any.whl
#21 2.759 Processing /wheelhouse/eth_keyfile-0.8.1-py3-none-any.whl
#21 2.767 Processing /wheelhouse/eth_keys-0.7.0-py3-none-any.whl
#21 2.775 Processing /wheelhouse/eth_rlp-2.2.0-py3-none-any.whl
#21 2.783 Processing /wheelhouse/eth_typing-6.0.0-py3-none-any.whl
#21 2.790 Processing /wheelhouse/eth_utils-6.0.0-py3-none-any.whl
#21 2.800 Processing /wheelhouse/frozenlist-1.8.0-cp311-cp311-manylinux1_x86_64.manylinux_2_28_x86_64.manylinux_2_5_x86_64.whl
#21 2.807 Processing /wheelhouse/h11-0.16.0-py3-none-any.whl
#21 2.815 Processing /wheelhouse/h2-4.3.0-py3-none-any.whl
#21 2.823 Processing /wheelhouse/hexbytes-1.3.1-py3-none-any.whl
#21 2.832 Processing /wheelhouse/hpack-4.1.0-py3-none-any.whl
#21 2.842 Processing /wheelhouse/httpcore-1.0.9-py3-none-any.whl
#21 2.852 Processing /wheelhouse/httpx-0.28.1-py3-none-any.whl
#21 2.861 Processing /wheelhouse/hyperframe-6.1.0-py3-none-any.whl
#21 2.872 Processing /wheelhouse/idna-3.16-py3-none-any.whl
#21 2.896 Processing /wheelhouse/iniconfig-2.3.0-py3-none-any.whl
#21 2.909 Processing /wheelhouse/multidict-6.7.1-cp311-cp311-manylinux2014_x86_64.manylinux_2_17_x86_64.manylinux_2_28_x86_64.whl
#21 2.924 Processing /wheelhouse/packaging-26.2-py3-none-any.whl
#21 2.941 Processing /wheelhouse/parsimonious-0.10.0-py3-none-any.whl
#21 2.956 Processing /wheelhouse/pluggy-1.6.0-py3-none-any.whl
#21 2.972 Processing /wheelhouse/poly_eip712_structs-0.0.1-py3-none-any.whl
#21 2.982 Processing /wheelhouse/prometheus_client-0.23.1-py3-none-any.whl
#21 2.993 Processing /wheelhouse/propcache-0.5.2-cp311-cp311-manylinux2014_x86_64.manylinux_2_17_x86_64.manylinux_2_28_x86_64.whl
#21 3.003 Processing /wheelhouse/py_builder_relayer_client-0.0.2rc1-py3-none-any.whl
#21 3.017 Processing /wheelhouse/py_builder_signing_sdk-0.0.2-py3-none-any.whl
#21 3.028 Processing /wheelhouse/py_clob_client_v2-1.0.1-py3-none-any.whl
#21 3.037 Processing /wheelhouse/py_order_utils-0.3.2-py3-none-any.whl
#21 3.046 Processing /wheelhouse/pycryptodome-3.23.0-cp37-abi3-manylinux_2_17_x86_64.manylinux2014_x86_64.whl
#21 3.063 Processing /wheelhouse/pydantic-2.13.4-py3-none-any.whl
#21 3.074 Processing /wheelhouse/pydantic_core-2.46.4-cp311-cp311-manylinux_2_17_x86_64.manylinux2014_x86_64.whl
#21 3.090 Processing /wheelhouse/pygments-2.20.0-py3-none-any.whl
#21 3.103 Processing /wheelhouse/pytest-9.0.3-py3-none-any.whl
#21 3.115 Processing /wheelhouse/python_dotenv-1.2.2-py3-none-any.whl
#21 3.124 Processing /wheelhouse/pyunormalize-17.0.0-py3-none-any.whl
#21 3.133 Processing /wheelhouse/regex-2026.5.9-cp311-cp311-manylinux2014_x86_64.manylinux_2_17_x86_64.manylinux_2_28_x86_64.whl
#21 3.146 Processing /wheelhouse/requests-2.32.5-py3-none-any.whl
#21 3.155 Processing /wheelhouse/rlp-4.1.0-py3-none-any.whl
#21 3.164 Processing /wheelhouse/toolz-1.1.0-py3-none-any.whl
#21 3.175 Processing /wheelhouse/types_requests-2.33.0.20260518-py3-none-any.whl
#21 3.184 Processing /wheelhouse/typing_extensions-4.15.0-py3-none-any.whl
#21 3.193 Processing /wheelhouse/typing_inspection-0.4.2-py3-none-any.whl
#21 3.206 Processing /wheelhouse/urllib3-2.7.0-py3-none-any.whl
#21 3.219 Processing /wheelhouse/web3-7.16.0-py3-none-any.whl
#21 3.237 Processing /wheelhouse/websockets-15.0.1-cp311-cp311-manylinux_2_5_x86_64.manylinux1_x86_64.manylinux_2_17_x86_64.manylinux2014_x86_64.whl
#21 3.246 Processing /wheelhouse/yarl-1.24.2-cp311-cp311-manylinux2014_x86_64.manylinux_2_17_x86_64.manylinux_2_28_x86_64.whl
#21 4.559 Installing collected packages: ckzg, bitarray, websockets, urllib3, typing-extensions, toolz, regex, PyYAML, pyunormalize, python-dotenv, pygments, pycryptodome, propcache, prometheus-client, pluggy, packaging, multidict, iniconfig, idna, hyperframe, hpack, hexbytes, h11, frozenlist, eth-hash, charset-normalizer, certifi, attrs, annotated-types, aiohappyeyeballs, yarl, typing-inspection, types-requests, requests, pytest, pydantic-core, parsimonious, httpcore, h2, eth-typing, cytoolz, anyio, aiosignal, pydantic, py-builder-signing-sdk, httpx, aiohttp, eth-utils, rlp, poly-eip712-structs, eth-keys, eth-abi, eth-rlp, eth-keyfile, eth-account, web3, py-order-utils, py-builder-relayer-client, py-clob-client-v2
#21 ...

#19 [bro-maker worker-builder 6/6] RUN cargo build --release --locked
#19 18.97    Compiling version_check v0.9.5
#19 19.36    Compiling generic-array v0.14.7
#19 20.07    Compiling serde_derive v1.0.228
#19 21.21    Compiling itoa v1.0.18
#19 21.72    Compiling const-oid v0.9.6
#19 22.30    Compiling crypto-common v0.1.7
#19 22.49    Compiling block-buffer v0.10.4
#19 22.71    Compiling getrandom v0.2.17
#19 23.17    Compiling rand_core v0.6.4
#19 23.69    Compiling digest v0.10.7
#19 24.26    Compiling foldhash v0.2.0
#19 24.53    Compiling hashbrown v0.17.1
#19 26.35    Compiling cpufeatures v0.2.17
#19 26.41    Compiling paste v1.0.15
#19 26.70    Compiling der v0.7.10
#19 27.60    Compiling bytes v1.11.1
#19 29.56    Compiling pin-project-lite v0.2.17
#19 30.67    Compiling ff v0.13.1
#19 ...

#21 [bro-guardian stage-2 5/9] RUN pip install --no-cache-dir /wheelhouse/*     && rm -rf /wheelhouse
#21 11.68 WARNING: Running pip as the 'root' user can result in broken permissions and conflicting behaviour with the system package manager. It is recommended to use a virtual environment instead: https://pip.pypa.io/warnings/venv
#21 11.68 Successfully installed PyYAML-6.0.2 aiohappyeyeballs-2.6.2 aiohttp-3.13.5 aiosignal-1.4.0 annotated-types-0.7.0 anyio-4.13.0 attrs-26.1.0 bitarray-3.8.1 certifi-2026.5.20 charset-normalizer-3.4.7 ckzg-2.1.7 cytoolz-1.1.0 eth-abi-5.2.0 eth-account-0.13.7 eth-hash-0.8.0 eth-keyfile-0.8.1 eth-keys-0.7.0 eth-rlp-2.2.0 eth-typing-6.0.0 eth-utils-6.0.0 frozenlist-1.8.0 h11-0.16.0 h2-4.3.0 hexbytes-1.3.1 hpack-4.1.0 httpcore-1.0.9 httpx-0.28.1 hyperframe-6.1.0 idna-3.16 iniconfig-2.3.0 multidict-6.7.1 packaging-26.2 parsimonious-0.10.0 pluggy-1.6.0 poly-eip712-structs-0.0.1 prometheus-client-0.23.1 propcache-0.5.2 py-builder-relayer-client-0.0.2rc1 py-builder-signing-sdk-0.0.2 py-clob-client-v2-1.0.1 py-order-utils-0.3.2 pycryptodome-3.23.0 pydantic-2.13.4 pydantic-core-2.46.4 pygments-2.20.0 pytest-9.0.3 python-dotenv-1.2.2 pyunormalize-17.0.0 regex-2026.5.9 requests-2.32.5 rlp-4.1.0 toolz-1.1.0 types-requests-2.33.0.20260518 typing-extensions-4.15.0 typing-inspection-0.4.2 urllib3-2.7.0 web3-7.16.0 websockets-15.0.1 yarl-1.24.2
#21 11.79 
#21 11.79 [notice] A new release of pip is available: 24.0 -> 26.1.1
#21 11.79 [notice] To update, run: pip install --upgrade pip
#21 DONE 12.0s

#22 [bro-maker stage-2 6/9] COPY . /app
#22 DONE 3.0s

#19 [bro-maker worker-builder 6/6] RUN cargo build --release --locked
#19 31.00    Compiling hybrid-array v0.4.12
#19 31.96    Compiling base16ct v0.2.0
#19 32.24    Compiling dunce v1.0.5
#19 32.31    Compiling arrayvec v0.7.6
#19 32.46    Compiling sec1 v0.7.3
#19 32.57    Compiling group v0.13.0
#19 32.75    Compiling hmac v0.12.1
#19 32.87    Compiling crypto-bigint v0.5.5
#19 33.87    Compiling alloy-rlp-derive v0.3.15
#19 34.66    Compiling once_cell v1.21.4
#19 34.85    Compiling unicode-segmentation v1.13.2
#19 35.26    Compiling convert_case v0.10.0
#19 35.48    Compiling elliptic-curve v0.13.8
#19 35.78    Compiling alloy-rlp v0.3.15
#19 35.94    Compiling rfc6979 v0.4.0
#19 36.02    Compiling block-buffer v0.12.0
#19 36.03    Compiling crypto-common v0.2.1
#19 36.15    Compiling spki v0.7.3
#19 36.39    Compiling signature v2.2.0
#19 36.55    Compiling ruint-macro v1.2.1
#19 36.88    Compiling unicode-xid v0.2.6
#19 36.95    Compiling derive_more-impl v2.1.1
#19 37.89    Compiling digest v0.11.3
#19 38.02    Compiling ruint v1.17.2
#19 38.78    Compiling ecdsa v0.16.9
#19 39.36    Compiling sha2 v0.10.9
#19 41.03    Compiling keccak v0.2.0
#19 41.16    Compiling sha3 v0.11.0
#19 41.24    Compiling derive_more v2.1.1
#19 41.33    Compiling k256 v0.13.4
#19 41.60    Compiling const-hex v1.19.0
#19 41.96    Compiling memchr v2.8.0
#19 43.23    Compiling rustc-hash v2.1.2
#19 43.30    Compiling alloy-primitives v1.6.0
#19 44.78    Compiling smallvec v1.15.1
#19 45.08    Compiling ident_case v1.0.1
#19 45.14    Compiling strsim v0.11.1
#19 45.41    Compiling synstructure v0.13.2
#19 45.94    Compiling thiserror v2.0.18
#19 46.62    Compiling thiserror-impl v2.0.18
#19 47.34    Compiling jobserver v0.1.34
#19 47.63    Compiling zerofrom-derive v0.1.7
#19 48.07    Compiling tracing-core v0.1.36
#19 49.02    Compiling tracing-attributes v0.1.31
#19 49.13    Compiling zmij v1.0.21
#19 49.37    Compiling shlex v1.3.0
#19 49.52    Compiling find-msvc-tools v0.1.9
#19 49.77    Compiling futures-core v0.3.32
#19 50.70    Compiling tracing v0.1.44
#19 51.03    Compiling cc v1.2.62
#19 51.40    Compiling zerofrom v0.1.8
#19 51.48    Compiling yoke-derive v0.8.2
#19 52.54    Compiling darling_core v0.23.0
#19 52.64    Compiling autocfg v1.5.0
#19 52.98    Compiling serde_json v1.0.149
#19 53.11    Compiling stable_deref_trait v1.2.1
#19 53.45    Compiling yoke v0.8.2
#19 53.62    Compiling num-traits v0.2.19
#19 53.79    Compiling cmake v0.1.58
#19 54.43    Compiling http v1.4.0
#19 55.35    Compiling darling_macro v0.23.0
#19 55.92    Compiling fs_extra v1.3.0
#19 56.36    Compiling aws-lc-sys v0.41.0
#19 56.51    Compiling darling v0.23.0
#19 59.78    Compiling zerovec-derive v0.11.3
#19 60.75    Compiling heck v0.5.0
#19 60.95    Compiling futures-sink v0.3.32
#19 61.00    Compiling zerovec v0.11.6
#19 62.69    Compiling syn-solidity v1.6.0
#19 66.29    Compiling displaydoc v0.2.5
#19 67.05    Compiling macro-string v0.2.0
#19 67.29    Compiling proc-macro-error-attr2 v2.0.0
#19 68.16    Compiling equivalent v1.0.2
#19 68.20    Compiling zerocopy v0.8.48
#19 68.49    Compiling fnv v1.0.7
#19 68.55    Compiling darling_core v0.21.3
#19 71.66    Compiling indexmap v2.14.0
#19 72.28    Compiling proc-macro-error2 v2.0.1
#19 72.51    Compiling alloy-sol-macro-input v1.6.0
#19 73.12    Compiling either v1.15.0
#19 73.34    Compiling tokio-macros v2.7.0
#19 74.08    Compiling mio v1.2.0
#19 74.83    Compiling socket2 v0.6.3
#19 75.84    Compiling iana-time-zone v0.1.65
#19 76.35    Compiling crc-catalog v2.5.0
#19 76.42    Compiling slab v0.4.12
#19 76.57    Compiling aws-lc-rs v1.17.0
#19 76.83    Compiling crc v3.4.0
#19 77.03    Compiling chrono v0.4.44
#19 81.34    Compiling tokio v1.52.3
#19 93.29    Compiling alloy-sol-macro-expander v1.6.0
#19 100.3    Compiling darling_macro v0.21.3
#19 100.9    Compiling futures-channel v0.3.32
#19 101.2    Compiling serde_with_macros v3.20.0
#19 102.7    Compiling auto_impl v1.3.0
#19 103.7    Compiling serde_with v3.20.0
#19 106.2    Compiling darling v0.21.3
#19 106.3    Compiling ppv-lite86 v0.2.21
#19 106.7    Compiling alloy-sol-macro v1.6.0
#19 107.7    Compiling alloy-eip2124 v0.2.0
#19 108.3    Compiling tinystr v0.8.3
#19 108.5    Compiling alloy-serde v1.6.3
#19 109.9    Compiling alloy-eip7702 v0.6.3
#19 110.4    Compiling nybbles v0.4.8
#19 110.7    Compiling alloy-eip2930 v0.2.3
#19 111.1    Compiling alloy-eip7928 v0.3.4
#19 112.0    Compiling futures-macro v0.3.32
#19 113.0    Compiling rustls-pki-types v1.14.1
#19 113.9    Compiling litemap v0.8.2
#19 114.0    Compiling futures-io v0.3.32
#19 114.2    Compiling writeable v0.6.3
#19 114.4    Compiling futures-task v0.3.32
#19 114.5    Compiling futures-util v0.3.32
#19 118.1    Compiling icu_locale_core v2.2.0
#19 121.4    Compiling alloy-eips v1.6.3
#19 124.2    Compiling alloy-trie v0.9.5
#19 128.1    Compiling alloy-sol-types v1.6.0
#19 131.1    Compiling alloy-tx-macros v1.6.3
#19 132.5    Compiling zerotrie v0.2.4
#19 133.0    Compiling potential_utf v0.1.5
#19 133.1    Compiling icu_normalizer_data v2.2.0
#19 133.2    Compiling percent-encoding v2.3.2
#19 133.4    Compiling icu_properties_data v2.2.0
#19 133.6    Compiling httparse v1.10.1
#19 133.8    Compiling untrusted v0.9.0
#19 133.9    Compiling utf8_iter v1.0.4
#19 134.0    Compiling rustls v0.23.40
#19 134.1    Compiling icu_collections v2.2.0
#19 134.9    Compiling icu_provider v2.2.0
#19 135.5    Compiling alloy-consensus v1.6.3
#19 140.6    Compiling getrandom v0.3.4
#19 142.3    Compiling http-body v1.0.1
#19 142.4    Compiling icu_properties v2.2.0
#19 144.2    Compiling icu_normalizer v2.2.0
#19 145.9    Compiling alloy-consensus-any v1.6.3
#19 146.3    Compiling alloy-network-primitives v1.6.3
#19 146.6    Compiling form_urlencoded v1.2.2
#19 146.8    Compiling tokio-util v0.7.18
#19 147.9    Compiling itertools v0.14.0
#19 149.1    Compiling winnow v1.0.3
#19 151.1    Compiling tower-service v0.3.3
#19 151.1    Compiling try-lock v0.2.5
#19 151.2    Compiling atomic-waker v1.1.2
#19 151.3    Compiling h2 v0.4.14
#19 158.3    Compiling want v0.3.1
#19 158.4    Compiling alloy-sol-type-parser v1.6.0
#19 159.6    Compiling alloy-rpc-types-eth v1.6.3
#19 166.0    Compiling rand_core v0.9.5
#19 166.2    Compiling idna_adapter v1.2.2
#19 166.3    Compiling rand_chacha v0.3.1
#19 167.1    Compiling async-trait v0.1.89
#19 168.1    Compiling rustversion v1.0.22
#19 168.3    Compiling prettyplease v0.2.37
#19 168.5    Compiling rand_core v0.10.1
#19 168.6    Compiling log v0.4.29
#19 168.8    Compiling openssl-probe v0.2.1
#19 169.0    Compiling getrandom v0.4.2
#19 169.2    Compiling siphasher v1.0.3
#19 169.3    Compiling phf_shared v0.13.1
#19 169.6    Compiling rustls-native-certs v0.8.3
#19 170.6    Compiling alloy-signer v1.6.3
#19 170.7    Compiling rand v0.8.6
#19 171.6    Compiling rustls-webpki v0.103.13
#19 174.9    Compiling idna v1.1.0
#19 177.4    Compiling tokio-rustls v0.26.4
#19 177.6    Compiling rand_chacha v0.9.0
#19 178.6    Compiling alloy-rpc-types-any v1.6.3
#19 178.7    Compiling alloy-json-abi v1.6.0
#19 183.9    Compiling hyper v1.9.0
#19 188.6    Compiling alloy-json-rpc v1.6.3
#19 190.6    Compiling sync_wrapper v1.0.2
#19 190.7    Compiling parking_lot_core v0.9.12
#19 190.8    Compiling ipnet v2.12.0
#19 192.2    Compiling futures-utils-wasm v0.1.0
#19 192.2    Compiling base64 v0.22.1
#19 192.7    Compiling tower-layer v0.3.3
#19 192.9    Compiling crossbeam-utils v0.8.21
#19 193.1    Compiling ryu v1.0.23
#19 193.4    Compiling fastrand v2.4.1
#19 193.5    Compiling phf_generator v0.13.1
#19 193.6    Compiling tower v0.5.3
#19 194.2    Compiling hyper-util v0.1.20
#19 197.3    Compiling alloy-network v1.6.3
#19 198.9    Compiling alloy-dyn-abi v1.6.0
#19 202.7    Compiling rand v0.9.4
#19 203.9    Compiling url v2.5.8
#19 205.6    Compiling sha1 v0.10.6
#19 206.0    Compiling rust_decimal v1.42.0
#19 206.2    Compiling bitflags v2.11.1
#19 206.7    Compiling scopeguard v1.2.0
#19 206.8    Compiling cpufeatures v0.3.0
#19 206.8    Compiling data-encoding v2.11.0
#19 206.8    Compiling chacha20 v0.10.0
#19 207.1    Compiling lock_api v0.4.14
#19 207.3    Compiling tungstenite v0.29.0
#19 210.7    Compiling tower-http v0.6.10
#19 211.3    Compiling bon-macros v3.9.1
#19 213.1    Compiling alloy-core v1.6.0
#19 213.4    Compiling alloy-signer-local v1.6.3
#19 213.7    Compiling hyper-rustls v0.27.9
#19 214.9    Compiling phf_macros v0.13.1
#19 215.9    Compiling serde_urlencoded v0.7.1
#19 216.1    Compiling rustls-platform-verifier v0.7.0
#19 216.3    Compiling http-body-util v0.1.3
#19 216.5    Compiling futures-executor v0.3.32
#19 216.8    Compiling async-stream-impl v0.3.6
#19 217.0    Compiling encoding_rs v0.8.35
#19 217.4    Compiling instant v0.1.13
#19 217.5    Compiling hashbrown v0.14.5
#19 218.2    Compiling anyhow v1.0.102
#19 218.4    Compiling mime v0.3.17
#19 218.9    Compiling reqwest v0.13.3
#19 223.3    Compiling dashmap v6.1.0
#19 223.9    Compiling backoff v0.4.0
#19 224.0    Compiling async-stream v0.3.6
#19 224.1    Compiling futures v0.3.32
#19 224.1    Compiling bon v3.9.1
#19 224.2    Compiling phf v0.13.1
#19 224.4    Compiling alloy v1.6.3
#19 226.8    Compiling tokio-tungstenite v0.29.0
#19 227.1    Compiling rand v0.10.1
#19 227.9    Compiling uuid v1.23.1
#19 228.6    Compiling serde_html_form v0.4.0
#19 229.2    Compiling strum_macros v0.28.0
#19 231.4    Compiling secrecy v0.10.3
#19 231.6    Compiling serde_repr v0.1.20
#19 232.1    Compiling rust_decimal_macros v1.40.0
#19 232.7    Compiling polymarket_client_sdk_v2 v0.6.0-canary.1 (https://github.com/Polymarket/rs-clob-client-v2.git?rev=8ba5008733c3c03e92041eef8b1cb8495dbed718#8ba50087)
#19 253.1    Compiling bro-stream-workers v0.1.0 (/build/workers)
#19 261.5     Finished `release` profile [optimized] target(s) in 4m 21s
#19 DONE 261.8s

#23 [bro-maker stage-2 7/9] COPY --from=worker-builder /build/workers/target/release/bro-market-stream-worker /app/workers/bin/bro-market-stream-worker
#23 DONE 0.1s

#24 [bro-guardian stage-2 8/9] COPY --from=worker-builder /build/workers/target/release/bro-rtds-stream-worker /app/workers/bin/bro-rtds-stream-worker
#24 DONE 0.0s

#25 [bro-guardian stage-2 9/9] RUN addgroup --system bro && adduser --system --ingroup bro --home /home/bro --shell /usr/sbin/nologin bro     && mkdir -p /data /logs /tmp /config     && chown -R bro:bro /app /data /logs /tmp /config
#25 DONE 5.0s

#26 [bro-guardian] exporting to image
#26 exporting layers
#26 exporting layers 8.2s done
#26 exporting manifest sha256:ce692e819d2e1a4cb3c175ddd8da5b0ad2de32fb9049f0ef16655bbe62bb7d2e done
#26 exporting config sha256:96043d120d2ecc208d16cb73856487464959b567d986e009b104600899164f2e done
#26 exporting attestation manifest sha256:955ef065c1258c426b01f30ae84f7de59a2efcfec543c01dbaa0ce642f5eb4bc 0.0s done
#26 exporting manifest list sha256:a295cb29d63de26a1aea4017b667eb53c24fd96777a6b90999f4b5b98a38ea07 done
#26 naming to docker.io/library/bro_btc_paper-bro-guardian:latest done
#26 unpacking to docker.io/library/bro_btc_paper-bro-guardian:latest
#26 ...

#27 [bro-maker] exporting to image
#27 exporting layers 8.2s done
#27 exporting manifest sha256:c03790c3533d93293ef769e2b253c739779d1d42a2eb8640c690d0e80d893d28 done
#27 exporting config sha256:bab1ce877391a22a66b248588abaf5ada5ec78c7aff04e1d82a87c3b52d27186 done
#27 exporting attestation manifest sha256:5108dc2338f3fd1ba5eb7f061bc47a3825b5da35b74748b9309aa53a492a6d47 0.0s done
#27 exporting manifest list sha256:807636e6405071f51687b193923dd5ea948edc2888554a2c7714431b409ee680 done
#27 naming to docker.io/library/bro_btc_paper-bro-maker:latest done
#27 unpacking to docker.io/library/bro_btc_paper-bro-maker:latest
#27 unpacking to docker.io/library/bro_btc_paper-bro-maker:latest 6.2s done
#27 DONE 14.4s

#26 [bro-guardian] exporting to image
#26 unpacking to docker.io/library/bro_btc_paper-bro-guardian:latest 6.2s done
#26 DONE 14.5s

#28 [bro-maker] resolving provenance for metadata file
#28 DONE 0.0s

#29 [bro-guardian] resolving provenance for metadata file
#29 DONE 0.0s
[deploy] docker image identity maker_ref=bro_btc_paper-bro-maker hash=sha256:807636e6405071f51687b193923dd5ea948edc2888554a2c7714431b409ee680
[deploy] stopping stack...
[deploy] clearing state and guard artifacts...
[deploy] starting maker...
[deploy] waiting for bro-maker health (timeout=240s)...
[deploy] starting guardian...
[deploy] waiting 25s for health...
[deploy] service status:
NAME                           IMAGE                        COMMAND                  SERVICE        CREATED          STATUS                    PORTS
bro_btc_paper-bro-guardian-1   bro_btc_paper-bro-guardian   "python scripts/guar…"   bro-guardian   26 seconds ago   Up 25 seconds (healthy)   
bro_btc_paper-bro-maker-1      bro_btc_paper-bro-maker      "python executor.py …"   bro-maker      38 seconds ago   Up 37 seconds (healthy)   127.0.0.1:9108->9108/tcp
[deploy] manifest identity:
manifest_path /home/odah/bro/base/logs_exec/paper_universal/run_manifest_88ab88f2-ff5e-4393-9e87-6a85e0dcccc0.json
run_id 88ab88f2-ff5e-4393-9e87-6a85e0dcccc0
config_fingerprint_sha256 553402635d2fef5164d0d69214262ebfba0788e744f8cca6682a90c07a48a6c6
config_source_path /config/profiles/paper_universal.yaml
config_source_sha256 e42eb0e706c76d149d8ee59635e4d1a766407753a26aac44f3eb334eb34770f7
code_fingerprint_sha256 94405471809c347da8488980ae062e74ac848ddd1733d0d2b734ff8d0d355215
code_fingerprint_file_count 63
runtime_identity.effective_config_sha256 553402635d2fef5164d0d69214262ebfba0788e744f8cca6682a90c07a48a6c6
runtime_identity.dependency_lock_sha256 099d5990011fa718a20432aea5e31b2c2854e3ce4fbc65f9c20f457a2c3e09b8
runtime_identity.docker_image_hash sha256:807636e6405071f51687b193923dd5ea948edc2888554a2c7714431b409ee680
