[deploy] validating paper setup lock in /home/odah/bro/base/configs/profiles/paper_universal.yaml...
setup_lock_verified paper_universal 4fa46456681765f163324c21bce7163499cbf6cbcaa262ceb9336243c9ba1a58
[deploy] resolved log_dir=/home/odah/bro/base/logs_exec/paper_universal
[deploy] resolved state_path=/home/odah/bro/base/data/paper_universal/state.json
[deploy] resolved guard_stop_file=/home/odah/bro/base/logs_exec/paper_universal/guard_stop.txt
canonical_deploy_authority_verified 914439dd-a409-4f1f-a03f-ba258cd7e593 start 81b2ed09-68f7-4b3a-adf5-abc212bc339a
[deploy] git identity commit=ef50707ca1df62f4fa8e9f5721d5316fc84132b8 dirty=1
[deploy] building images...
#1 [internal] load local bake definitions
#1 reading from stdin 953B done
#1 DONE 0.0s

#2 [bro-maker internal] load build definition from Dockerfile
#2 transferring dockerfile: 2.00kB done
#2 DONE 0.0s

#3 [bro-maker internal] load metadata for docker.io/library/python:3.11-slim@sha256:d6e4d224f70f9e0172a06a3a2eba2f768eb146811a349278b38fff3a36463b47
#3 DONE 0.0s

#4 [bro-maker internal] load metadata for docker.io/library/rust:1.88.0-slim-bookworm
#4 DONE 0.6s

#5 [bro-maker internal] load .dockerignore
#5 transferring context: 260B done
#5 DONE 0.0s

#6 [bro-guardian worker-builder 1/6] FROM docker.io/library/rust:1.88.0-slim-bookworm@sha256:38bc5a86d998772d4aec2348656ed21438d20fcdce2795b56ca434cf21430d89
#6 resolve docker.io/library/rust:1.88.0-slim-bookworm@sha256:38bc5a86d998772d4aec2348656ed21438d20fcdce2795b56ca434cf21430d89 0.0s done
#6 DONE 0.0s

#7 [bro-guardian python-deps-builder 1/5] FROM docker.io/library/python:3.11-slim@sha256:d6e4d224f70f9e0172a06a3a2eba2f768eb146811a349278b38fff3a36463b47
#7 resolve docker.io/library/python:3.11-slim@sha256:d6e4d224f70f9e0172a06a3a2eba2f768eb146811a349278b38fff3a36463b47 0.0s done
#7 DONE 0.0s

#8 [bro-guardian internal] load build context
#8 transferring context: 906.03kB 0.4s done
#8 DONE 0.4s

#9 [bro-maker stage-2 3/9] COPY requirements.txt /app/requirements.txt
#9 CACHED

#10 [bro-maker python-deps-builder 4/5] COPY requirements.txt /build/python/requirements.txt
#10 CACHED

#11 [bro-maker stage-2 2/9] WORKDIR /app
#11 CACHED

#12 [bro-maker python-deps-builder 2/5] WORKDIR /build/python
#12 CACHED

#13 [bro-maker stage-2 4/9] COPY --from=python-deps-builder /wheelhouse /wheelhouse
#13 CACHED

#14 [bro-maker python-deps-builder 3/5] RUN apt-get update     && apt-get install -y --no-install-recommends git     && rm -rf /var/lib/apt/lists/*
#14 CACHED

#15 [bro-maker python-deps-builder 5/5] RUN python -m pip wheel --no-cache-dir --wheel-dir /wheelhouse -r /build/python/requirements.txt
#15 CACHED

#16 [bro-maker stage-2 5/9] RUN pip install --no-cache-dir /wheelhouse/*     && rm -rf /wheelhouse
#16 CACHED

#17 [bro-maker worker-builder 4/6] COPY workers/Cargo.lock /build/workers/Cargo.lock
#17 CACHED

#18 [bro-maker worker-builder 2/6] WORKDIR /build/workers
#18 CACHED

#19 [bro-maker worker-builder 3/6] COPY workers/Cargo.toml /build/workers/Cargo.toml
#19 CACHED

#20 [bro-maker worker-builder 5/6] COPY workers/src /build/workers/src
#20 CACHED

#21 [bro-maker worker-builder 6/6] RUN cargo build --release --locked
#21 CACHED

#22 [bro-maker stage-2 6/9] COPY . /app
#22 DONE 0.9s

#23 [bro-guardian stage-2 7/9] COPY --from=worker-builder /build/workers/target/release/bro-market-stream-worker /app/workers/bin/bro-market-stream-worker
#23 DONE 0.1s

#24 [bro-guardian stage-2 8/9] COPY --from=worker-builder /build/workers/target/release/bro-rtds-stream-worker /app/workers/bin/bro-rtds-stream-worker
#24 DONE 0.0s

#25 [bro-guardian stage-2 9/9] RUN addgroup --system bro && adduser --system --ingroup bro --home /home/bro --shell /usr/sbin/nologin bro     && mkdir -p /data /logs /tmp /config     && chown -R bro:bro /app /data /logs /tmp /config
#25 DONE 3.2s

#26 [bro-maker] exporting to image
#26 exporting layers
#26 exporting layers 2.7s done
#26 exporting manifest sha256:2f967d4c0bc7e371df6553d8604e7ec00d414be0c4d4a7529c0ef9ccad689b0f done
#26 exporting config sha256:728825449a6378c5246831c2547508b1718e7dee7cbbb879bf6f4a90edf8621b done
#26 exporting attestation manifest sha256:ee667e76b8db884958964e0e955c110c46ce7c4604f037fcd54c9a15c8243031 0.0s done
#26 exporting manifest list sha256:6d53d40271f55cb4f18e63a7105c0a164e0b013e51aa188efb529cc1c611711b done
#26 naming to docker.io/library/bro_btc_paper-bro-maker:latest done
#26 unpacking to docker.io/library/bro_btc_paper-bro-maker:latest
#26 unpacking to docker.io/library/bro_btc_paper-bro-maker:latest 3.5s done
#26 DONE 6.2s

#27 [bro-guardian] exporting to image
#27 exporting layers 2.7s done
#27 exporting manifest sha256:7fe77bdc4829f6a962b33016ac288f1201111926b55141cb6b1b7d7890abda88 done
#27 exporting config sha256:846a6683a058e400b820fdfaef282976b8fcc348ccda9e9d81011f3cbd27d91c done
#27 exporting attestation manifest sha256:f409fbd7d4cae3e3ce75e4a50277a76c423098f812739f38d7a6354552bbe8bc 0.0s done
#27 exporting manifest list sha256:bd21e8f48a4ff5837877c70c6829b64a7622229822a0d2371d798e39063c6e5f done
#27 naming to docker.io/library/bro_btc_paper-bro-guardian:latest done
#27 unpacking to docker.io/library/bro_btc_paper-bro-guardian:latest 3.5s done
#27 DONE 6.2s

#28 [bro-guardian] resolving provenance for metadata file
#28 DONE 0.0s

#29 [bro-maker] resolving provenance for metadata file
#29 DONE 0.0s
[deploy] docker image identity maker_ref=bro_btc_paper-bro-maker hash=sha256:6d53d40271f55cb4f18e63a7105c0a164e0b013e51aa188efb529cc1c611711b
[deploy] stopping stack...
[deploy] clearing state and guard artifacts...
[deploy] starting stack...
[deploy] waiting 25s for health...
[deploy] service status:
NAME                           IMAGE                        COMMAND                  SERVICE        CREATED              STATUS                             PORTS
bro_btc_paper-bro-guardian-1   bro_btc_paper-bro-guardian   "python scripts/guar…"   bro-guardian   About a minute ago   Up 25 seconds (health: starting)   
bro_btc_paper-bro-maker-1      bro_btc_paper-bro-maker      "python executor.py …"   bro-maker      About a minute ago   Up About a minute (healthy)        127.0.0.1:9108->9108/tcp
[deploy] manifest identity:
manifest_path /home/odah/bro/base/logs_exec/paper_universal/run_manifest_81b2ed09-68f7-4b3a-adf5-abc212bc339a.json
run_id 81b2ed09-68f7-4b3a-adf5-abc212bc339a
config_fingerprint_sha256 4fa46456681765f163324c21bce7163499cbf6cbcaa262ceb9336243c9ba1a58
config_source_path /config/profiles/paper_universal.yaml
config_source_sha256 18c845661fa0ac60fa83e86232c63e0c3f9cc2a5b9114aa1f6b20d9f72f158d8
code_fingerprint_sha256 6c4718b4d5ebdd88f88ecd8e073bd1041a1b551c014401a727f5b732a316f670
code_fingerprint_file_count 62
runtime_identity.effective_config_sha256 4fa46456681765f163324c21bce7163499cbf6cbcaa262ceb9336243c9ba1a58
runtime_identity.dependency_lock_sha256 099d5990011fa718a20432aea5e31b2c2854e3ce4fbc65f9c20f457a2c3e09b8
runtime_identity.docker_image_hash sha256:6d53d40271f55cb4f18e63a7105c0a164e0b013e51aa188efb529cc1c611711b
