[deploy] validating paper setup lock in /home/odah/bro/base/configs/profiles/paper_universal.yaml...
setup_lock_verified paper_universal c52041e6c6f7a90b0370b774a88fd012630af90b11e1543715a5139c35070d17
[deploy] resolved log_dir=/home/odah/bro/base/logs_exec/paper_universal
[deploy] resolved state_path=/home/odah/bro/base/data/paper_universal/state.json
[deploy] resolved guard_stop_file=/home/odah/bro/base/logs_exec/paper_universal/guard_stop.txt
canonical_deploy_authority_verified 4a7f30b2-c713-4269-8277-f77d2d1ea8f4 start 0584aedd-1f0f-4299-9cc8-f6864ded51f1
[deploy] git identity commit=ef50707ca1df62f4fa8e9f5721d5316fc84132b8 dirty=1
[deploy] building images...
#1 [internal] load local bake definitions
#1 reading from stdin 953B done
#1 DONE 0.0s

#2 [bro-guardian internal] load build definition from Dockerfile
#2 transferring dockerfile: 2.00kB done
#2 DONE 0.0s

#3 [bro-maker internal] load metadata for docker.io/library/rust:1.88.0-slim-bookworm
#3 DONE 1.0s

#4 [bro-guardian internal] load metadata for docker.io/library/python:3.11-slim@sha256:d6e4d224f70f9e0172a06a3a2eba2f768eb146811a349278b38fff3a36463b47
#4 DONE 1.0s

#5 [bro-guardian internal] load .dockerignore
#5 transferring context: 260B done
#5 DONE 0.0s

#6 [bro-guardian python-deps-builder 1/5] FROM docker.io/library/python:3.11-slim@sha256:d6e4d224f70f9e0172a06a3a2eba2f768eb146811a349278b38fff3a36463b47
#6 resolve docker.io/library/python:3.11-slim@sha256:d6e4d224f70f9e0172a06a3a2eba2f768eb146811a349278b38fff3a36463b47 0.0s done
#6 DONE 0.0s

#7 [bro-guardian worker-builder 1/6] FROM docker.io/library/rust:1.88.0-slim-bookworm@sha256:38bc5a86d998772d4aec2348656ed21438d20fcdce2795b56ca434cf21430d89
#7 resolve docker.io/library/rust:1.88.0-slim-bookworm@sha256:38bc5a86d998772d4aec2348656ed21438d20fcdce2795b56ca434cf21430d89 0.0s done
#7 DONE 0.0s

#8 [bro-maker internal] load build context
#8 transferring context: 5.81MB 0.2s done
#8 DONE 0.2s

#9 [bro-guardian python-deps-builder 2/5] WORKDIR /build/python
#9 CACHED

#10 [bro-guardian python-deps-builder 3/5] RUN apt-get update     && apt-get install -y --no-install-recommends git     && rm -rf /var/lib/apt/lists/*
#10 CACHED

#11 [bro-guardian worker-builder 4/6] COPY workers/Cargo.lock /build/workers/Cargo.lock
#11 CACHED

#12 [bro-guardian worker-builder 5/6] COPY workers/src /build/workers/src
#12 CACHED

#13 [bro-guardian worker-builder 2/6] WORKDIR /build/workers
#13 CACHED

#14 [bro-guardian worker-builder 3/6] COPY workers/Cargo.toml /build/workers/Cargo.toml
#14 CACHED

#15 [bro-guardian worker-builder 6/6] RUN cargo build --release --locked
#15 CACHED

#16 [bro-guardian stage-2 2/9] WORKDIR /app
#16 CACHED

#17 [bro-guardian stage-2 3/9] COPY requirements.txt /app/requirements.txt
#17 DONE 0.0s

#18 [bro-guardian python-deps-builder 4/5] COPY requirements.txt /build/python/requirements.txt
#18 DONE 0.0s

#19 [bro-guardian python-deps-builder 5/5] RUN python -m pip wheel --no-cache-dir --wheel-dir /wheelhouse -r /build/python/requirements.txt
#19 2.035 Collecting py-clob-client-v2@ git+https://github.com/Polymarket/py-clob-client-v2.git@394ecc18ab9ab20b48095b0b5c5de0042bdd6bb3 (from -r /build/python/requirements.txt (line 6))
#19 2.036   Cloning https://github.com/Polymarket/py-clob-client-v2.git (to revision 394ecc18ab9ab20b48095b0b5c5de0042bdd6bb3) to /tmp/pip-wheel-_w_pds6r/py-clob-client-v2_f9372338829544f295b7c3922168899c
#19 2.045   Running command git clone --filter=blob:none --quiet https://github.com/Polymarket/py-clob-client-v2.git /tmp/pip-wheel-_w_pds6r/py-clob-client-v2_f9372338829544f295b7c3922168899c
#19 3.102   Running command git rev-parse -q --verify 'sha^394ecc18ab9ab20b48095b0b5c5de0042bdd6bb3'
#19 3.105   Running command git fetch -q https://github.com/Polymarket/py-clob-client-v2.git 394ecc18ab9ab20b48095b0b5c5de0042bdd6bb3
#19 3.524   Resolved https://github.com/Polymarket/py-clob-client-v2.git to commit 394ecc18ab9ab20b48095b0b5c5de0042bdd6bb3
#19 3.528   Preparing metadata (setup.py): started
#19 4.352   Preparing metadata (setup.py): finished with status 'done'
#19 4.359 Collecting py-builder-relayer-client@ git+https://github.com/Polymarket/py-builder-relayer-client.git@6589f36740a2a98736f5b0499f29d2d234c583bc (from -r /build/python/requirements.txt (line 7))
#19 4.360   Cloning https://github.com/Polymarket/py-builder-relayer-client.git (to revision 6589f36740a2a98736f5b0499f29d2d234c583bc) to /tmp/pip-wheel-_w_pds6r/py-builder-relayer-client_dbad2b341664452ab73a0db445dfea86
#19 4.363   Running command git clone --filter=blob:none --quiet https://github.com/Polymarket/py-builder-relayer-client.git /tmp/pip-wheel-_w_pds6r/py-builder-relayer-client_dbad2b341664452ab73a0db445dfea86
#19 5.370   Running command git rev-parse -q --verify 'sha^6589f36740a2a98736f5b0499f29d2d234c583bc'
#19 5.372   Running command git fetch -q https://github.com/Polymarket/py-builder-relayer-client.git 6589f36740a2a98736f5b0499f29d2d234c583bc
#19 5.784   Resolved https://github.com/Polymarket/py-builder-relayer-client.git to commit 6589f36740a2a98736f5b0499f29d2d234c583bc
#19 5.787   Preparing metadata (setup.py): started
#19 6.587   Preparing metadata (setup.py): finished with status 'done'
#19 6.663 Collecting requests==2.32.5 (from -r /build/python/requirements.txt (line 1))
#19 6.685   Downloading requests-2.32.5-py3-none-any.whl.metadata (4.9 kB)
#19 6.741 Collecting PyYAML==6.0.2 (from -r /build/python/requirements.txt (line 2))
#19 6.745   Downloading PyYAML-6.0.2-cp311-cp311-manylinux_2_17_x86_64.manylinux2014_x86_64.whl.metadata (2.1 kB)
#19 6.770 Collecting prometheus-client==0.23.1 (from -r /build/python/requirements.txt (line 3))
#19 6.774   Downloading prometheus_client-0.23.1-py3-none-any.whl.metadata (1.9 kB)
#19 6.855 Collecting web3>=7.0.0 (from -r /build/python/requirements.txt (line 4))
#19 6.879   Downloading web3-7.16.0-py3-none-any.whl.metadata (5.6 kB)
#19 7.029 Collecting charset_normalizer<4,>=2 (from requests==2.32.5->-r /build/python/requirements.txt (line 1))
#19 7.032   Downloading charset_normalizer-3.4.7-cp311-cp311-manylinux2014_x86_64.manylinux_2_17_x86_64.manylinux_2_28_x86_64.whl.metadata (40 kB)
#19 7.035      ━━━━━━━━━━━━━━━━━━━━━━━━━━━━━━━━━━━━━━━━ 40.9/40.9 kB 97.9 MB/s eta 0:00:00
#19 7.060 Collecting idna<4,>=2.5 (from requests==2.32.5->-r /build/python/requirements.txt (line 1))
#19 7.064   Downloading idna-3.15-py3-none-any.whl.metadata (7.7 kB)
#19 7.140 Collecting urllib3<3,>=1.21.1 (from requests==2.32.5->-r /build/python/requirements.txt (line 1))
#19 7.143   Downloading urllib3-2.7.0-py3-none-any.whl.metadata (6.9 kB)
#19 7.178 Collecting certifi>=2017.4.17 (from requests==2.32.5->-r /build/python/requirements.txt (line 1))
#19 7.180   Downloading certifi-2026.5.20-py3-none-any.whl.metadata (2.5 kB)
#19 7.285 Collecting eth-abi>=5.0.1 (from web3>=7.0.0->-r /build/python/requirements.txt (line 4))
#19 7.297   Downloading eth_abi-5.2.0-py3-none-any.whl.metadata (3.8 kB)
#19 7.325 Collecting eth-account>=0.13.6 (from web3>=7.0.0->-r /build/python/requirements.txt (line 4))
#19 7.329   Downloading eth_account-0.13.7-py3-none-any.whl.metadata (3.7 kB)
#19 7.350 Collecting eth-hash>=0.5.1 (from eth-hash[pycryptodome]>=0.5.1->web3>=7.0.0->-r /build/python/requirements.txt (line 4))
#19 7.354   Downloading eth_hash-0.8.0-py3-none-any.whl.metadata (4.1 kB)
#19 7.380 Collecting eth-typing>=5.0.0 (from web3>=7.0.0->-r /build/python/requirements.txt (line 4))
#19 7.384   Downloading eth_typing-6.0.0-py3-none-any.whl.metadata (3.1 kB)
#19 7.427 Collecting eth-utils>=5.0.0 (from web3>=7.0.0->-r /build/python/requirements.txt (line 4))
#19 7.431   Downloading eth_utils-6.0.0-py3-none-any.whl.metadata (5.6 kB)
#19 7.450 Collecting hexbytes>=1.2.0 (from web3>=7.0.0->-r /build/python/requirements.txt (line 4))
#19 7.454   Downloading hexbytes-1.3.1-py3-none-any.whl.metadata (3.3 kB)
#19 8.193 Collecting aiohttp>=3.7.4.post0 (from web3>=7.0.0->-r /build/python/requirements.txt (line 4))
#19 8.196   Downloading aiohttp-3.13.5-cp311-cp311-manylinux2014_x86_64.manylinux_2_17_x86_64.manylinux_2_28_x86_64.whl.metadata (8.1 kB)
#19 8.389 Collecting pydantic>=2.4.0 (from web3>=7.0.0->-r /build/python/requirements.txt (line 4))
#19 8.392   Downloading pydantic-2.13.4-py3-none-any.whl.metadata (109 kB)
#19 8.397      ━━━━━━━━━━━━━━━━━━━━━━━━━━━━━━━━━━━━━ 109.4/109.4 kB 254.3 MB/s eta 0:00:00
#19 8.448 Collecting typing-extensions>=4.0.1 (from web3>=7.0.0->-r /build/python/requirements.txt (line 4))
#19 8.452   Downloading typing_extensions-4.15.0-py3-none-any.whl.metadata (3.3 kB)
#19 8.500 Collecting types-requests>=2.0.0 (from web3>=7.0.0->-r /build/python/requirements.txt (line 4))
#19 8.504   Downloading types_requests-2.33.0.20260518-py3-none-any.whl.metadata (2.2 kB)
#19 8.624 Collecting websockets<16.0.0,>=10.0.0 (from web3>=7.0.0->-r /build/python/requirements.txt (line 4))
#19 8.631   Downloading websockets-15.0.1-cp311-cp311-manylinux_2_5_x86_64.manylinux1_x86_64.manylinux_2_17_x86_64.manylinux2014_x86_64.whl.metadata (6.8 kB)
#19 8.645 Collecting pyunormalize>=15.0.0 (from web3>=7.0.0->-r /build/python/requirements.txt (line 4))
#19 8.649   Downloading pyunormalize-17.0.0-py3-none-any.whl.metadata (5.7 kB)
#19 8.681 Collecting poly_eip712_structs>=0.0.1 (from py-clob-client-v2@ git+https://github.com/Polymarket/py-clob-client-v2.git@394ecc18ab9ab20b48095b0b5c5de0042bdd6bb3->-r /build/python/requirements.txt (line 6))
#19 8.685   Downloading poly_eip712_structs-0.0.1-py3-none-any.whl.metadata (7.2 kB)
#19 8.763 Collecting py-order-utils>=0.3.2 (from py-clob-client-v2@ git+https://github.com/Polymarket/py-clob-client-v2.git@394ecc18ab9ab20b48095b0b5c5de0042bdd6bb3->-r /build/python/requirements.txt (line 6))
#19 8.766   Downloading py_order_utils-0.3.2-py3-none-any.whl.metadata (1.6 kB)
#19 8.799 Collecting httpx>=0.27.0 (from httpx[http2]>=0.27.0->py-clob-client-v2@ git+https://github.com/Polymarket/py-clob-client-v2.git@394ecc18ab9ab20b48095b0b5c5de0042bdd6bb3->-r /build/python/requirements.txt (line 6))
#19 8.802   Downloading httpx-0.28.1-py3-none-any.whl.metadata (7.1 kB)
#19 8.837 Collecting python-dotenv (from py-builder-relayer-client@ git+https://github.com/Polymarket/py-builder-relayer-client.git@6589f36740a2a98736f5b0499f29d2d234c583bc->-r /build/python/requirements.txt (line 7))
#19 8.840   Downloading python_dotenv-1.2.2-py3-none-any.whl.metadata (27 kB)
#19 8.861 Collecting py-builder-signing-sdk (from py-builder-relayer-client@ git+https://github.com/Polymarket/py-builder-relayer-client.git@6589f36740a2a98736f5b0499f29d2d234c583bc->-r /build/python/requirements.txt (line 7))
#19 8.865   Downloading py_builder_signing_sdk-0.0.2-py3-none-any.whl.metadata (1.7 kB)
#19 8.905 Collecting aiohappyeyeballs>=2.5.0 (from aiohttp>=3.7.4.post0->web3>=7.0.0->-r /build/python/requirements.txt (line 4))
#19 8.908   Downloading aiohappyeyeballs-2.6.2-py3-none-any.whl.metadata (5.9 kB)
#19 8.924 Collecting aiosignal>=1.4.0 (from aiohttp>=3.7.4.post0->web3>=7.0.0->-r /build/python/requirements.txt (line 4))
#19 8.927   Downloading aiosignal-1.4.0-py3-none-any.whl.metadata (3.7 kB)
#19 8.953 Collecting attrs>=17.3.0 (from aiohttp>=3.7.4.post0->web3>=7.0.0->-r /build/python/requirements.txt (line 4))
#19 8.956   Downloading attrs-26.1.0-py3-none-any.whl.metadata (8.8 kB)
#19 9.052 Collecting frozenlist>=1.1.1 (from aiohttp>=3.7.4.post0->web3>=7.0.0->-r /build/python/requirements.txt (line 4))
#19 9.055   Downloading frozenlist-1.8.0-cp311-cp311-manylinux1_x86_64.manylinux_2_28_x86_64.manylinux_2_5_x86_64.whl.metadata (20 kB)
#19 9.400 Collecting multidict<7.0,>=4.5 (from aiohttp>=3.7.4.post0->web3>=7.0.0->-r /build/python/requirements.txt (line 4))
#19 9.403   Downloading multidict-6.7.1-cp311-cp311-manylinux2014_x86_64.manylinux_2_17_x86_64.manylinux_2_28_x86_64.whl.metadata (5.3 kB)
#19 9.566 Collecting propcache>=0.2.0 (from aiohttp>=3.7.4.post0->web3>=7.0.0->-r /build/python/requirements.txt (line 4))
#19 9.569   Downloading propcache-0.5.2-cp311-cp311-manylinux2014_x86_64.manylinux_2_17_x86_64.manylinux_2_28_x86_64.whl.metadata (16 kB)
#19 9.959 Collecting yarl<2.0,>=1.17.0 (from aiohttp>=3.7.4.post0->web3>=7.0.0->-r /build/python/requirements.txt (line 4))
#19 9.962   Downloading yarl-1.24.2-cp311-cp311-manylinux2014_x86_64.manylinux_2_17_x86_64.manylinux_2_28_x86_64.whl.metadata (94 kB)
#19 9.965      ━━━━━━━━━━━━━━━━━━━━━━━━━━━━━━━━━━━━━━━ 94.2/94.2 kB 267.8 MB/s eta 0:00:00
#19 10.03 Collecting parsimonious<0.11.0,>=0.10.0 (from eth-abi>=5.0.1->web3>=7.0.0->-r /build/python/requirements.txt (line 4))
#19 10.04   Downloading parsimonious-0.10.0-py3-none-any.whl.metadata (25 kB)
#19 10.56 Collecting bitarray>=2.4.0 (from eth-account>=0.13.6->web3>=7.0.0->-r /build/python/requirements.txt (line 4))
#19 10.56   Downloading bitarray-3.8.1-cp311-cp311-manylinux2014_x86_64.manylinux_2_17_x86_64.manylinux_2_28_x86_64.whl.metadata (34 kB)
#19 10.57 Collecting eth-abi>=5.0.1 (from web3>=7.0.0->-r /build/python/requirements.txt (line 4))
#19 10.58   Downloading eth_abi-6.0.0b1-py3-none-any.whl.metadata (3.8 kB)
#19 10.59 Collecting eth-keyfile<0.9.0,>=0.7.0 (from eth-account>=0.13.6->web3>=7.0.0->-r /build/python/requirements.txt (line 4))
#19 10.60   Downloading eth_keyfile-0.8.1-py3-none-any.whl.metadata (8.5 kB)
#19 10.62 Collecting eth-keys>=0.4.0 (from eth-account>=0.13.6->web3>=7.0.0->-r /build/python/requirements.txt (line 4))
#19 10.62   Downloading eth_keys-0.7.0-py3-none-any.whl.metadata (13 kB)
#19 10.64 Collecting eth-rlp>=2.1.0 (from eth-account>=0.13.6->web3>=7.0.0->-r /build/python/requirements.txt (line 4))
#19 10.64   Downloading eth_rlp-2.2.0-py3-none-any.whl.metadata (3.3 kB)
#19 10.67 Collecting rlp>=1.0.0 (from eth-account>=0.13.6->web3>=7.0.0->-r /build/python/requirements.txt (line 4))
#19 10.68   Downloading rlp-4.1.0-py3-none-any.whl.metadata (3.2 kB)
#19 10.79 Collecting ckzg>=2.0.0 (from eth-account>=0.13.6->web3>=7.0.0->-r /build/python/requirements.txt (line 4))
#19 10.79   Downloading ckzg-2.1.7-cp311-cp311-manylinux2014_x86_64.manylinux_2_17_x86_64.manylinux_2_28_x86_64.whl.metadata (887 bytes)
#19 10.99 Collecting pycryptodome<4,>=3.6.6 (from eth-hash[pycryptodome]>=0.5.1->web3>=7.0.0->-r /build/python/requirements.txt (line 4))
#19 11.00   Downloading pycryptodome-3.23.0-cp37-abi3-manylinux_2_17_x86_64.manylinux2014_x86_64.whl.metadata (3.4 kB)
#19 11.13 Collecting cytoolz>=0.10.1 (from eth-utils>=5.0.0->web3>=7.0.0->-r /build/python/requirements.txt (line 4))
#19 11.14   Downloading cytoolz-1.1.0-cp311-cp311-manylinux2014_x86_64.manylinux_2_17_x86_64.manylinux_2_28_x86_64.whl.metadata (5.2 kB)
#19 11.23 Collecting anyio (from httpx>=0.27.0->httpx[http2]>=0.27.0->py-clob-client-v2@ git+https://github.com/Polymarket/py-clob-client-v2.git@394ecc18ab9ab20b48095b0b5c5de0042bdd6bb3->-r /build/python/requirements.txt (line 6))
#19 11.23   Downloading anyio-4.13.0-py3-none-any.whl.metadata (4.5 kB)
#19 11.26 Collecting httpcore==1.* (from httpx>=0.27.0->httpx[http2]>=0.27.0->py-clob-client-v2@ git+https://github.com/Polymarket/py-clob-client-v2.git@394ecc18ab9ab20b48095b0b5c5de0042bdd6bb3->-r /build/python/requirements.txt (line 6))
#19 11.27   Downloading httpcore-1.0.9-py3-none-any.whl.metadata (21 kB)
#19 11.29 Collecting h11>=0.16 (from httpcore==1.*->httpx>=0.27.0->httpx[http2]>=0.27.0->py-clob-client-v2@ git+https://github.com/Polymarket/py-clob-client-v2.git@394ecc18ab9ab20b48095b0b5c5de0042bdd6bb3->-r /build/python/requirements.txt (line 6))
#19 11.30   Downloading h11-0.16.0-py3-none-any.whl.metadata (8.3 kB)
#19 11.33 Collecting h2<5,>=3 (from httpx[http2]>=0.27.0->py-clob-client-v2@ git+https://github.com/Polymarket/py-clob-client-v2.git@394ecc18ab9ab20b48095b0b5c5de0042bdd6bb3->-r /build/python/requirements.txt (line 6))
#19 11.34   Downloading h2-4.3.0-py3-none-any.whl.metadata (5.1 kB)
#19 11.43 Collecting pytest (from poly_eip712_structs>=0.0.1->py-clob-client-v2@ git+https://github.com/Polymarket/py-clob-client-v2.git@394ecc18ab9ab20b48095b0b5c5de0042bdd6bb3->-r /build/python/requirements.txt (line 6))
#19 11.43   Downloading pytest-9.0.3-py3-none-any.whl.metadata (7.6 kB)
#19 11.46 Collecting annotated-types>=0.6.0 (from pydantic>=2.4.0->web3>=7.0.0->-r /build/python/requirements.txt (line 4))
#19 11.47   Downloading annotated_types-0.7.0-py3-none-any.whl.metadata (15 kB)
#19 12.65 Collecting pydantic-core==2.46.4 (from pydantic>=2.4.0->web3>=7.0.0->-r /build/python/requirements.txt (line 4))
#19 12.65   Downloading pydantic_core-2.46.4-cp311-cp311-manylinux_2_17_x86_64.manylinux2014_x86_64.whl.metadata (6.6 kB)
#19 12.67 Collecting typing-inspection>=0.4.2 (from pydantic>=2.4.0->web3>=7.0.0->-r /build/python/requirements.txt (line 4))
#19 12.68   Downloading typing_inspection-0.4.2-py3-none-any.whl.metadata (2.6 kB)
#19 12.82 Collecting toolz>=0.8.0 (from cytoolz>=0.10.1->eth-utils>=5.0.0->web3>=7.0.0->-r /build/python/requirements.txt (line 4))
#19 12.83   Downloading toolz-1.1.0-py3-none-any.whl.metadata (5.1 kB)
#19 12.94 Collecting hyperframe<7,>=6.1 (from h2<5,>=3->httpx[http2]>=0.27.0->py-clob-client-v2@ git+https://github.com/Polymarket/py-clob-client-v2.git@394ecc18ab9ab20b48095b0b5c5de0042bdd6bb3->-r /build/python/requirements.txt (line 6))
#19 12.94   Downloading hyperframe-6.1.0-py3-none-any.whl.metadata (4.3 kB)
#19 12.95 Collecting hpack<5,>=4.1 (from h2<5,>=3->httpx[http2]>=0.27.0->py-clob-client-v2@ git+https://github.com/Polymarket/py-clob-client-v2.git@394ecc18ab9ab20b48095b0b5c5de0042bdd6bb3->-r /build/python/requirements.txt (line 6))
#19 12.96   Downloading hpack-4.1.0-py3-none-any.whl.metadata (4.6 kB)
#19 13.51 Collecting regex>=2022.3.15 (from parsimonious<0.11.0,>=0.10.0->eth-abi>=5.0.1->web3>=7.0.0->-r /build/python/requirements.txt (line 4))
#19 13.51   Downloading regex-2026.5.9-cp311-cp311-manylinux2014_x86_64.manylinux_2_17_x86_64.manylinux_2_28_x86_64.whl.metadata (40 kB)
#19 13.52      ━━━━━━━━━━━━━━━━━━━━━━━━━━━━━━━━━━━━━━━ 40.4/40.4 kB 231.9 MB/s eta 0:00:00
#19 13.67 Collecting iniconfig>=1.0.1 (from pytest->poly_eip712_structs>=0.0.1->py-clob-client-v2@ git+https://github.com/Polymarket/py-clob-client-v2.git@394ecc18ab9ab20b48095b0b5c5de0042bdd6bb3->-r /build/python/requirements.txt (line 6))
#19 13.67   Downloading iniconfig-2.3.0-py3-none-any.whl.metadata (2.5 kB)
#19 13.71 Collecting packaging>=22 (from pytest->poly_eip712_structs>=0.0.1->py-clob-client-v2@ git+https://github.com/Polymarket/py-clob-client-v2.git@394ecc18ab9ab20b48095b0b5c5de0042bdd6bb3->-r /build/python/requirements.txt (line 6))
#19 13.71   Downloading packaging-26.2-py3-none-any.whl.metadata (3.5 kB)
#19 13.74 Collecting pluggy<2,>=1.5 (from pytest->poly_eip712_structs>=0.0.1->py-clob-client-v2@ git+https://github.com/Polymarket/py-clob-client-v2.git@394ecc18ab9ab20b48095b0b5c5de0042bdd6bb3->-r /build/python/requirements.txt (line 6))
#19 13.74   Downloading pluggy-1.6.0-py3-none-any.whl.metadata (4.8 kB)
#19 13.77 Collecting pygments>=2.7.2 (from pytest->poly_eip712_structs>=0.0.1->py-clob-client-v2@ git+https://github.com/Polymarket/py-clob-client-v2.git@394ecc18ab9ab20b48095b0b5c5de0042bdd6bb3->-r /build/python/requirements.txt (line 6))
#19 13.77   Downloading pygments-2.20.0-py3-none-any.whl.metadata (2.5 kB)
#19 13.89 Downloading requests-2.32.5-py3-none-any.whl (64 kB)
#19 13.89    ━━━━━━━━━━━━━━━━━━━━━━━━━━━━━━━━━━━━━━━━ 64.7/64.7 kB 243.9 MB/s eta 0:00:00
#19 13.89 Downloading PyYAML-6.0.2-cp311-cp311-manylinux_2_17_x86_64.manylinux2014_x86_64.whl (762 kB)
#19 13.90    ━━━━━━━━━━━━━━━━━━━━━━━━━━━━━━━━━━━━━━━ 763.0/763.0 kB 246.6 MB/s eta 0:00:00
#19 13.90 Downloading prometheus_client-0.23.1-py3-none-any.whl (61 kB)
#19 13.91    ━━━━━━━━━━━━━━━━━━━━━━━━━━━━━━━━━━━━━━━━ 61.1/61.1 kB 141.7 MB/s eta 0:00:00
#19 13.91 Downloading web3-7.16.0-py3-none-any.whl (1.4 MB)
#19 13.92    ━━━━━━━━━━━━━━━━━━━━━━━━━━━━━━━━━━━━━━━━ 1.4/1.4 MB 282.3 MB/s eta 0:00:00
#19 13.92 Downloading aiohttp-3.13.5-cp311-cp311-manylinux2014_x86_64.manylinux_2_17_x86_64.manylinux_2_28_x86_64.whl (1.8 MB)
#19 13.94    ━━━━━━━━━━━━━━━━━━━━━━━━━━━━━━━━━━━━━━━━ 1.8/1.8 MB 176.8 MB/s eta 0:00:00
#19 13.94 Downloading certifi-2026.5.20-py3-none-any.whl (134 kB)
#19 13.95    ━━━━━━━━━━━━━━━━━━━━━━━━━━━━━━━━━━━━━━━ 134.1/134.1 kB 271.4 MB/s eta 0:00:00
#19 13.95 Downloading charset_normalizer-3.4.7-cp311-cp311-manylinux2014_x86_64.manylinux_2_17_x86_64.manylinux_2_28_x86_64.whl (214 kB)
#19 13.96    ━━━━━━━━━━━━━━━━━━━━━━━━━━━━━━━━━━━━━━━ 214.1/214.1 kB 208.3 MB/s eta 0:00:00
#19 13.96 Downloading eth_abi-5.2.0-py3-none-any.whl (28 kB)
#19 13.96 Downloading eth_account-0.13.7-py3-none-any.whl (587 kB)
#19 13.97    ━━━━━━━━━━━━━━━━━━━━━━━━━━━━━━━━━━━━━━━ 587.5/587.5 kB 216.3 MB/s eta 0:00:00
#19 13.97 Downloading eth_hash-0.8.0-py3-none-any.whl (8.0 kB)
#19 13.98 Downloading eth_typing-6.0.0-py3-none-any.whl (19 kB)
#19 13.98 Downloading eth_utils-6.0.0-py3-none-any.whl (102 kB)
#19 13.99    ━━━━━━━━━━━━━━━━━━━━━━━━━━━━━━━━━━━━━━━ 102.5/102.5 kB 186.5 MB/s eta 0:00:00
#19 13.99 Downloading hexbytes-1.3.1-py3-none-any.whl (5.1 kB)
#19 14.00 Downloading httpx-0.28.1-py3-none-any.whl (73 kB)
#19 14.00    ━━━━━━━━━━━━━━━━━━━━━━━━━━━━━━━━━━━━━━━━ 73.5/73.5 kB 138.7 MB/s eta 0:00:00
#19 14.00 Downloading httpcore-1.0.9-py3-none-any.whl (78 kB)
#19 14.01    ━━━━━━━━━━━━━━━━━━━━━━━━━━━━━━━━━━━━━━━━ 78.8/78.8 kB 233.6 MB/s eta 0:00:00
#19 14.01 Downloading idna-3.15-py3-none-any.whl (72 kB)
#19 14.01    ━━━━━━━━━━━━━━━━━━━━━━━━━━━━━━━━━━━━━━━━ 72.3/72.3 kB 220.6 MB/s eta 0:00:00
#19 14.02 Downloading poly_eip712_structs-0.0.1-py3-none-any.whl (12 kB)
#19 14.02 Downloading py_order_utils-0.3.2-py3-none-any.whl (12 kB)
#19 14.03 Downloading pydantic-2.13.4-py3-none-any.whl (472 kB)
#19 14.03    ━━━━━━━━━━━━━━━━━━━━━━━━━━━━━━━━━━━━━━━ 472.3/472.3 kB 173.1 MB/s eta 0:00:00
#19 14.04 Downloading pydantic_core-2.46.4-cp311-cp311-manylinux_2_17_x86_64.manylinux2014_x86_64.whl (2.1 MB)
#19 14.05    ━━━━━━━━━━━━━━━━━━━━━━━━━━━━━━━━━━━━━━━━ 2.1/2.1 MB 176.4 MB/s eta 0:00:00
#19 14.06 Downloading pyunormalize-17.0.0-py3-none-any.whl (51 kB)
#19 14.06    ━━━━━━━━━━━━━━━━━━━━━━━━━━━━━━━━━━━━━━━━ 51.4/51.4 kB 198.4 MB/s eta 0:00:00
#19 14.06 Downloading types_requests-2.33.0.20260518-py3-none-any.whl (21 kB)
#19 14.07 Downloading typing_extensions-4.15.0-py3-none-any.whl (44 kB)
#19 14.07    ━━━━━━━━━━━━━━━━━━━━━━━━━━━━━━━━━━━━━━━━ 44.6/44.6 kB 206.9 MB/s eta 0:00:00
#19 14.07 Downloading urllib3-2.7.0-py3-none-any.whl (131 kB)
#19 14.08    ━━━━━━━━━━━━━━━━━━━━━━━━━━━━━━━━━━━━━━━ 131.1/131.1 kB 279.2 MB/s eta 0:00:00
#19 14.08 Downloading websockets-15.0.1-cp311-cp311-manylinux_2_5_x86_64.manylinux1_x86_64.manylinux_2_17_x86_64.manylinux2014_x86_64.whl (182 kB)
#19 14.08    ━━━━━━━━━━━━━━━━━━━━━━━━━━━━━━━━━━━━━━━ 182.3/182.3 kB 286.6 MB/s eta 0:00:00
#19 14.09 Downloading py_builder_signing_sdk-0.0.2-py3-none-any.whl (9.1 kB)
#19 14.09 Downloading python_dotenv-1.2.2-py3-none-any.whl (22 kB)
#19 14.09 Downloading aiohappyeyeballs-2.6.2-py3-none-any.whl (15 kB)
#19 14.09 Downloading aiosignal-1.4.0-py3-none-any.whl (7.5 kB)
#19 14.10 Downloading annotated_types-0.7.0-py3-none-any.whl (13 kB)
#19 14.10 Downloading attrs-26.1.0-py3-none-any.whl (67 kB)
#19 14.10    ━━━━━━━━━━━━━━━━━━━━━━━━━━━━━━━━━━━━━━━━ 67.5/67.5 kB 196.1 MB/s eta 0:00:00
#19 14.11 Downloading bitarray-3.8.1-cp311-cp311-manylinux2014_x86_64.manylinux_2_17_x86_64.manylinux_2_28_x86_64.whl (339 kB)
#19 14.11    ━━━━━━━━━━━━━━━━━━━━━━━━━━━━━━━━━━━━━━━ 339.2/339.2 kB 284.3 MB/s eta 0:00:00
#19 14.12 Downloading ckzg-2.1.7-cp311-cp311-manylinux2014_x86_64.manylinux_2_17_x86_64.manylinux_2_28_x86_64.whl (175 kB)
#19 14.12    ━━━━━━━━━━━━━━━━━━━━━━━━━━━━━━━━━━━━━━━ 175.7/175.7 kB 275.1 MB/s eta 0:00:00
#19 14.13 Downloading cytoolz-1.1.0-cp311-cp311-manylinux2014_x86_64.manylinux_2_17_x86_64.manylinux_2_28_x86_64.whl (2.8 MB)
#19 14.14    ━━━━━━━━━━━━━━━━━━━━━━━━━━━━━━━━━━━━━━━━ 2.8/2.8 MB 241.1 MB/s eta 0:00:00
#19 14.14 Downloading eth_keyfile-0.8.1-py3-none-any.whl (7.5 kB)
#19 14.15 Downloading eth_keys-0.7.0-py3-none-any.whl (20 kB)
#19 14.15 Downloading eth_rlp-2.2.0-py3-none-any.whl (4.4 kB)
#19 14.16 Downloading frozenlist-1.8.0-cp311-cp311-manylinux1_x86_64.manylinux_2_28_x86_64.manylinux_2_5_x86_64.whl (231 kB)
#19 14.16    ━━━━━━━━━━━━━━━━━━━━━━━━━━━━━━━━━━━━━━━ 231.1/231.1 kB 254.3 MB/s eta 0:00:00
#19 14.16 Downloading h2-4.3.0-py3-none-any.whl (61 kB)
#19 14.17    ━━━━━━━━━━━━━━━━━━━━━━━━━━━━━━━━━━━━━━━━ 61.8/61.8 kB 254.4 MB/s eta 0:00:00
#19 14.17 Downloading multidict-6.7.1-cp311-cp311-manylinux2014_x86_64.manylinux_2_17_x86_64.manylinux_2_28_x86_64.whl (246 kB)
#19 14.17    ━━━━━━━━━━━━━━━━━━━━━━━━━━━━━━━━━━━━━━━ 246.3/246.3 kB 245.3 MB/s eta 0:00:00
#19 14.18 Downloading parsimonious-0.10.0-py3-none-any.whl (48 kB)
#19 14.18    ━━━━━━━━━━━━━━━━━━━━━━━━━━━━━━━━━━━━━━━━ 48.4/48.4 kB 232.8 MB/s eta 0:00:00
#19 14.18 Downloading propcache-0.5.2-cp311-cp311-manylinux2014_x86_64.manylinux_2_17_x86_64.manylinux_2_28_x86_64.whl (58 kB)
#19 14.19    ━━━━━━━━━━━━━━━━━━━━━━━━━━━━━━━━━━━━━━━━ 58.9/58.9 kB 244.4 MB/s eta 0:00:00
#19 14.19 Downloading pycryptodome-3.23.0-cp37-abi3-manylinux_2_17_x86_64.manylinux2014_x86_64.whl (2.3 MB)
#19 14.20    ━━━━━━━━━━━━━━━━━━━━━━━━━━━━━━━━━━━━━━━━ 2.3/2.3 MB 259.3 MB/s eta 0:00:00
#19 14.21 Downloading rlp-4.1.0-py3-none-any.whl (19 kB)
#19 14.21 Downloading typing_inspection-0.4.2-py3-none-any.whl (14 kB)
#19 14.21 Downloading yarl-1.24.2-cp311-cp311-manylinux2014_x86_64.manylinux_2_17_x86_64.manylinux_2_28_x86_64.whl (106 kB)
#19 14.22    ━━━━━━━━━━━━━━━━━━━━━━━━━━━━━━━━━━━━━━━ 106.4/106.4 kB 249.0 MB/s eta 0:00:00
#19 14.22 Downloading anyio-4.13.0-py3-none-any.whl (114 kB)
#19 14.22    ━━━━━━━━━━━━━━━━━━━━━━━━━━━━━━━━━━━━━━━ 114.4/114.4 kB 281.3 MB/s eta 0:00:00
#19 14.22 Downloading pytest-9.0.3-py3-none-any.whl (375 kB)
#19 14.23    ━━━━━━━━━━━━━━━━━━━━━━━━━━━━━━━━━━━━━━━ 375.2/375.2 kB 309.0 MB/s eta 0:00:00
#19 14.23 Downloading h11-0.16.0-py3-none-any.whl (37 kB)
#19 14.24 Downloading hpack-4.1.0-py3-none-any.whl (34 kB)
#19 14.24 Downloading hyperframe-6.1.0-py3-none-any.whl (13 kB)
#19 14.24 Downloading iniconfig-2.3.0-py3-none-any.whl (7.5 kB)
#19 14.25 Downloading packaging-26.2-py3-none-any.whl (100 kB)
#19 14.25    ━━━━━━━━━━━━━━━━━━━━━━━━━━━━━━━━━━━━━━━ 100.2/100.2 kB 188.7 MB/s eta 0:00:00
#19 14.25 Downloading pluggy-1.6.0-py3-none-any.whl (20 kB)
#19 14.26 Downloading pygments-2.20.0-py3-none-any.whl (1.2 MB)
#19 14.26    ━━━━━━━━━━━━━━━━━━━━━━━━━━━━━━━━━━━━━━━━ 1.2/1.2 MB 279.3 MB/s eta 0:00:00
#19 14.27 Downloading regex-2026.5.9-cp311-cp311-manylinux2014_x86_64.manylinux_2_17_x86_64.manylinux_2_28_x86_64.whl (799 kB)
#19 14.27    ━━━━━━━━━━━━━━━━━━━━━━━━━━━━━━━━━━━━━━━ 799.8/799.8 kB 221.1 MB/s eta 0:00:00
#19 14.28 Downloading toolz-1.1.0-py3-none-any.whl (58 kB)
#19 14.28    ━━━━━━━━━━━━━━━━━━━━━━━━━━━━━━━━━━━━━━━━ 58.1/58.1 kB 206.7 MB/s eta 0:00:00
#19 14.39 Saved /wheelhouse/requests-2.32.5-py3-none-any.whl
#19 14.39 Saved /wheelhouse/PyYAML-6.0.2-cp311-cp311-manylinux_2_17_x86_64.manylinux2014_x86_64.whl
#19 14.39 Saved /wheelhouse/prometheus_client-0.23.1-py3-none-any.whl
#19 14.39 Saved /wheelhouse/web3-7.16.0-py3-none-any.whl
#19 14.39 Saved /wheelhouse/aiohttp-3.13.5-cp311-cp311-manylinux2014_x86_64.manylinux_2_17_x86_64.manylinux_2_28_x86_64.whl
#19 14.40 Saved /wheelhouse/certifi-2026.5.20-py3-none-any.whl
#19 14.40 Saved /wheelhouse/charset_normalizer-3.4.7-cp311-cp311-manylinux2014_x86_64.manylinux_2_17_x86_64.manylinux_2_28_x86_64.whl
#19 14.40 Saved /wheelhouse/eth_abi-5.2.0-py3-none-any.whl
#19 14.40 Saved /wheelhouse/eth_account-0.13.7-py3-none-any.whl
#19 14.40 Saved /wheelhouse/eth_hash-0.8.0-py3-none-any.whl
#19 14.40 Saved /wheelhouse/eth_typing-6.0.0-py3-none-any.whl
#19 14.40 Saved /wheelhouse/eth_utils-6.0.0-py3-none-any.whl
#19 14.40 Saved /wheelhouse/hexbytes-1.3.1-py3-none-any.whl
#19 14.40 Saved /wheelhouse/httpx-0.28.1-py3-none-any.whl
#19 14.40 Saved /wheelhouse/httpcore-1.0.9-py3-none-any.whl
#19 14.40 Saved /wheelhouse/idna-3.15-py3-none-any.whl
#19 14.40 Saved /wheelhouse/poly_eip712_structs-0.0.1-py3-none-any.whl
#19 14.40 Saved /wheelhouse/py_order_utils-0.3.2-py3-none-any.whl
#19 14.40 Saved /wheelhouse/pydantic-2.13.4-py3-none-any.whl
#19 14.40 Saved /wheelhouse/pydantic_core-2.46.4-cp311-cp311-manylinux_2_17_x86_64.manylinux2014_x86_64.whl
#19 14.40 Saved /wheelhouse/pyunormalize-17.0.0-py3-none-any.whl
#19 14.40 Saved /wheelhouse/types_requests-2.33.0.20260518-py3-none-any.whl
#19 14.40 Saved /wheelhouse/typing_extensions-4.15.0-py3-none-any.whl
#19 14.40 Saved /wheelhouse/urllib3-2.7.0-py3-none-any.whl
#19 14.41 Saved /wheelhouse/websockets-15.0.1-cp311-cp311-manylinux_2_5_x86_64.manylinux1_x86_64.manylinux_2_17_x86_64.manylinux2014_x86_64.whl
#19 14.41 Saved /wheelhouse/py_builder_signing_sdk-0.0.2-py3-none-any.whl
#19 14.41 Saved /wheelhouse/python_dotenv-1.2.2-py3-none-any.whl
#19 14.41 Saved /wheelhouse/aiohappyeyeballs-2.6.2-py3-none-any.whl
#19 14.41 Saved /wheelhouse/aiosignal-1.4.0-py3-none-any.whl
#19 14.41 Saved /wheelhouse/annotated_types-0.7.0-py3-none-any.whl
#19 14.41 Saved /wheelhouse/attrs-26.1.0-py3-none-any.whl
#19 14.41 Saved /wheelhouse/bitarray-3.8.1-cp311-cp311-manylinux2014_x86_64.manylinux_2_17_x86_64.manylinux_2_28_x86_64.whl
#19 14.41 Saved /wheelhouse/ckzg-2.1.7-cp311-cp311-manylinux2014_x86_64.manylinux_2_17_x86_64.manylinux_2_28_x86_64.whl
#19 14.41 Saved /wheelhouse/cytoolz-1.1.0-cp311-cp311-manylinux2014_x86_64.manylinux_2_17_x86_64.manylinux_2_28_x86_64.whl
#19 14.41 Saved /wheelhouse/eth_keyfile-0.8.1-py3-none-any.whl
#19 14.41 Saved /wheelhouse/eth_keys-0.7.0-py3-none-any.whl
#19 14.41 Saved /wheelhouse/eth_rlp-2.2.0-py3-none-any.whl
#19 14.41 Saved /wheelhouse/frozenlist-1.8.0-cp311-cp311-manylinux1_x86_64.manylinux_2_28_x86_64.manylinux_2_5_x86_64.whl
#19 14.41 Saved /wheelhouse/h2-4.3.0-py3-none-any.whl
#19 14.41 Saved /wheelhouse/multidict-6.7.1-cp311-cp311-manylinux2014_x86_64.manylinux_2_17_x86_64.manylinux_2_28_x86_64.whl
#19 14.41 Saved /wheelhouse/parsimonious-0.10.0-py3-none-any.whl
#19 14.41 Saved /wheelhouse/propcache-0.5.2-cp311-cp311-manylinux2014_x86_64.manylinux_2_17_x86_64.manylinux_2_28_x86_64.whl
#19 14.42 Saved /wheelhouse/pycryptodome-3.23.0-cp37-abi3-manylinux_2_17_x86_64.manylinux2014_x86_64.whl
#19 14.42 Saved /wheelhouse/rlp-4.1.0-py3-none-any.whl
#19 14.42 Saved /wheelhouse/typing_inspection-0.4.2-py3-none-any.whl
#19 14.42 Saved /wheelhouse/yarl-1.24.2-cp311-cp311-manylinux2014_x86_64.manylinux_2_17_x86_64.manylinux_2_28_x86_64.whl
#19 14.42 Saved /wheelhouse/anyio-4.13.0-py3-none-any.whl
#19 14.42 Saved /wheelhouse/pytest-9.0.3-py3-none-any.whl
#19 14.42 Saved /wheelhouse/h11-0.16.0-py3-none-any.whl
#19 14.42 Saved /wheelhouse/hpack-4.1.0-py3-none-any.whl
#19 14.42 Saved /wheelhouse/hyperframe-6.1.0-py3-none-any.whl
#19 14.42 Saved /wheelhouse/iniconfig-2.3.0-py3-none-any.whl
#19 14.42 Saved /wheelhouse/packaging-26.2-py3-none-any.whl
#19 14.42 Saved /wheelhouse/pluggy-1.6.0-py3-none-any.whl
#19 14.42 Saved /wheelhouse/pygments-2.20.0-py3-none-any.whl
#19 14.42 Saved /wheelhouse/regex-2026.5.9-cp311-cp311-manylinux2014_x86_64.manylinux_2_17_x86_64.manylinux_2_28_x86_64.whl
#19 14.42 Saved /wheelhouse/toolz-1.1.0-py3-none-any.whl
#19 14.85 Building wheels for collected packages: py-clob-client-v2, py-builder-relayer-client
#19 14.85   Building wheel for py-clob-client-v2 (setup.py): started
#19 15.76   Building wheel for py-clob-client-v2 (setup.py): finished with status 'done'
#19 15.76   Created wheel for py-clob-client-v2: filename=py_clob_client_v2-1.0.1-py3-none-any.whl size=49042 sha256=44e9f240cffc31cc7dbb50bc8a38e626005370694ff3b76cf46cfffabfe769a3
#19 15.76   Stored in directory: /tmp/pip-ephem-wheel-cache-2sqsw4tw/wheels/1d/3a/66/5cb4eaf3310eb034f6ecce1c9cab3bfd017ce287be0470803e
#19 15.77   Building wheel for py-builder-relayer-client (setup.py): started
#19 16.68   Building wheel for py-builder-relayer-client (setup.py): finished with status 'done'
#19 16.68   Created wheel for py-builder-relayer-client: filename=py_builder_relayer_client-0.0.2rc1-py3-none-any.whl size=30073 sha256=deca74dde2090d68b156f6af95cb5be52945fd753a515255a3ca15b66e18ec92
#19 16.68   Stored in directory: /tmp/pip-ephem-wheel-cache-2sqsw4tw/wheels/30/3d/5d/b5c9b5db75b4d5c21a4ede5243c72e1e60a1621fd3e947d7b2
#19 16.68 Successfully built py-clob-client-v2 py-builder-relayer-client
#19 16.77 
#19 16.77 [notice] A new release of pip is available: 24.0 -> 26.1.1
#19 16.77 [notice] To update, run: pip install --upgrade pip
#19 DONE 18.0s

#20 [bro-guardian stage-2 4/9] COPY --from=python-deps-builder /wheelhouse /wheelhouse
#20 DONE 0.0s

#21 [bro-guardian stage-2 5/9] RUN pip install --no-cache-dir /wheelhouse/*     && rm -rf /wheelhouse
#21 1.942 Processing /wheelhouse/PyYAML-6.0.2-cp311-cp311-manylinux_2_17_x86_64.manylinux2014_x86_64.whl
#21 1.956 Processing /wheelhouse/aiohappyeyeballs-2.6.2-py3-none-any.whl
#21 1.965 Processing /wheelhouse/aiohttp-3.13.5-cp311-cp311-manylinux2014_x86_64.manylinux_2_17_x86_64.manylinux_2_28_x86_64.whl
#21 1.979 Processing /wheelhouse/aiosignal-1.4.0-py3-none-any.whl
#21 1.987 Processing /wheelhouse/annotated_types-0.7.0-py3-none-any.whl
#21 1.996 Processing /wheelhouse/anyio-4.13.0-py3-none-any.whl
#21 2.005 Processing /wheelhouse/attrs-26.1.0-py3-none-any.whl
#21 2.013 Processing /wheelhouse/bitarray-3.8.1-cp311-cp311-manylinux2014_x86_64.manylinux_2_17_x86_64.manylinux_2_28_x86_64.whl
#21 2.023 Processing /wheelhouse/certifi-2026.5.20-py3-none-any.whl
#21 2.032 Processing /wheelhouse/charset_normalizer-3.4.7-cp311-cp311-manylinux2014_x86_64.manylinux_2_17_x86_64.manylinux_2_28_x86_64.whl
#21 2.041 Processing /wheelhouse/ckzg-2.1.7-cp311-cp311-manylinux2014_x86_64.manylinux_2_17_x86_64.manylinux_2_28_x86_64.whl
#21 2.050 Processing /wheelhouse/cytoolz-1.1.0-cp311-cp311-manylinux2014_x86_64.manylinux_2_17_x86_64.manylinux_2_28_x86_64.whl
#21 2.067 Processing /wheelhouse/eth_abi-5.2.0-py3-none-any.whl
#21 2.076 Processing /wheelhouse/eth_account-0.13.7-py3-none-any.whl
#21 2.087 Processing /wheelhouse/eth_hash-0.8.0-py3-none-any.whl
#21 2.099 Processing /wheelhouse/eth_keyfile-0.8.1-py3-none-any.whl
#21 2.112 Processing /wheelhouse/eth_keys-0.7.0-py3-none-any.whl
#21 2.125 Processing /wheelhouse/eth_rlp-2.2.0-py3-none-any.whl
#21 2.133 Processing /wheelhouse/eth_typing-6.0.0-py3-none-any.whl
#21 2.142 Processing /wheelhouse/eth_utils-6.0.0-py3-none-any.whl
#21 2.151 Processing /wheelhouse/frozenlist-1.8.0-cp311-cp311-manylinux1_x86_64.manylinux_2_28_x86_64.manylinux_2_5_x86_64.whl
#21 2.159 Processing /wheelhouse/h11-0.16.0-py3-none-any.whl
#21 2.168 Processing /wheelhouse/h2-4.3.0-py3-none-any.whl
#21 2.175 Processing /wheelhouse/hexbytes-1.3.1-py3-none-any.whl
#21 2.183 Processing /wheelhouse/hpack-4.1.0-py3-none-any.whl
#21 2.191 Processing /wheelhouse/httpcore-1.0.9-py3-none-any.whl
#21 2.200 Processing /wheelhouse/httpx-0.28.1-py3-none-any.whl
#21 2.209 Processing /wheelhouse/hyperframe-6.1.0-py3-none-any.whl
#21 2.222 Processing /wheelhouse/idna-3.15-py3-none-any.whl
#21 2.234 Processing /wheelhouse/iniconfig-2.3.0-py3-none-any.whl
#21 2.246 Processing /wheelhouse/multidict-6.7.1-cp311-cp311-manylinux2014_x86_64.manylinux_2_17_x86_64.manylinux_2_28_x86_64.whl
#21 2.260 Processing /wheelhouse/packaging-26.2-py3-none-any.whl
#21 2.274 Processing /wheelhouse/parsimonious-0.10.0-py3-none-any.whl
#21 2.284 Processing /wheelhouse/pluggy-1.6.0-py3-none-any.whl
#21 2.294 Processing /wheelhouse/poly_eip712_structs-0.0.1-py3-none-any.whl
#21 2.316 Processing /wheelhouse/prometheus_client-0.23.1-py3-none-any.whl
#21 2.330 Processing /wheelhouse/propcache-0.5.2-cp311-cp311-manylinux2014_x86_64.manylinux_2_17_x86_64.manylinux_2_28_x86_64.whl
#21 2.344 Processing /wheelhouse/py_builder_relayer_client-0.0.2rc1-py3-none-any.whl
#21 2.359 Processing /wheelhouse/py_builder_signing_sdk-0.0.2-py3-none-any.whl
#21 2.372 Processing /wheelhouse/py_clob_client_v2-1.0.1-py3-none-any.whl
#21 2.386 Processing /wheelhouse/py_order_utils-0.3.2-py3-none-any.whl
#21 2.399 Processing /wheelhouse/pycryptodome-3.23.0-cp37-abi3-manylinux_2_17_x86_64.manylinux2014_x86_64.whl
#21 2.426 Processing /wheelhouse/pydantic-2.13.4-py3-none-any.whl
#21 2.436 Processing /wheelhouse/pydantic_core-2.46.4-cp311-cp311-manylinux_2_17_x86_64.manylinux2014_x86_64.whl
#21 2.450 Processing /wheelhouse/pygments-2.20.0-py3-none-any.whl
#21 2.463 Processing /wheelhouse/pytest-9.0.3-py3-none-any.whl
#21 2.473 Processing /wheelhouse/python_dotenv-1.2.2-py3-none-any.whl
#21 2.481 Processing /wheelhouse/pyunormalize-17.0.0-py3-none-any.whl
#21 2.489 Processing /wheelhouse/regex-2026.5.9-cp311-cp311-manylinux2014_x86_64.manylinux_2_17_x86_64.manylinux_2_28_x86_64.whl
#21 2.499 Processing /wheelhouse/requests-2.32.5-py3-none-any.whl
#21 2.513 Processing /wheelhouse/rlp-4.1.0-py3-none-any.whl
#21 2.528 Processing /wheelhouse/toolz-1.1.0-py3-none-any.whl
#21 2.536 Processing /wheelhouse/types_requests-2.33.0.20260518-py3-none-any.whl
#21 2.545 Processing /wheelhouse/typing_extensions-4.15.0-py3-none-any.whl
#21 2.553 Processing /wheelhouse/typing_inspection-0.4.2-py3-none-any.whl
#21 2.562 Processing /wheelhouse/urllib3-2.7.0-py3-none-any.whl
#21 2.571 Processing /wheelhouse/web3-7.16.0-py3-none-any.whl
#21 2.583 Processing /wheelhouse/websockets-15.0.1-cp311-cp311-manylinux_2_5_x86_64.manylinux1_x86_64.manylinux_2_17_x86_64.manylinux2014_x86_64.whl
#21 2.593 Processing /wheelhouse/yarl-1.24.2-cp311-cp311-manylinux2014_x86_64.manylinux_2_17_x86_64.manylinux_2_28_x86_64.whl
#21 3.805 Installing collected packages: ckzg, bitarray, websockets, urllib3, typing-extensions, toolz, regex, PyYAML, pyunormalize, python-dotenv, pygments, pycryptodome, propcache, prometheus-client, pluggy, packaging, multidict, iniconfig, idna, hyperframe, hpack, hexbytes, h11, frozenlist, eth-hash, charset-normalizer, certifi, attrs, annotated-types, aiohappyeyeballs, yarl, typing-inspection, types-requests, requests, pytest, pydantic-core, parsimonious, httpcore, h2, eth-typing, cytoolz, anyio, aiosignal, pydantic, py-builder-signing-sdk, httpx, aiohttp, eth-utils, rlp, poly-eip712-structs, eth-keys, eth-abi, eth-rlp, eth-keyfile, eth-account, web3, py-order-utils, py-builder-relayer-client, py-clob-client-v2
#21 9.364 WARNING: Running pip as the 'root' user can result in broken permissions and conflicting behaviour with the system package manager. It is recommended to use a virtual environment instead: https://pip.pypa.io/warnings/venv
#21 9.365 Successfully installed PyYAML-6.0.2 aiohappyeyeballs-2.6.2 aiohttp-3.13.5 aiosignal-1.4.0 annotated-types-0.7.0 anyio-4.13.0 attrs-26.1.0 bitarray-3.8.1 certifi-2026.5.20 charset-normalizer-3.4.7 ckzg-2.1.7 cytoolz-1.1.0 eth-abi-5.2.0 eth-account-0.13.7 eth-hash-0.8.0 eth-keyfile-0.8.1 eth-keys-0.7.0 eth-rlp-2.2.0 eth-typing-6.0.0 eth-utils-6.0.0 frozenlist-1.8.0 h11-0.16.0 h2-4.3.0 hexbytes-1.3.1 hpack-4.1.0 httpcore-1.0.9 httpx-0.28.1 hyperframe-6.1.0 idna-3.15 iniconfig-2.3.0 multidict-6.7.1 packaging-26.2 parsimonious-0.10.0 pluggy-1.6.0 poly-eip712-structs-0.0.1 prometheus-client-0.23.1 propcache-0.5.2 py-builder-relayer-client-0.0.2rc1 py-builder-signing-sdk-0.0.2 py-clob-client-v2-1.0.1 py-order-utils-0.3.2 pycryptodome-3.23.0 pydantic-2.13.4 pydantic-core-2.46.4 pygments-2.20.0 pytest-9.0.3 python-dotenv-1.2.2 pyunormalize-17.0.0 regex-2026.5.9 requests-2.32.5 rlp-4.1.0 toolz-1.1.0 types-requests-2.33.0.20260518 typing-extensions-4.15.0 typing-inspection-0.4.2 urllib3-2.7.0 web3-7.16.0 websockets-15.0.1 yarl-1.24.2
#21 9.488 
#21 9.488 [notice] A new release of pip is available: 24.0 -> 26.1.1
#21 9.488 [notice] To update, run: pip install --upgrade pip
#21 DONE 9.7s

#22 [bro-guardian stage-2 6/9] COPY . /app
#22 DONE 0.2s

#23 [bro-guardian stage-2 7/9] COPY --from=worker-builder /build/workers/target/release/bro-market-stream-worker /app/workers/bin/bro-market-stream-worker
#23 DONE 0.0s

#24 [bro-maker stage-2 8/9] COPY --from=worker-builder /build/workers/target/release/bro-rtds-stream-worker /app/workers/bin/bro-rtds-stream-worker
#24 DONE 0.0s

#25 [bro-guardian stage-2 9/9] RUN addgroup --system bro && adduser --system --ingroup bro --home /home/bro --shell /usr/sbin/nologin bro     && mkdir -p /data /logs /tmp /config     && chown -R bro:bro /app /data /logs /tmp /config
#25 DONE 0.7s

#26 [bro-maker] exporting to image
#26 exporting layers
#26 exporting layers 5.6s done
#26 exporting manifest sha256:ebe1b0d8c3342e94078a9b8662842172f3680f296ac3ee2d70b4ea608b1bd36f done
#26 exporting config sha256:6235a07475fee1c80116dbacc4d36ffe95b267c5db7b50573e2f15432c4f38eb done
#26 exporting attestation manifest sha256:c81f2edf35d7baa416ecaf2390d67ee6da30a6fdf7ff65a751de355217923101 0.0s done
#26 exporting manifest list sha256:fc93ee22e2079bf65a89b34e2d18436c45235da87a529610df5e2c640f121e6f done
#26 naming to docker.io/library/bro_btc_paper-bro-maker:latest done
#26 unpacking to docker.io/library/bro_btc_paper-bro-maker:latest
#26 unpacking to docker.io/library/bro_btc_paper-bro-maker:latest 2.7s done
#26 DONE 8.4s

#27 [bro-guardian] exporting to image
#27 exporting layers 5.6s done
#27 exporting manifest sha256:4c065ae968ce578b492fc6089261b1fda603ab239f77b82be856230650f9af2b done
#27 exporting config sha256:b971137cc9f7a5f694bef26f464f4e46b9d6657418c53b56333bd43e10f85ad0 done
#27 exporting attestation manifest sha256:5a20cbcbc023294eae8e66d54ef3c6afbe64bdf779762152867294287ba39c32 0.0s done
#27 exporting manifest list sha256:c7366739b4fc94cb54f3392489b977789384867145133d08bb8fe643aead466c done
#27 naming to docker.io/library/bro_btc_paper-bro-guardian:latest done
#27 unpacking to docker.io/library/bro_btc_paper-bro-guardian:latest 2.7s done
#27 DONE 8.4s

#28 [bro-maker] resolving provenance for metadata file
#28 DONE 0.0s

#29 [bro-guardian] resolving provenance for metadata file
#29 DONE 0.0s
[deploy] docker image identity maker_ref=bro_btc_paper-bro-maker hash=sha256:fc93ee22e2079bf65a89b34e2d18436c45235da87a529610df5e2c640f121e6f
[deploy] stopping stack...
[deploy] clearing state and guard artifacts...
[deploy] starting stack...
[deploy] waiting 25s for health...
[deploy] service status:
NAME                           IMAGE                        COMMAND                  SERVICE        CREATED          STATUS                    PORTS
bro_btc_paper-bro-guardian-1   bro_btc_paper-bro-guardian   "python scripts/guar…"   bro-guardian   31 seconds ago   Up 25 seconds (healthy)   
bro_btc_paper-bro-maker-1      bro_btc_paper-bro-maker      "python executor.py …"   bro-maker      31 seconds ago   Up 31 seconds (healthy)   127.0.0.1:9108->9108/tcp
[deploy] manifest identity:
manifest_path /home/odah/bro/base/logs_exec/paper_universal/run_manifest_0584aedd-1f0f-4299-9cc8-f6864ded51f1.json
run_id 0584aedd-1f0f-4299-9cc8-f6864ded51f1
config_fingerprint_sha256 c52041e6c6f7a90b0370b774a88fd012630af90b11e1543715a5139c35070d17
config_source_path /config/profiles/paper_universal.yaml
config_source_sha256 c7d7a8dbea38d0263050244b8094f9f34bc18ad63b09020f2d6e69f01f7802e2
code_fingerprint_sha256 502f355e1d5982e54144be4e7b40f7bf0472be750ada4526736acdff922760a3
code_fingerprint_file_count 62
runtime_identity.effective_config_sha256 c52041e6c6f7a90b0370b774a88fd012630af90b11e1543715a5139c35070d17
runtime_identity.dependency_lock_sha256 099d5990011fa718a20432aea5e31b2c2854e3ce4fbc65f9c20f457a2c3e09b8
runtime_identity.docker_image_hash sha256:fc93ee22e2079bf65a89b34e2d18436c45235da87a529610df5e2c640f121e6f
