[deploy] validating paper setup lock in /home/odah/bro/base/configs/profiles/paper_universal.yaml...
setup_lock_verified paper_universal 2b8e996f837514dbaf4833cffd9230454c65f77f9751cd27c9dc531923426161
[deploy] resolved log_dir=/home/odah/bro/base/logs_exec/paper_universal
[deploy] resolved state_path=/home/odah/bro/base/data/paper_universal/state.json
[deploy] resolved guard_stop_file=/home/odah/bro/base/logs_exec/paper_universal/guard_stop.txt
canonical_deploy_authority_verified b7910e66-29d8-4dbe-8c83-860d6f0fa254 start 0b4932f5-d599-4a2f-990e-a4341d2771d0
[deploy] git identity commit=ef50707ca1df62f4fa8e9f5721d5316fc84132b8 dirty=1
[deploy] building images...
#1 [internal] load local bake definitions
#1 reading from stdin 953B done
#1 DONE 0.0s

#2 [bro-guardian internal] load build definition from Dockerfile
#2 transferring dockerfile:
#2 transferring dockerfile: 2.00kB done
#2 DONE 0.0s

#3 [bro-guardian internal] load metadata for docker.io/library/rust:1.88.0-slim-bookworm
#3 DONE 0.9s

#4 [bro-guardian internal] load metadata for docker.io/library/python:3.11-slim@sha256:d6e4d224f70f9e0172a06a3a2eba2f768eb146811a349278b38fff3a36463b47
#4 DONE 0.9s

#5 [bro-guardian internal] load .dockerignore
#5 transferring context: 260B done
#5 DONE 0.0s

#6 [bro-maker worker-builder 1/6] FROM docker.io/library/rust:1.88.0-slim-bookworm@sha256:38bc5a86d998772d4aec2348656ed21438d20fcdce2795b56ca434cf21430d89
#6 resolve docker.io/library/rust:1.88.0-slim-bookworm@sha256:38bc5a86d998772d4aec2348656ed21438d20fcdce2795b56ca434cf21430d89 0.0s done
#6 DONE 0.0s

#7 [bro-guardian python-deps-builder 1/5] FROM docker.io/library/python:3.11-slim@sha256:d6e4d224f70f9e0172a06a3a2eba2f768eb146811a349278b38fff3a36463b47
#7 resolve docker.io/library/python:3.11-slim@sha256:d6e4d224f70f9e0172a06a3a2eba2f768eb146811a349278b38fff3a36463b47 0.0s done
#7 DONE 0.0s

#8 [bro-guardian internal] load build context
#8 transferring context: 2.87MB 0.1s done
#8 DONE 0.1s

#9 [bro-maker worker-builder 5/6] COPY workers/src /build/workers/src
#9 CACHED

#10 [bro-maker worker-builder 3/6] COPY workers/Cargo.toml /build/workers/Cargo.toml
#10 CACHED

#11 [bro-maker worker-builder 4/6] COPY workers/Cargo.lock /build/workers/Cargo.lock
#11 CACHED

#12 [bro-maker worker-builder 2/6] WORKDIR /build/workers
#12 CACHED

#13 [bro-maker worker-builder 6/6] RUN cargo build --release --locked
#13 CACHED

#14 [bro-maker stage-2 2/9] WORKDIR /app
#14 CACHED

#15 [bro-maker stage-2 3/9] COPY requirements.txt /app/requirements.txt
#15 CACHED

#16 [bro-maker python-deps-builder 3/5] RUN apt-get update     && apt-get install -y --no-install-recommends git     && rm -rf /var/lib/apt/lists/*
#16 CACHED

#17 [bro-maker stage-2 4/9] COPY --from=python-deps-builder /wheelhouse /wheelhouse
#17 CACHED

#18 [bro-maker python-deps-builder 2/5] WORKDIR /build/python
#18 CACHED

#19 [bro-maker python-deps-builder 5/5] RUN python -m pip wheel --no-cache-dir --wheel-dir /wheelhouse -r /build/python/requirements.txt
#19 CACHED

#20 [bro-maker python-deps-builder 4/5] COPY requirements.txt /build/python/requirements.txt
#20 CACHED

#21 [bro-maker stage-2 5/9] RUN pip install --no-cache-dir /wheelhouse/*     && rm -rf /wheelhouse
#21 CACHED

#22 [bro-maker stage-2 6/9] COPY . /app
#22 DONE 0.2s

#23 [bro-maker stage-2 7/9] COPY --from=worker-builder /build/workers/target/release/bro-market-stream-worker /app/workers/bin/bro-market-stream-worker
#23 DONE 0.0s

#24 [bro-guardian stage-2 8/9] COPY --from=worker-builder /build/workers/target/release/bro-rtds-stream-worker /app/workers/bin/bro-rtds-stream-worker
#24 DONE 0.0s

#25 [bro-guardian stage-2 9/9] RUN addgroup --system bro && adduser --system --ingroup bro --home /home/bro --shell /usr/sbin/nologin bro     && mkdir -p /data /logs /tmp /config     && chown -R bro:bro /app /data /logs /tmp /config
#25 DONE 0.7s

#26 [bro-maker] exporting to image
#26 exporting layers
#26 exporting layers 1.7s done
#26 exporting manifest sha256:07382b7e772de1d7d6bf6622326f022f6ab1f60c288d30e30191d90304e9fcbc
#26 exporting manifest sha256:07382b7e772de1d7d6bf6622326f022f6ab1f60c288d30e30191d90304e9fcbc done
#26 exporting config sha256:7c2ae463191f5758131a42af26d2ed8f95a56ff77d3ecc6b4fb4129bfde47047 0.0s done
#26 exporting attestation manifest sha256:1c9d4cd74bf282544a09b041a719351c71b4f30205225a065a9e17c7d3d9eba2 0.0s done
#26 exporting manifest list sha256:4e675d5b4a5fd33ffdb7ecc8dcec32e7f6a774cd34fa546bfdd4eab600d74b1c done
#26 naming to docker.io/library/bro_btc_paper-bro-maker:latest done
#26 unpacking to docker.io/library/bro_btc_paper-bro-maker:latest
#26 unpacking to docker.io/library/bro_btc_paper-bro-maker:latest 0.9s done
#26 DONE 2.7s

#27 [bro-guardian] exporting to image
#27 exporting layers 1.7s done
#27 exporting manifest sha256:3870c177f6c1daf61b035317bab2f980a1878ef15ee251aa3aee37904860db77 done
#27 exporting config sha256:e7b3d7339372c3739586c4ef2f6fd67f37808604d567b61d1c628a2fd3b75050 done
#27 exporting attestation manifest sha256:ebd4c6f3cbf075a1ffbf09bcafaa8e226e5f985f53073263baf0d592e8f22328 0.0s done
#27 exporting manifest list sha256:8c85f0e7ff85ca404170be78b391883619dc3da9bbfd2b27ae62c23c765ea8c5 done
#27 naming to docker.io/library/bro_btc_paper-bro-guardian:latest done
#27 unpacking to docker.io/library/bro_btc_paper-bro-guardian:latest 0.9s done
#27 DONE 2.7s

#28 [bro-maker] resolving provenance for metadata file
#28 DONE 0.0s

#29 [bro-guardian] resolving provenance for metadata file
#29 DONE 0.0s
[deploy] docker image identity maker_ref=bro_btc_paper-bro-maker hash=sha256:4e675d5b4a5fd33ffdb7ecc8dcec32e7f6a774cd34fa546bfdd4eab600d74b1c
[deploy] stopping stack...
[deploy] clearing state and guard artifacts...
[deploy] starting stack...
[deploy] waiting 25s for health...
[deploy] service status:
NAME                           IMAGE                        COMMAND                  SERVICE        CREATED          STATUS                    PORTS
bro_btc_paper-bro-guardian-1   bro_btc_paper-bro-guardian   "python scripts/guar…"   bro-guardian   32 seconds ago   Up 25 seconds (healthy)   
bro_btc_paper-bro-maker-1      bro_btc_paper-bro-maker      "python executor.py …"   bro-maker      32 seconds ago   Up 31 seconds (healthy)   127.0.0.1:9108->9108/tcp
[deploy] manifest identity:
manifest_path /home/odah/bro/base/logs_exec/paper_universal/run_manifest_0b4932f5-d599-4a2f-990e-a4341d2771d0.json
run_id 0b4932f5-d599-4a2f-990e-a4341d2771d0
config_fingerprint_sha256 2b8e996f837514dbaf4833cffd9230454c65f77f9751cd27c9dc531923426161
config_source_path /config/profiles/paper_universal.yaml
config_source_sha256 505ec411ac7804635d2421ff16234a07437e9c8007118fdbd4f96ddd7f261f8c
code_fingerprint_sha256 8e5a752316db8961612471de2f34067071c73f36f515f3fc05538b0a15936fd6
code_fingerprint_file_count 62
runtime_identity.effective_config_sha256 2b8e996f837514dbaf4833cffd9230454c65f77f9751cd27c9dc531923426161
runtime_identity.dependency_lock_sha256 099d5990011fa718a20432aea5e31b2c2854e3ce4fbc65f9c20f457a2c3e09b8
runtime_identity.docker_image_hash sha256:4e675d5b4a5fd33ffdb7ecc8dcec32e7f6a774cd34fa546bfdd4eab600d74b1c
