[deploy] validating paper setup lock in /home/odah/bro/base/configs/profiles/paper_universal.yaml...
setup_lock_verified paper_universal 2e92dd449715ed6b45a55c9025fad887665491d2f2788fe3071f31da3ff02d50
[deploy] resolved log_dir=/home/odah/bro/base/logs_exec/paper_universal
[deploy] resolved state_path=/home/odah/bro/base/data/paper_universal/state.json
[deploy] resolved guard_stop_file=/home/odah/bro/base/logs_exec/paper_universal/guard_stop.txt
canonical_deploy_authority_verified f4784ba6-63e7-4c19-ab32-0115d5b9f436 start aca1a441-930e-4415-a6b4-2c44cbcad328
[deploy] git identity commit=000a7f4c1c605abbf0892edd790e6ee6cf809394 dirty=1
[deploy] building images...
#1 [internal] load local bake definitions
#1 reading from stdin 953B done
#1 DONE 0.0s

#2 [bro-maker internal] load build definition from Dockerfile
#2 transferring dockerfile: 858B 0.0s done
#2 DONE 0.0s

#3 [bro-guardian internal] load metadata for docker.io/library/python:3.11-slim@sha256:d6e4d224f70f9e0172a06a3a2eba2f768eb146811a349278b38fff3a36463b47
#3 DONE 1.0s

#4 [bro-guardian internal] load .dockerignore
#4 transferring context: 260B done
#4 DONE 0.0s

#5 [bro-maker 1/6] FROM docker.io/library/python:3.11-slim@sha256:d6e4d224f70f9e0172a06a3a2eba2f768eb146811a349278b38fff3a36463b47
#5 resolve docker.io/library/python:3.11-slim@sha256:d6e4d224f70f9e0172a06a3a2eba2f768eb146811a349278b38fff3a36463b47 0.0s done
#5 DONE 0.0s

#6 [bro-maker internal] load build context
#6 transferring context: 59.89kB 0.1s done
#6 transferring context: 59.89kB 0.1s done
#6 DONE 0.1s

#7 [bro-guardian 2/6] WORKDIR /app
#7 CACHED

#8 [bro-guardian 3/6] COPY requirements.txt /app/requirements.txt
#8 CACHED

#9 [bro-guardian 4/6] RUN pip install --no-cache-dir -r /app/requirements.txt
#9 CACHED

#10 [bro-guardian 5/6] COPY . /app
#10 DONE 0.3s

#11 [bro-maker 6/6] RUN addgroup --system bro && adduser --system --ingroup bro --home /home/bro --shell /usr/sbin/nologin bro     && mkdir -p /data /logs /tmp /config     && chown -R bro:bro /app /data /logs /tmp /config
#11 DONE 1.3s

#12 [bro-maker] exporting to image
#12 exporting layers
#12 exporting layers 1.8s done
#12 exporting manifest sha256:92c5f6bad0114a4baec72b6c8e349673d67f2c24dab4e5c32edba6f6596b4895 0.0s done
#12 exporting config sha256:dd110f0cf347c08cb3309ac3265fcc1d83f7890b274dbaf230c985bc33c6d5cb 0.0s done
#12 exporting attestation manifest sha256:57c6d9be350bc1a0abc27e5f895b50fd1931450b9e48c5386c21a52a6f92394a 0.0s done
#12 exporting manifest list sha256:abdc8a9ffa5504e447672b60bec3df34191deac0f1fa7483d68d2b978b54fce4
#12 exporting manifest list sha256:abdc8a9ffa5504e447672b60bec3df34191deac0f1fa7483d68d2b978b54fce4 0.0s done
#12 naming to docker.io/library/bro_btc_paper-bro-maker:latest done
#12 unpacking to docker.io/library/bro_btc_paper-bro-maker:latest
#12 unpacking to docker.io/library/bro_btc_paper-bro-maker:latest 1.5s done
#12 DONE 3.6s

#13 [bro-guardian] exporting to image
#13 exporting layers 1.8s done
#13 exporting manifest sha256:38e48b47df32ad25db5312adce4fb3851065d01952640423d74cc955b300b737 0.0s done
#13 exporting config sha256:2bb517f35cecc65e90315f98594be636bdda9f748859ca4c09c3c8d6e0a4d936 0.0s done
#13 exporting attestation manifest sha256:7c0d78266109faabbdd6a465f5218adfb6cb7cb620fe53c047915f4d7285e316 0.0s done
#13 exporting manifest list sha256:898d8b1ef177731e4d94948b8f489af66924d0da615e95581302ae797da18e92 0.0s done
#13 naming to docker.io/library/bro_btc_paper-bro-guardian:latest done
#13 unpacking to docker.io/library/bro_btc_paper-bro-guardian:latest 1.5s done
#13 DONE 3.6s

#14 [bro-guardian] resolving provenance for metadata file
#14 DONE 0.0s

#15 [bro-maker] resolving provenance for metadata file
#15 DONE 0.0s
[deploy] docker image identity maker_ref=bro_btc_paper-bro-maker hash=sha256:abdc8a9ffa5504e447672b60bec3df34191deac0f1fa7483d68d2b978b54fce4
[deploy] stopping stack...
[deploy] clearing state and guard artifacts...
[deploy] starting stack...
[deploy] waiting 5s for health...
[deploy] service status:
NAME                           IMAGE                        COMMAND                  SERVICE        CREATED          STATUS                            PORTS
bro_btc_paper-bro-guardian-1   bro_btc_paper-bro-guardian   "python scripts/guar…"   bro-guardian   18 seconds ago   Up 5 seconds (health: starting)   
bro_btc_paper-bro-maker-1      bro_btc_paper-bro-maker      "python executor.py …"   bro-maker      18 seconds ago   Up 17 seconds (healthy)           127.0.0.1:9108->9108/tcp
[deploy] manifest identity:
manifest_path /home/odah/bro/base/logs_exec/paper_universal/run_manifest_aca1a441-930e-4415-a6b4-2c44cbcad328.json
run_id aca1a441-930e-4415-a6b4-2c44cbcad328
config_fingerprint_sha256 2e92dd449715ed6b45a55c9025fad887665491d2f2788fe3071f31da3ff02d50
config_source_path /config/profiles/paper_universal.yaml
config_source_sha256 0c015b9dc29a53d297dc30ee65e91f7722aae7eaef67bbe09e3d8ae71482f76e
code_fingerprint_sha256 02bf93698388d7add20f61e2805dc3e026bd1ea87311bf51dfacdacb33fb8243
code_fingerprint_file_count 57
runtime_identity.effective_config_sha256 2e92dd449715ed6b45a55c9025fad887665491d2f2788fe3071f31da3ff02d50
runtime_identity.dependency_lock_sha256 099d5990011fa718a20432aea5e31b2c2854e3ce4fbc65f9c20f457a2c3e09b8
runtime_identity.docker_image_hash sha256:abdc8a9ffa5504e447672b60bec3df34191deac0f1fa7483d68d2b978b54fce4
