[deploy] validating paper setup lock in /home/odah/bro/base/configs/profiles/paper_universal.yaml...
setup_lock_verified paper_universal 593aaf52756657e50ee042d3129a545625844dc640c2bb6d82f4b8646e25540a
[deploy] resolved log_dir=/home/odah/bro/base/logs_exec/paper_universal
[deploy] resolved state_path=/home/odah/bro/base/data/paper_universal/state.json
[deploy] resolved guard_stop_file=/home/odah/bro/base/logs_exec/paper_universal/guard_stop.txt
canonical_deploy_authority_verified 9572a251-eb18-41cc-89da-5c631d92f58b start e2529bc8-2212-48db-a9d6-b7c48cdfccd2
[deploy] git identity commit=059c2ab8517f4ab03679c5a465c6638663192455 dirty=1
[deploy] building images...
#1 [internal] load local bake definitions
#1 reading from stdin 953B done
#1 DONE 0.0s

#2 [bro-maker internal] load build definition from Dockerfile
#2 transferring dockerfile: 2.00kB done
#2 DONE 0.0s

#3 [bro-guardian internal] load metadata for docker.io/library/rust:1.88.0-slim-bookworm
#3 DONE 1.1s

#4 [bro-maker internal] load metadata for docker.io/library/python:3.11-slim@sha256:d6e4d224f70f9e0172a06a3a2eba2f768eb146811a349278b38fff3a36463b47
#4 DONE 1.0s

#5 [bro-guardian internal] load .dockerignore
#5 transferring context: 260B done
#5 DONE 0.0s

#6 [bro-guardian python-deps-builder 1/5] FROM docker.io/library/python:3.11-slim@sha256:d6e4d224f70f9e0172a06a3a2eba2f768eb146811a349278b38fff3a36463b47
#6 resolve docker.io/library/python:3.11-slim@sha256:d6e4d224f70f9e0172a06a3a2eba2f768eb146811a349278b38fff3a36463b47 0.0s done
#6 DONE 0.0s

#7 [bro-guardian worker-builder 1/6] FROM docker.io/library/rust:1.88.0-slim-bookworm@sha256:38bc5a86d998772d4aec2348656ed21438d20fcdce2795b56ca434cf21430d89
#7 resolve docker.io/library/rust:1.88.0-slim-bookworm@sha256:38bc5a86d998772d4aec2348656ed21438d20fcdce2795b56ca434cf21430d89 0.0s done
#7 DONE 0.0s

#8 [bro-guardian internal] load build context
#8 transferring context: 2.80MB 0.3s done
#8 transferring context: 2.80MB 0.3s done
#8 DONE 0.3s

#9 [bro-guardian stage-2 4/9] COPY --from=python-deps-builder /wheelhouse /wheelhouse
#9 CACHED

#10 [bro-guardian stage-2 3/9] COPY requirements.txt /app/requirements.txt
#10 CACHED

#11 [bro-guardian stage-2 2/9] WORKDIR /app
#11 CACHED

#12 [bro-guardian python-deps-builder 3/5] RUN apt-get update     && apt-get install -y --no-install-recommends git     && rm -rf /var/lib/apt/lists/*
#12 CACHED

#13 [bro-guardian python-deps-builder 5/5] RUN python -m pip wheel --no-cache-dir --wheel-dir /wheelhouse -r /build/python/requirements.txt
#13 CACHED

#14 [bro-guardian python-deps-builder 2/5] WORKDIR /build/python
#14 CACHED

#15 [bro-guardian python-deps-builder 4/5] COPY requirements.txt /build/python/requirements.txt
#15 CACHED

#16 [bro-guardian worker-builder 2/6] WORKDIR /build/workers
#16 CACHED

#17 [bro-guardian worker-builder 4/6] COPY workers/Cargo.lock /build/workers/Cargo.lock
#17 CACHED

#18 [bro-guardian worker-builder 3/6] COPY workers/Cargo.toml /build/workers/Cargo.toml
#18 CACHED

#19 [bro-guardian worker-builder 5/6] COPY workers/src /build/workers/src
#19 CACHED

#20 [bro-guardian stage-2 5/9] RUN pip install --no-cache-dir /wheelhouse/*     && rm -rf /wheelhouse
#20 CACHED

#21 [bro-guardian worker-builder 6/6] RUN cargo build --release --locked
#21 CACHED

#22 [bro-guardian stage-2 6/9] COPY . /app
#22 DONE 2.8s

#23 [bro-maker stage-2 7/9] COPY --from=worker-builder /build/workers/target/release/bro-market-stream-worker /app/workers/bin/bro-market-stream-worker
#23 DONE 0.1s

#24 [bro-maker stage-2 8/9] COPY --from=worker-builder /build/workers/target/release/bro-rtds-stream-worker /app/workers/bin/bro-rtds-stream-worker
#24 DONE 0.0s

#25 [bro-guardian stage-2 9/9] RUN addgroup --system bro && adduser --system --ingroup bro --home /home/bro --shell /usr/sbin/nologin bro     && mkdir -p /data /logs /tmp /config     && chown -R bro:bro /app /data /logs /tmp /config
#25 DONE 3.6s

#26 [bro-guardian] exporting to image
#26 exporting layers
#26 ...

#27 [bro-maker] exporting to image
#27 ...

#26 [bro-guardian] exporting to image
#26 exporting layers 39.4s done
#26 exporting manifest sha256:208ed15767f727e557451536522a0edb147ad29802fa40025feed8dbe96b832c done
#26 exporting config sha256:cc90d3490d2ad8bae6de3bada31d9360a59830b19015bfb5964eddbf82728512 done
#26 exporting attestation manifest sha256:31a3e8da4148a1d5fa1f1fde93501b824084488abba0beb4dab5cf7f6b713320 0.0s done
#26 exporting manifest list sha256:c1590141a6be02f178eba5045a048fe73274dcde4b81be8d737834ab079e0017 done
#26 naming to docker.io/library/bro_btc_paper-bro-guardian:latest done
#26 unpacking to docker.io/library/bro_btc_paper-bro-guardian:latest
#26 ...

#27 [bro-maker] exporting to image
#27 exporting layers 39.4s done
#27 exporting manifest sha256:f47ba4f87022d5f894e15efafcf527a9cf70001106547d687bcaf7dcf10d96ac done
#27 exporting config sha256:9ca6af1f9c8b6622f426e52b2790d67900823e06eddc2bb7653d10e2dcfe5855 done
#27 exporting attestation manifest sha256:67b1a8e820dd42521202617a3703faa078fd216b76d2b3e9567c0fe1fad0893e 0.0s done
#27 exporting manifest list sha256:7f1f97e05389c30a3d646401ba0e1882b3989de4fd6d1dbe49a0cc6a039fc6fc done
#27 naming to docker.io/library/bro_btc_paper-bro-maker:latest done
#27 unpacking to docker.io/library/bro_btc_paper-bro-maker:latest
#27 unpacking to docker.io/library/bro_btc_paper-bro-maker:latest 20.8s done
#27 DONE 60.3s

#26 [bro-guardian] exporting to image
#26 unpacking to docker.io/library/bro_btc_paper-bro-guardian:latest 20.9s done
#26 DONE 60.3s

#28 [bro-maker] resolving provenance for metadata file
#28 DONE 0.1s

#29 [bro-guardian] resolving provenance for metadata file
#29 DONE 0.0s
[deploy] docker image identity maker_ref=bro_btc_paper-bro-maker hash=sha256:7f1f97e05389c30a3d646401ba0e1882b3989de4fd6d1dbe49a0cc6a039fc6fc
[deploy] stopping stack...
[deploy] clearing state and guard artifacts...
[deploy] starting stack...
[deploy] waiting 25s for health...
[deploy] service status:
NAME                           IMAGE                        COMMAND                  SERVICE        CREATED          STATUS                    PORTS
bro_btc_paper-bro-guardian-1   bro_btc_paper-bro-guardian   "python scripts/guar…"   bro-guardian   32 seconds ago   Up 25 seconds (healthy)   
bro_btc_paper-bro-maker-1      bro_btc_paper-bro-maker      "python executor.py …"   bro-maker      32 seconds ago   Up 31 seconds (healthy)   127.0.0.1:9108->9108/tcp
[deploy] manifest identity:
manifest_path /home/odah/bro/base/logs_exec/paper_universal/run_manifest_e2529bc8-2212-48db-a9d6-b7c48cdfccd2.json
run_id e2529bc8-2212-48db-a9d6-b7c48cdfccd2
config_fingerprint_sha256 593aaf52756657e50ee042d3129a545625844dc640c2bb6d82f4b8646e25540a
config_source_path /config/profiles/paper_universal.yaml
config_source_sha256 cc3470587b92b18895d11667211a509e38b8fd1a599976338b0607b1532bc73b
code_fingerprint_sha256 90313eb63cd5e51a0ee9556360ea1f9cbbdd2d019c2bec037aea3d286660e383
code_fingerprint_file_count 59
runtime_identity.effective_config_sha256 593aaf52756657e50ee042d3129a545625844dc640c2bb6d82f4b8646e25540a
runtime_identity.dependency_lock_sha256 099d5990011fa718a20432aea5e31b2c2854e3ce4fbc65f9c20f457a2c3e09b8
runtime_identity.docker_image_hash sha256:7f1f97e05389c30a3d646401ba0e1882b3989de4fd6d1dbe49a0cc6a039fc6fc
