[deploy] validating paper setup lock in /home/odah/bro/base/configs/profiles/paper_universal.yaml...
setup_lock_verified paper_universal 35d4c39b7facdba59fcc140448408030efa86042585ff7535a645133cfaa4b67
[deploy] resolved log_dir=/home/odah/bro/base/logs_exec/paper_universal
[deploy] resolved state_path=/home/odah/bro/base/data/paper_universal/state.json
[deploy] resolved guard_stop_file=/home/odah/bro/base/logs_exec/paper_universal/guard_stop.txt
canonical_deploy_authority_verified 988b4e84-11f3-4dc0-af91-55f6d840f977 start 4f843da4-16ec-4616-948c-c7b19e7f5aea
[deploy] git identity commit=d3fba7df8b14c5da9be6a22b49f761dd83e733a6 dirty=1
[deploy] building images...
#1 [internal] load local bake definitions
#1 reading from stdin 953B done
#1 DONE 0.0s

#2 [bro-guardian internal] load build definition from Dockerfile
#2 transferring dockerfile: 2.00kB 0.0s done
#2 DONE 0.0s

#3 [bro-maker internal] load metadata for docker.io/library/rust:1.88.0-slim-bookworm
#3 DONE 1.0s

#4 [bro-maker internal] load metadata for docker.io/library/python:3.11-slim@sha256:d6e4d224f70f9e0172a06a3a2eba2f768eb146811a349278b38fff3a36463b47
#4 DONE 1.3s

#5 [bro-maker internal] load .dockerignore
#5 transferring context: 260B done
#5 DONE 0.0s

#6 [bro-guardian python-deps-builder 1/5] FROM docker.io/library/python:3.11-slim@sha256:d6e4d224f70f9e0172a06a3a2eba2f768eb146811a349278b38fff3a36463b47
#6 resolve docker.io/library/python:3.11-slim@sha256:d6e4d224f70f9e0172a06a3a2eba2f768eb146811a349278b38fff3a36463b47 0.0s done
#6 DONE 0.0s

#7 [bro-guardian worker-builder 1/6] FROM docker.io/library/rust:1.88.0-slim-bookworm@sha256:38bc5a86d998772d4aec2348656ed21438d20fcdce2795b56ca434cf21430d89
#7 resolve docker.io/library/rust:1.88.0-slim-bookworm@sha256:38bc5a86d998772d4aec2348656ed21438d20fcdce2795b56ca434cf21430d89 0.0s done
#7 DONE 0.0s

#8 [bro-guardian internal] load build context
#8 transferring context: 6.15MB 0.2s done
#8 DONE 0.2s

#9 [bro-guardian python-deps-builder 2/5] WORKDIR /build/python
#9 CACHED

#10 [bro-guardian stage-2 2/9] WORKDIR /app
#10 CACHED

#11 [bro-guardian stage-2 3/9] COPY requirements.txt /app/requirements.txt
#11 CACHED

#12 [bro-guardian python-deps-builder 3/5] RUN apt-get update     && apt-get install -y --no-install-recommends git     && rm -rf /var/lib/apt/lists/*
#12 CACHED

#13 [bro-guardian python-deps-builder 5/5] RUN python -m pip wheel --no-cache-dir --wheel-dir /wheelhouse -r /build/python/requirements.txt
#13 CACHED

#14 [bro-guardian stage-2 4/9] COPY --from=python-deps-builder /wheelhouse /wheelhouse
#14 CACHED

#15 [bro-guardian python-deps-builder 4/5] COPY requirements.txt /build/python/requirements.txt
#15 CACHED

#16 [bro-guardian stage-2 5/9] RUN pip install --no-cache-dir /wheelhouse/*     && rm -rf /wheelhouse
#16 CACHED

#17 [bro-guardian worker-builder 3/6] COPY workers/Cargo.toml /build/workers/Cargo.toml
#17 CACHED

#18 [bro-guardian worker-builder 5/6] COPY workers/src /build/workers/src
#18 CACHED

#19 [bro-guardian worker-builder 2/6] WORKDIR /build/workers
#19 CACHED

#20 [bro-guardian worker-builder 4/6] COPY workers/Cargo.lock /build/workers/Cargo.lock
#20 CACHED

#21 [bro-guardian worker-builder 6/6] RUN cargo build --release --locked
#21 CACHED

#22 [bro-guardian stage-2 6/9] COPY . /app
#22 DONE 0.3s

#23 [bro-maker stage-2 7/9] COPY --from=worker-builder /build/workers/target/release/bro-market-stream-worker /app/workers/bin/bro-market-stream-worker
#23 DONE 0.0s

#24 [bro-maker stage-2 8/9] COPY --from=worker-builder /build/workers/target/release/bro-rtds-stream-worker /app/workers/bin/bro-rtds-stream-worker
#24 DONE 0.0s

#25 [bro-maker stage-2 9/9] RUN addgroup --system bro && adduser --system --ingroup bro --home /home/bro --shell /usr/sbin/nologin bro     && mkdir -p /data /logs /tmp /config     && chown -R bro:bro /app /data /logs /tmp /config
#25 DONE 1.2s

#26 [bro-maker] exporting to image
#26 exporting layers
#26 exporting layers 2.1s done
#26 exporting manifest sha256:0011b80a341ac0d5ccb3189508a3807c004e3f235c0375985703cafabb513504 0.0s done
#26 exporting config sha256:042b02a22092bff1950cbf2c04c8a8e590c7f118e649bf7e7d8ed09ae3cfc702 done
#26 exporting attestation manifest sha256:ac1a773c8ee1e125152c347b93c73d6ea7d463cd946ec117f17c7e400a7a7357 0.0s done
#26 exporting manifest list sha256:b66a26e84b8de6cda66cf63662f6c773fad389d48c78e178bbdc7a2eb24a3d01 done
#26 naming to docker.io/library/bro_btc_paper-bro-maker:latest done
#26 unpacking to docker.io/library/bro_btc_paper-bro-maker:latest
#26 unpacking to docker.io/library/bro_btc_paper-bro-maker:latest 1.3s done
#26 DONE 3.5s

#27 [bro-guardian] exporting to image
#27 exporting layers 2.1s done
#27 exporting manifest sha256:425c704054ceafe1ec3fd1b6b96a905046f174cf34858ca3e2ebd0a4dbc0abb0 0.0s done
#27 exporting config sha256:38e7c04b25d767ea9046f12361ab63253ff89b1d0bac6511b64e0f1e173100cd 0.0s done
#27 exporting attestation manifest sha256:3e3694cb9b251041e2dc6313405f6c686e35666a2c66dd0ceac7ea74ba2143cc 0.0s done
#27 exporting manifest list sha256:59a1d4946f7ca206b82fd45b176d9cb3efb181fd206ac7a9ab7b509b2154bee9 done
#27 naming to docker.io/library/bro_btc_paper-bro-guardian:latest done
#27 unpacking to docker.io/library/bro_btc_paper-bro-guardian:latest 1.3s done
#27 DONE 3.5s

#28 [bro-guardian] resolving provenance for metadata file
#28 DONE 0.1s

#29 [bro-maker] resolving provenance for metadata file
#29 DONE 0.0s
[deploy] docker image identity maker_ref=bro_btc_paper-bro-maker hash=sha256:b66a26e84b8de6cda66cf63662f6c773fad389d48c78e178bbdc7a2eb24a3d01
[deploy] stopping stack...
[deploy] clearing state and guard artifacts...
[deploy] starting stack...
[deploy] waiting 25s for health...
[deploy] service status:
NAME                           IMAGE                        COMMAND                  SERVICE        CREATED          STATUS                    PORTS
bro_btc_paper-bro-guardian-1   bro_btc_paper-bro-guardian   "python scripts/guar…"   bro-guardian   32 seconds ago   Up 25 seconds (healthy)   
bro_btc_paper-bro-maker-1      bro_btc_paper-bro-maker      "python executor.py …"   bro-maker      32 seconds ago   Up 31 seconds (healthy)   127.0.0.1:9108->9108/tcp
[deploy] manifest identity:
manifest_path /home/odah/bro/base/logs_exec/paper_universal/run_manifest_4f843da4-16ec-4616-948c-c7b19e7f5aea.json
run_id 4f843da4-16ec-4616-948c-c7b19e7f5aea
config_fingerprint_sha256 35d4c39b7facdba59fcc140448408030efa86042585ff7535a645133cfaa4b67
config_source_path /config/profiles/paper_universal.yaml
config_source_sha256 7656c28a83943320042a6bd84e3a9d74950faeb14bd0c4fabe7a115d73494bc7
code_fingerprint_sha256 641df8458b0de872a73bcd3b8904e3eaea820988b65b3f63bd758439ab69bb9d
code_fingerprint_file_count 62
runtime_identity.effective_config_sha256 35d4c39b7facdba59fcc140448408030efa86042585ff7535a645133cfaa4b67
runtime_identity.dependency_lock_sha256 099d5990011fa718a20432aea5e31b2c2854e3ce4fbc65f9c20f457a2c3e09b8
runtime_identity.docker_image_hash sha256:b66a26e84b8de6cda66cf63662f6c773fad389d48c78e178bbdc7a2eb24a3d01
