[deploy] validating paper setup lock in /home/odah/bro/base/configs/profiles/paper_universal.yaml...
setup_lock_verified paper_universal af3cc83f5cb7813f1155c0872fc2e1a988d0d603b2f096128f96a5e43e53b0ed
[deploy] resolved log_dir=/home/odah/bro/base/logs_exec/paper_universal
[deploy] resolved state_path=/home/odah/bro/base/data/paper_universal/state.json
[deploy] resolved guard_stop_file=/home/odah/bro/base/logs_exec/paper_universal/guard_stop.txt
canonical_deploy_authority_verified 011e344c-3acd-409d-b124-f3fef565af78 start 73f594ff-56f7-4e49-aaca-202a8af15a17
[deploy] git identity commit=497f3f922f2f97f8083ea9e81239f841b39798f0 dirty=0
[deploy] building images...
#1 [internal] load local bake definitions
#1 reading from stdin 953B done
#1 DONE 0.0s

#2 [bro-guardian internal] load build definition from Dockerfile
#2 transferring dockerfile: 2.00kB 0.0s done
#2 DONE 0.0s

#3 [bro-maker internal] load metadata for docker.io/library/rust:1.88.0-slim-bookworm
#3 DONE 1.5s

#4 [bro-guardian internal] load metadata for docker.io/library/python:3.11-slim@sha256:d6e4d224f70f9e0172a06a3a2eba2f768eb146811a349278b38fff3a36463b47
#4 DONE 1.5s

#5 [bro-maker internal] load .dockerignore
#5 transferring context: 260B done
#5 DONE 0.0s

#6 [bro-guardian internal] load build context
#6 DONE 0.0s

#7 [bro-guardian python-deps-builder 1/5] FROM docker.io/library/python:3.11-slim@sha256:d6e4d224f70f9e0172a06a3a2eba2f768eb146811a349278b38fff3a36463b47
#7 resolve docker.io/library/python:3.11-slim@sha256:d6e4d224f70f9e0172a06a3a2eba2f768eb146811a349278b38fff3a36463b47 0.0s done
#7 resolve docker.io/library/python:3.11-slim@sha256:d6e4d224f70f9e0172a06a3a2eba2f768eb146811a349278b38fff3a36463b47 0.0s done
#7 DONE 0.0s

#8 [bro-maker worker-builder 1/6] FROM docker.io/library/rust:1.88.0-slim-bookworm@sha256:38bc5a86d998772d4aec2348656ed21438d20fcdce2795b56ca434cf21430d89
#8 resolve docker.io/library/rust:1.88.0-slim-bookworm@sha256:38bc5a86d998772d4aec2348656ed21438d20fcdce2795b56ca434cf21430d89 0.0s done
#8 DONE 0.0s

#6 [bro-guardian internal] load build context
#6 transferring context: 2.98MB 0.3s done
#6 DONE 0.3s

#9 [bro-guardian python-deps-builder 2/5] WORKDIR /build/python
#9 CACHED

#10 [bro-guardian python-deps-builder 4/5] COPY requirements.txt /build/python/requirements.txt
#10 CACHED

#11 [bro-guardian stage-2 2/9] WORKDIR /app
#11 CACHED

#12 [bro-guardian stage-2 3/9] COPY requirements.txt /app/requirements.txt
#12 CACHED

#13 [bro-guardian python-deps-builder 3/5] RUN apt-get update     && apt-get install -y --no-install-recommends git     && rm -rf /var/lib/apt/lists/*
#13 CACHED

#14 [bro-guardian python-deps-builder 5/5] RUN python -m pip wheel --no-cache-dir --wheel-dir /wheelhouse -r /build/python/requirements.txt
#14 CACHED

#15 [bro-guardian stage-2 4/9] COPY --from=python-deps-builder /wheelhouse /wheelhouse
#15 CACHED

#16 [bro-guardian stage-2 5/9] RUN pip install --no-cache-dir /wheelhouse/*     && rm -rf /wheelhouse
#16 CACHED

#17 [bro-guardian worker-builder 5/6] COPY workers/src /build/workers/src
#17 CACHED

#18 [bro-guardian worker-builder 3/6] COPY workers/Cargo.toml /build/workers/Cargo.toml
#18 CACHED

#19 [bro-guardian worker-builder 4/6] COPY workers/Cargo.lock /build/workers/Cargo.lock
#19 CACHED

#20 [bro-guardian worker-builder 2/6] WORKDIR /build/workers
#20 CACHED

#21 [bro-guardian worker-builder 6/6] RUN cargo build --release --locked
#21 CACHED

#22 [bro-guardian stage-2 6/9] COPY . /app
#22 DONE 0.4s

#23 [bro-guardian stage-2 7/9] COPY --from=worker-builder /build/workers/target/release/bro-market-stream-worker /app/workers/bin/bro-market-stream-worker
#23 DONE 0.0s

#24 [bro-guardian stage-2 8/9] COPY --from=worker-builder /build/workers/target/release/bro-rtds-stream-worker /app/workers/bin/bro-rtds-stream-worker
#24 DONE 0.0s

#25 [bro-maker stage-2 9/9] RUN addgroup --system bro && adduser --system --ingroup bro --home /home/bro --shell /usr/sbin/nologin bro     && mkdir -p /data /logs /tmp /config     && chown -R bro:bro /app /data /logs /tmp /config
#25 DONE 1.1s

#26 [bro-maker] exporting to image
#26 exporting layers
#26 exporting layers 2.7s done
#26 exporting manifest sha256:61173db9776f664b23df9d621edf7292a7ac75abff456e237ca7eeb393eced15 0.0s done
#26 exporting config sha256:491d3d8925a0e32ffc28516e74dee08795f9b8f2d9ad45a612adc50e23c5f696 done
#26 exporting attestation manifest sha256:748ea17b371ebd2c9fd57c20505efab5fd52457ce391948a2a7b018270bdb92d 0.0s done
#26 exporting manifest list sha256:58df9750f5256e86855210e865826c909ad5c3c9f2965b2144a59775354f3a4f 0.0s done
#26 naming to docker.io/library/bro_btc_paper-bro-maker:latest done
#26 unpacking to docker.io/library/bro_btc_paper-bro-maker:latest
#26 unpacking to docker.io/library/bro_btc_paper-bro-maker:latest 1.8s done
#26 DONE 4.6s

#27 [bro-guardian] exporting to image
#27 exporting layers 2.7s done
#27 exporting manifest sha256:68a012c6661ea4a14cb3ace6e8bfc6843921b959e8eac4b7d46c3843aca15761 0.0s done
#27 exporting config sha256:c12da3d8bc4ef3b9b95308c3c8ceecdb9908e3ebaa71e2a84bd62616fa1a0afd 0.0s done
#27 exporting attestation manifest sha256:4b76dfa920be06352c886d1d12f2d8b23b3b702a1de722fd927c5ac4f1691508 0.0s done
#27 exporting manifest list sha256:7239d23c097046249fe1834af555a921c3225ff4a4dbf8f27aafd47bdef01d89 0.0s done
#27 naming to docker.io/library/bro_btc_paper-bro-guardian:latest done
#27 unpacking to docker.io/library/bro_btc_paper-bro-guardian:latest 1.8s done
#27 DONE 4.6s

#28 [bro-maker] resolving provenance for metadata file
#28 DONE 0.1s

#29 [bro-guardian] resolving provenance for metadata file
#29 DONE 0.1s
[deploy] docker image identity maker_ref=bro_btc_paper-bro-maker hash=sha256:58df9750f5256e86855210e865826c909ad5c3c9f2965b2144a59775354f3a4f
[deploy] stopping stack...
[deploy] clearing state and guard artifacts...
[deploy] starting stack...
[deploy] waiting 25s for health...
[deploy] service status:
NAME                           IMAGE                        COMMAND                  SERVICE        CREATED          STATUS                    PORTS
bro_btc_paper-bro-guardian-1   bro_btc_paper-bro-guardian   "python scripts/guar…"   bro-guardian   32 seconds ago   Up 25 seconds (healthy)   
bro_btc_paper-bro-maker-1      bro_btc_paper-bro-maker      "python executor.py …"   bro-maker      32 seconds ago   Up 31 seconds (healthy)   127.0.0.1:9108->9108/tcp
[deploy] manifest identity:
manifest_path /home/odah/bro/base/logs_exec/paper_universal/run_manifest_73f594ff-56f7-4e49-aaca-202a8af15a17.json
run_id 73f594ff-56f7-4e49-aaca-202a8af15a17
config_fingerprint_sha256 af3cc83f5cb7813f1155c0872fc2e1a988d0d603b2f096128f96a5e43e53b0ed
config_source_path /config/profiles/paper_universal.yaml
config_source_sha256 c70f9577db5db5b2b25c73c5aa70414a575cf72ae3571496fe3b235f0d530169
code_fingerprint_sha256 bac54dce31eb4c9e8ddc0d9f5e4641c2c9836bd0d82b3440009fbe7811d792fe
code_fingerprint_file_count 62
runtime_identity.effective_config_sha256 af3cc83f5cb7813f1155c0872fc2e1a988d0d603b2f096128f96a5e43e53b0ed
runtime_identity.dependency_lock_sha256 099d5990011fa718a20432aea5e31b2c2854e3ce4fbc65f9c20f457a2c3e09b8
runtime_identity.docker_image_hash sha256:58df9750f5256e86855210e865826c909ad5c3c9f2965b2144a59775354f3a4f
