[deploy] validating paper setup lock in /home/odah/bro/base/configs/profiles/paper_universal.yaml...
setup_lock_verified paper_universal 87d731e2a8557515629f73eb7af91a51fa5b3be4362f1e0bba4172adb0872819
[deploy] resolved log_dir=/home/odah/bro/base/logs_exec/paper_universal
[deploy] resolved state_path=/home/odah/bro/base/data/paper_universal/state.json
[deploy] resolved guard_stop_file=/home/odah/bro/base/logs_exec/paper_universal/guard_stop.txt
canonical_deploy_authority_verified 5eb40d56-ac95-4e7b-a37d-a21d0fa5d2d2 start 10244391-b92b-444f-8830-35b0b59a5929
[deploy] git identity commit=059c2ab8517f4ab03679c5a465c6638663192455 dirty=1
[deploy] building images...
#1 [internal] load local bake definitions
#1 reading from stdin 953B done
#1 DONE 0.0s

#2 [bro-guardian internal] load build definition from Dockerfile
#2 transferring dockerfile: 2.00kB done
#2 DONE 0.0s

#3 [bro-maker internal] load metadata for docker.io/library/rust:1.88.0-slim-bookworm
#3 DONE 1.0s

#4 [bro-guardian internal] load metadata for docker.io/library/python:3.11-slim@sha256:d6e4d224f70f9e0172a06a3a2eba2f768eb146811a349278b38fff3a36463b47
#4 DONE 1.0s

#5 [bro-maker internal] load .dockerignore
#5 transferring context: 260B done
#5 DONE 0.0s

#6 [bro-maker python-deps-builder 1/5] FROM docker.io/library/python:3.11-slim@sha256:d6e4d224f70f9e0172a06a3a2eba2f768eb146811a349278b38fff3a36463b47
#6 resolve docker.io/library/python:3.11-slim@sha256:d6e4d224f70f9e0172a06a3a2eba2f768eb146811a349278b38fff3a36463b47 0.0s done
#6 DONE 0.0s

#7 [bro-maker worker-builder 1/6] FROM docker.io/library/rust:1.88.0-slim-bookworm@sha256:38bc5a86d998772d4aec2348656ed21438d20fcdce2795b56ca434cf21430d89
#7 resolve docker.io/library/rust:1.88.0-slim-bookworm@sha256:38bc5a86d998772d4aec2348656ed21438d20fcdce2795b56ca434cf21430d89 0.0s done
#7 DONE 0.0s

#8 [bro-maker internal] load build context
#8 transferring context: 5.24MB 0.3s done
#8 transferring context: 5.24MB 0.3s done
#8 DONE 0.3s

#9 [bro-guardian python-deps-builder 5/5] RUN python -m pip wheel --no-cache-dir --wheel-dir /wheelhouse -r /build/python/requirements.txt
#9 CACHED

#10 [bro-guardian python-deps-builder 2/5] WORKDIR /build/python
#10 CACHED

#11 [bro-guardian stage-2 4/9] COPY --from=python-deps-builder /wheelhouse /wheelhouse
#11 CACHED

#12 [bro-guardian python-deps-builder 3/5] RUN apt-get update     && apt-get install -y --no-install-recommends git     && rm -rf /var/lib/apt/lists/*
#12 CACHED

#13 [bro-guardian python-deps-builder 4/5] COPY requirements.txt /build/python/requirements.txt
#13 CACHED

#14 [bro-guardian stage-2 3/9] COPY requirements.txt /app/requirements.txt
#14 CACHED

#15 [bro-guardian stage-2 2/9] WORKDIR /app
#15 CACHED

#16 [bro-guardian stage-2 5/9] RUN pip install --no-cache-dir /wheelhouse/*     && rm -rf /wheelhouse
#16 CACHED

#17 [bro-guardian worker-builder 5/6] COPY workers/src /build/workers/src
#17 CACHED

#18 [bro-guardian worker-builder 4/6] COPY workers/Cargo.lock /build/workers/Cargo.lock
#18 CACHED

#19 [bro-guardian worker-builder 2/6] WORKDIR /build/workers
#19 CACHED

#20 [bro-guardian worker-builder 3/6] COPY workers/Cargo.toml /build/workers/Cargo.toml
#20 CACHED

#21 [bro-guardian worker-builder 6/6] RUN cargo build --release --locked
#21 CACHED

#22 [bro-guardian stage-2 6/9] COPY . /app
#22 DONE 2.7s

#23 [bro-guardian stage-2 7/9] COPY --from=worker-builder /build/workers/target/release/bro-market-stream-worker /app/workers/bin/bro-market-stream-worker
#23 DONE 0.1s

#24 [bro-maker stage-2 8/9] COPY --from=worker-builder /build/workers/target/release/bro-rtds-stream-worker /app/workers/bin/bro-rtds-stream-worker
#24 DONE 0.0s

#25 [bro-guardian stage-2 9/9] RUN addgroup --system bro && adduser --system --ingroup bro --home /home/bro --shell /usr/sbin/nologin bro     && mkdir -p /data /logs /tmp /config     && chown -R bro:bro /app /data /logs /tmp /config
#25 DONE 5.0s

#26 [bro-maker] exporting to image
#26 exporting layers
#26 ...

#27 [bro-guardian] exporting to image
#27 exporting layers 36.7s done
#27 exporting manifest sha256:3e3de8f2a574ef674c516e67f9256fe1eab782820db1fa4f7b2ae0cda4ad983a
#27 exporting manifest sha256:3e3de8f2a574ef674c516e67f9256fe1eab782820db1fa4f7b2ae0cda4ad983a done
#27 exporting config sha256:f485a853fddff7adb5501263a58d39e52fd687267d6c07f2896d5a5633fee017 0.0s done
#27 exporting attestation manifest sha256:d2b1cd1327b55da40601dd80d14443bb3b0420df96d5f189e3ebbb1b403297bd 0.0s done
#27 exporting manifest list sha256:739954b812336e341b9b917c5f90dc21157aabbd2be6278bcd741ff44b3301b3 done
#27 naming to docker.io/library/bro_btc_paper-bro-guardian:latest done
#27 unpacking to docker.io/library/bro_btc_paper-bro-guardian:latest
#27 ...

#26 [bro-maker] exporting to image
#26 exporting layers 36.7s done
#26 exporting manifest sha256:8099ba2e0878c960baf4ab1fce93bd221aa700f344364956cb9de83d33343943 done
#26 exporting config sha256:afabbd3d4cead686e554065d451d569a5d36e9b65bd41bed582b274361d707a6 0.0s done
#26 exporting attestation manifest sha256:bf7eb65b6e9cbf08be572580c5bcdc487ccb3e3568e17984156c7d5301773087 0.0s done
#26 exporting manifest list sha256:b91d2782f53978d4ff5a786bfdb735d30a544d1b3490b9d4b0d7d6b20273c4c9 done
#26 naming to docker.io/library/bro_btc_paper-bro-maker:latest done
#26 unpacking to docker.io/library/bro_btc_paper-bro-maker:latest
#26 unpacking to docker.io/library/bro_btc_paper-bro-maker:latest 19.4s done
#26 DONE 56.1s

#27 [bro-guardian] exporting to image
#27 unpacking to docker.io/library/bro_btc_paper-bro-guardian:latest 19.4s done
#27 DONE 56.2s

#28 [bro-guardian] resolving provenance for metadata file
#28 DONE 0.0s

#29 [bro-maker] resolving provenance for metadata file
#29 DONE 0.0s
[deploy] docker image identity maker_ref=bro_btc_paper-bro-maker hash=sha256:b91d2782f53978d4ff5a786bfdb735d30a544d1b3490b9d4b0d7d6b20273c4c9
[deploy] stopping stack...
[deploy] clearing state and guard artifacts...
[deploy] starting stack...
[deploy] waiting 25s for health...
[deploy] service status:
NAME                           IMAGE                        COMMAND                  SERVICE        CREATED          STATUS                    PORTS
bro_btc_paper-bro-guardian-1   bro_btc_paper-bro-guardian   "python scripts/guar…"   bro-guardian   31 seconds ago   Up 25 seconds (healthy)   
bro_btc_paper-bro-maker-1      bro_btc_paper-bro-maker      "python executor.py …"   bro-maker      32 seconds ago   Up 31 seconds (healthy)   127.0.0.1:9108->9108/tcp
[deploy] manifest identity:
manifest_path /home/odah/bro/base/logs_exec/paper_universal/run_manifest_10244391-b92b-444f-8830-35b0b59a5929.json
run_id 10244391-b92b-444f-8830-35b0b59a5929
config_fingerprint_sha256 87d731e2a8557515629f73eb7af91a51fa5b3be4362f1e0bba4172adb0872819
config_source_path /config/profiles/paper_universal.yaml
config_source_sha256 545711507bcaa0573f6b04497cc1af7d0fbd89e6907bf7c42de88af20a96060c
code_fingerprint_sha256 99427a7656107993ccc95cb63cc564f5c370fdec04d942c8d8eb201002696244
code_fingerprint_file_count 59
runtime_identity.effective_config_sha256 87d731e2a8557515629f73eb7af91a51fa5b3be4362f1e0bba4172adb0872819
runtime_identity.dependency_lock_sha256 099d5990011fa718a20432aea5e31b2c2854e3ce4fbc65f9c20f457a2c3e09b8
runtime_identity.docker_image_hash sha256:b91d2782f53978d4ff5a786bfdb735d30a544d1b3490b9d4b0d7d6b20273c4c9
