[deploy] validating paper setup lock in /home/odah/bro/base/configs/profiles/paper_universal.yaml...
setup_lock_verified paper_universal b531f50166a53e6cd928718f9fa758f35d3b37e83d5c3133ce702660f19bb356
[deploy] resolved log_dir=/home/odah/bro/base/logs_exec/paper_universal
[deploy] resolved state_path=/home/odah/bro/base/data/paper_universal/state.json
[deploy] resolved guard_stop_file=/home/odah/bro/base/logs_exec/paper_universal/guard_stop.txt
canonical_deploy_authority_verified d7a4df2f-3a55-4f43-9620-e0e23df633bc start c519e785-598c-4cd1-83af-51f0c37592b5
[deploy] git identity commit=497f3f922f2f97f8083ea9e81239f841b39798f0 dirty=1
[deploy] building images...
#1 [internal] load local bake definitions
#1 reading from stdin 953B done
#1 DONE 0.0s

#2 [bro-guardian internal] load build definition from Dockerfile
#2 transferring dockerfile: 2.00kB done
#2 DONE 0.0s

#3 [bro-maker internal] load metadata for docker.io/library/rust:1.88.0-slim-bookworm
#3 DONE 0.9s

#4 [bro-guardian internal] load metadata for docker.io/library/python:3.11-slim@sha256:d6e4d224f70f9e0172a06a3a2eba2f768eb146811a349278b38fff3a36463b47
#4 DONE 0.9s

#5 [bro-maker internal] load .dockerignore
#5 transferring context: 260B done
#5 DONE 0.0s

#6 [bro-maker worker-builder 1/6] FROM docker.io/library/rust:1.88.0-slim-bookworm@sha256:38bc5a86d998772d4aec2348656ed21438d20fcdce2795b56ca434cf21430d89
#6 resolve docker.io/library/rust:1.88.0-slim-bookworm@sha256:38bc5a86d998772d4aec2348656ed21438d20fcdce2795b56ca434cf21430d89 0.0s done
#6 DONE 0.0s

#7 [bro-maker python-deps-builder 1/5] FROM docker.io/library/python:3.11-slim@sha256:d6e4d224f70f9e0172a06a3a2eba2f768eb146811a349278b38fff3a36463b47
#7 resolve docker.io/library/python:3.11-slim@sha256:d6e4d224f70f9e0172a06a3a2eba2f768eb146811a349278b38fff3a36463b47 0.0s done
#7 DONE 0.0s

#8 [bro-maker internal] load build context
#8 transferring context: 248.93kB 0.1s done
#8 transferring context: 248.93kB 0.1s done
#8 DONE 0.1s

#9 [bro-maker worker-builder 2/6] WORKDIR /build/workers
#9 CACHED

#10 [bro-maker worker-builder 5/6] COPY workers/src /build/workers/src
#10 CACHED

#11 [bro-maker worker-builder 3/6] COPY workers/Cargo.toml /build/workers/Cargo.toml
#11 CACHED

#12 [bro-maker worker-builder 4/6] COPY workers/Cargo.lock /build/workers/Cargo.lock
#12 CACHED

#13 [bro-maker stage-2 3/9] COPY requirements.txt /app/requirements.txt
#13 CACHED

#14 [bro-maker python-deps-builder 5/5] RUN python -m pip wheel --no-cache-dir --wheel-dir /wheelhouse -r /build/python/requirements.txt
#14 CACHED

#15 [bro-maker stage-2 4/9] COPY --from=python-deps-builder /wheelhouse /wheelhouse
#15 CACHED

#16 [bro-maker stage-2 2/9] WORKDIR /app
#16 CACHED

#17 [bro-maker python-deps-builder 3/5] RUN apt-get update     && apt-get install -y --no-install-recommends git     && rm -rf /var/lib/apt/lists/*
#17 CACHED

#18 [bro-maker python-deps-builder 2/5] WORKDIR /build/python
#18 CACHED

#19 [bro-maker python-deps-builder 4/5] COPY requirements.txt /build/python/requirements.txt
#19 CACHED

#20 [bro-maker worker-builder 6/6] RUN cargo build --release --locked
#20 CACHED

#21 [bro-maker stage-2 5/9] RUN pip install --no-cache-dir /wheelhouse/*     && rm -rf /wheelhouse
#21 CACHED

#22 [bro-maker stage-2 6/9] COPY . /app
#22 DONE 0.2s

#23 [bro-maker stage-2 7/9] COPY --from=worker-builder /build/workers/target/release/bro-market-stream-worker /app/workers/bin/bro-market-stream-worker
#23 DONE 0.1s

#24 [bro-maker stage-2 8/9] COPY --from=worker-builder /build/workers/target/release/bro-rtds-stream-worker /app/workers/bin/bro-rtds-stream-worker
#24 DONE 0.0s

#25 [bro-guardian stage-2 9/9] RUN addgroup --system bro && adduser --system --ingroup bro --home /home/bro --shell /usr/sbin/nologin bro     && mkdir -p /data /logs /tmp /config     && chown -R bro:bro /app /data /logs /tmp /config
#25 DONE 0.7s

#26 [bro-maker] exporting to image
#26 exporting layers
#26 exporting layers 1.8s done
#26 exporting manifest sha256:9b1742be3a9855af830d0bd3e1e290418143ac097b4f0cf15ae1ae7f48d4c445 done
#26 exporting config sha256:1120ca89e80e47a2de83474ac742890738bf425181b3c3c0581aeaa1bf5291e0 done
#26 exporting attestation manifest sha256:0ce5a5f481b823229fc90eed43ceef09a8956206dfc2b3c5d5d289d3e8eb9c7c 0.0s done
#26 exporting manifest list sha256:034fbe548ca03d500b4d0e6a8270e532d1b9cf91967f43cac6a0d91f3141ba63 done
#26 naming to docker.io/library/bro_btc_paper-bro-maker:latest done
#26 unpacking to docker.io/library/bro_btc_paper-bro-maker:latest
#26 unpacking to docker.io/library/bro_btc_paper-bro-maker:latest 0.9s done
#26 DONE 2.9s

#27 [bro-guardian] exporting to image
#27 exporting layers 1.8s done
#27 exporting manifest sha256:8881f0d98c194fc3f39939ddc704e9945ef08dde8d41d57f44d503e45231f4b4 done
#27 exporting config sha256:8ffeecdaee3ed0f8ecfddd8e189697213d7eba37dfb8bb26924efa97d5469e33 done
#27 exporting attestation manifest sha256:8b4eeafa8d06c300d9143c9355b2c8201748fa1f71c98e7faf362300f3db0539 0.0s done
#27 exporting manifest list sha256:1ca2132deef33b6327347daa411ecc9193dc80dfdbe24623414132c165462a89 done
#27 naming to docker.io/library/bro_btc_paper-bro-guardian:latest done
#27 unpacking to docker.io/library/bro_btc_paper-bro-guardian:latest 0.9s done
#27 DONE 2.9s

#28 [bro-guardian] resolving provenance for metadata file
#28 DONE 0.0s

#29 [bro-maker] resolving provenance for metadata file
#29 DONE 0.0s
[deploy] docker image identity maker_ref=bro_btc_paper-bro-maker hash=sha256:034fbe548ca03d500b4d0e6a8270e532d1b9cf91967f43cac6a0d91f3141ba63
[deploy] stopping stack...
[deploy] clearing state and guard artifacts...
[deploy] starting stack...
[deploy] waiting 25s for health...
[deploy] service status:
NAME                           IMAGE                        COMMAND                  SERVICE        CREATED          STATUS                    PORTS
bro_btc_paper-bro-guardian-1   bro_btc_paper-bro-guardian   "python scripts/guar…"   bro-guardian   31 seconds ago   Up 25 seconds (healthy)   
bro_btc_paper-bro-maker-1      bro_btc_paper-bro-maker      "python executor.py …"   bro-maker      31 seconds ago   Up 31 seconds (healthy)   127.0.0.1:9108->9108/tcp
[deploy] manifest identity:
manifest_path /home/odah/bro/base/logs_exec/paper_universal/run_manifest_c519e785-598c-4cd1-83af-51f0c37592b5.json
run_id c519e785-598c-4cd1-83af-51f0c37592b5
config_fingerprint_sha256 b531f50166a53e6cd928718f9fa758f35d3b37e83d5c3133ce702660f19bb356
config_source_path /config/profiles/paper_universal.yaml
config_source_sha256 5d1a7e3b88c2f642b614f5ec794ec9cba8015fc663872993dc876823a05bdbbe
code_fingerprint_sha256 5a2f8945971a030cc0303af543ff6c98cbb31fb37a8f2de68e5641402c7734a7
code_fingerprint_file_count 62
runtime_identity.effective_config_sha256 b531f50166a53e6cd928718f9fa758f35d3b37e83d5c3133ce702660f19bb356
runtime_identity.dependency_lock_sha256 099d5990011fa718a20432aea5e31b2c2854e3ce4fbc65f9c20f457a2c3e09b8
runtime_identity.docker_image_hash sha256:034fbe548ca03d500b4d0e6a8270e532d1b9cf91967f43cac6a0d91f3141ba63
