[deploy] validating paper setup lock in /home/odah/bro/base/configs/profiles/paper_universal.yaml...
setup_lock_verified paper_universal af3cc83f5cb7813f1155c0872fc2e1a988d0d603b2f096128f96a5e43e53b0ed
[deploy] resolved log_dir=/home/odah/bro/base/logs_exec/paper_universal
[deploy] resolved state_path=/home/odah/bro/base/data/paper_universal/state.json
[deploy] resolved guard_stop_file=/home/odah/bro/base/logs_exec/paper_universal/guard_stop.txt
canonical_deploy_authority_verified 35df70c6-53ba-4936-b4cf-3e55af05e8ba start 5e070aa0-0e11-4b0a-aed8-2f39a59e1afb
[deploy] git identity commit=497f3f922f2f97f8083ea9e81239f841b39798f0 dirty=1
[deploy] building images...
#1 [internal] load local bake definitions
#1 reading from stdin 953B done
#1 DONE 0.0s

#2 [bro-guardian internal] load build definition from Dockerfile
#2 transferring dockerfile: 2.00kB 0.0s done
#2 DONE 0.0s

#3 [bro-guardian internal] load metadata for docker.io/library/rust:1.88.0-slim-bookworm
#3 ...

#4 [bro-maker internal] load metadata for docker.io/library/python:3.11-slim@sha256:d6e4d224f70f9e0172a06a3a2eba2f768eb146811a349278b38fff3a36463b47
#4 DONE 1.0s

#3 [bro-guardian internal] load metadata for docker.io/library/rust:1.88.0-slim-bookworm
#3 DONE 1.4s

#5 [bro-guardian internal] load .dockerignore
#5 transferring context: 260B done
#5 DONE 0.0s

#6 [bro-maker python-deps-builder 1/5] FROM docker.io/library/python:3.11-slim@sha256:d6e4d224f70f9e0172a06a3a2eba2f768eb146811a349278b38fff3a36463b47
#6 resolve docker.io/library/python:3.11-slim@sha256:d6e4d224f70f9e0172a06a3a2eba2f768eb146811a349278b38fff3a36463b47 0.0s done
#6 DONE 0.0s

#7 [bro-maker worker-builder 1/6] FROM docker.io/library/rust:1.88.0-slim-bookworm@sha256:38bc5a86d998772d4aec2348656ed21438d20fcdce2795b56ca434cf21430d89
#7 resolve docker.io/library/rust:1.88.0-slim-bookworm@sha256:38bc5a86d998772d4aec2348656ed21438d20fcdce2795b56ca434cf21430d89 0.0s done
#7 DONE 0.0s

#8 [bro-guardian internal] load build context
#8 transferring context: 5.23MB 0.1s done
#8 DONE 0.1s

#9 [bro-maker python-deps-builder 3/5] RUN apt-get update     && apt-get install -y --no-install-recommends git     && rm -rf /var/lib/apt/lists/*
#9 CACHED

#10 [bro-maker python-deps-builder 5/5] RUN python -m pip wheel --no-cache-dir --wheel-dir /wheelhouse -r /build/python/requirements.txt
#10 CACHED

#11 [bro-maker stage-2 3/9] COPY requirements.txt /app/requirements.txt
#11 CACHED

#12 [bro-maker stage-2 4/9] COPY --from=python-deps-builder /wheelhouse /wheelhouse
#12 CACHED

#13 [bro-maker stage-2 2/9] WORKDIR /app
#13 CACHED

#14 [bro-maker python-deps-builder 2/5] WORKDIR /build/python
#14 CACHED

#15 [bro-maker python-deps-builder 4/5] COPY requirements.txt /build/python/requirements.txt
#15 CACHED

#16 [bro-maker stage-2 5/9] RUN pip install --no-cache-dir /wheelhouse/*     && rm -rf /wheelhouse
#16 CACHED

#17 [bro-guardian worker-builder 4/6] COPY workers/Cargo.lock /build/workers/Cargo.lock
#17 CACHED

#18 [bro-guardian worker-builder 5/6] COPY workers/src /build/workers/src
#18 CACHED

#19 [bro-guardian worker-builder 2/6] WORKDIR /build/workers
#19 CACHED

#20 [bro-guardian worker-builder 3/6] COPY workers/Cargo.toml /build/workers/Cargo.toml
#20 CACHED

#21 [bro-guardian worker-builder 6/6] RUN cargo build --release --locked
#21 CACHED

#22 [bro-maker stage-2 6/9] COPY . /app
#22 DONE 0.2s

#23 [bro-guardian stage-2 7/9] COPY --from=worker-builder /build/workers/target/release/bro-market-stream-worker /app/workers/bin/bro-market-stream-worker
#23 DONE 0.0s

#24 [bro-maker stage-2 8/9] COPY --from=worker-builder /build/workers/target/release/bro-rtds-stream-worker /app/workers/bin/bro-rtds-stream-worker
#24 DONE 0.0s

#25 [bro-guardian stage-2 9/9] RUN addgroup --system bro && adduser --system --ingroup bro --home /home/bro --shell /usr/sbin/nologin bro     && mkdir -p /data /logs /tmp /config     && chown -R bro:bro /app /data /logs /tmp /config
#25 DONE 0.7s

#26 [bro-maker] exporting to image
#26 exporting layers
#26 exporting layers 1.6s done
#26 exporting manifest sha256:0e35d03a2a7084d1eed3c0927b18bad9c4098f70e82cfe1df2ebdd398db3ab10 done
#26 exporting config sha256:3a13e079ea777ff9bd824a02e05bf44626aaed7d81c721a27cbe1e3c654f39ff done
#26 exporting attestation manifest sha256:131a02deb117aa292b8cf9c97c6b0c1d2bdfdb890ffc16955bacb3690ee66543 0.0s done
#26 exporting manifest list sha256:4234e42a51840655880224891003f37431a54d8d15047dd57e5a95efa1c8bb99 done
#26 naming to docker.io/library/bro_btc_paper-bro-maker:latest done
#26 unpacking to docker.io/library/bro_btc_paper-bro-maker:latest
#26 unpacking to docker.io/library/bro_btc_paper-bro-maker:latest 0.9s done
#26 DONE 2.6s

#27 [bro-guardian] exporting to image
#27 exporting layers 1.6s done
#27 exporting manifest sha256:8f90fe2680872f76132c279f1380a6c6b4811997c634cd896f7e8d2a34c6590c done
#27 exporting config sha256:8538e90ab873a02b7c480fa46a60e704caaa55ad8e4a8e849d6775cb3d118297 done
#27 exporting attestation manifest sha256:787fd3afb65d87154d2dfb85de875c7fb44de32b9d24e9de190f549fa4e272ec 0.0s done
#27 exporting manifest list sha256:a618b7c316ddc2cb9949581a37d6817abd7abf8920b66903077cf018b87396f8 done
#27 naming to docker.io/library/bro_btc_paper-bro-guardian:latest done
#27 unpacking to docker.io/library/bro_btc_paper-bro-guardian:latest 0.9s done
#27 DONE 2.6s

#28 [bro-guardian] resolving provenance for metadata file
#28 DONE 0.0s

#29 [bro-maker] resolving provenance for metadata file
#29 DONE 0.0s
[deploy] docker image identity maker_ref=bro_btc_paper-bro-maker hash=sha256:4234e42a51840655880224891003f37431a54d8d15047dd57e5a95efa1c8bb99
[deploy] stopping stack...
[deploy] clearing state and guard artifacts...
[deploy] starting stack...
[deploy] waiting 25s for health...
[deploy] service status:
NAME                           IMAGE                        COMMAND                  SERVICE        CREATED          STATUS                    PORTS
bro_btc_paper-bro-guardian-1   bro_btc_paper-bro-guardian   "python scripts/guar…"   bro-guardian   31 seconds ago   Up 25 seconds (healthy)   
bro_btc_paper-bro-maker-1      bro_btc_paper-bro-maker      "python executor.py …"   bro-maker      32 seconds ago   Up 31 seconds (healthy)   127.0.0.1:9108->9108/tcp
[deploy] manifest identity:
manifest_path /home/odah/bro/base/logs_exec/paper_universal/run_manifest_5e070aa0-0e11-4b0a-aed8-2f39a59e1afb.json
run_id 5e070aa0-0e11-4b0a-aed8-2f39a59e1afb
config_fingerprint_sha256 af3cc83f5cb7813f1155c0872fc2e1a988d0d603b2f096128f96a5e43e53b0ed
config_source_path /config/profiles/paper_universal.yaml
config_source_sha256 c70f9577db5db5b2b25c73c5aa70414a575cf72ae3571496fe3b235f0d530169
code_fingerprint_sha256 aa4706dda27989df8e6ed33b985ddc05da7af1ef58325fb396ecaf3892b4aefd
code_fingerprint_file_count 62
runtime_identity.effective_config_sha256 af3cc83f5cb7813f1155c0872fc2e1a988d0d603b2f096128f96a5e43e53b0ed
runtime_identity.dependency_lock_sha256 099d5990011fa718a20432aea5e31b2c2854e3ce4fbc65f9c20f457a2c3e09b8
runtime_identity.docker_image_hash sha256:4234e42a51840655880224891003f37431a54d8d15047dd57e5a95efa1c8bb99
