[deploy] validating paper setup lock in /home/odah/bro/base/configs/profiles/paper_universal.yaml...
setup_lock_verified paper_universal af3cc83f5cb7813f1155c0872fc2e1a988d0d603b2f096128f96a5e43e53b0ed
[deploy] resolved log_dir=/home/odah/bro/base/logs_exec/paper_universal
[deploy] resolved state_path=/home/odah/bro/base/data/paper_universal/state.json
[deploy] resolved guard_stop_file=/home/odah/bro/base/logs_exec/paper_universal/guard_stop.txt
canonical_deploy_authority_verified bb783aa8-b0d9-4062-a20b-96cdee826a29 start fbf0fff0-4452-40e6-83dc-fd64f62f0a72
[deploy] git identity commit=497f3f922f2f97f8083ea9e81239f841b39798f0 dirty=1
[deploy] building images...
#1 [internal] load local bake definitions
#1 reading from stdin 953B done
#1 DONE 0.0s

#2 [bro-guardian internal] load build definition from Dockerfile
#2 transferring dockerfile: 2.00kB done
#2 DONE 0.0s

#3 [bro-guardian internal] load metadata for docker.io/library/rust:1.88.0-slim-bookworm
#3 DONE 1.0s

#4 [bro-guardian internal] load metadata for docker.io/library/python:3.11-slim@sha256:d6e4d224f70f9e0172a06a3a2eba2f768eb146811a349278b38fff3a36463b47
#4 DONE 1.0s

#5 [bro-maker internal] load .dockerignore
#5 transferring context: 260B done
#5 DONE 0.0s

#6 [bro-guardian internal] load build context
#6 DONE 0.0s

#7 [bro-guardian python-deps-builder 1/5] FROM docker.io/library/python:3.11-slim@sha256:d6e4d224f70f9e0172a06a3a2eba2f768eb146811a349278b38fff3a36463b47
#7 resolve docker.io/library/python:3.11-slim@sha256:d6e4d224f70f9e0172a06a3a2eba2f768eb146811a349278b38fff3a36463b47 0.0s done
#7 resolve docker.io/library/python:3.11-slim@sha256:d6e4d224f70f9e0172a06a3a2eba2f768eb146811a349278b38fff3a36463b47 0.0s done
#7 DONE 0.0s

#8 [bro-maker worker-builder 1/6] FROM docker.io/library/rust:1.88.0-slim-bookworm@sha256:38bc5a86d998772d4aec2348656ed21438d20fcdce2795b56ca434cf21430d89
#8 resolve docker.io/library/rust:1.88.0-slim-bookworm@sha256:38bc5a86d998772d4aec2348656ed21438d20fcdce2795b56ca434cf21430d89 0.0s done
#8 DONE 0.0s

#6 [bro-guardian internal] load build context
#6 transferring context: 312.93kB 0.1s done
#6 DONE 0.1s

#9 [bro-guardian python-deps-builder 4/5] COPY requirements.txt /build/python/requirements.txt
#9 CACHED

#10 [bro-guardian python-deps-builder 5/5] RUN python -m pip wheel --no-cache-dir --wheel-dir /wheelhouse -r /build/python/requirements.txt
#10 CACHED

#11 [bro-guardian python-deps-builder 3/5] RUN apt-get update     && apt-get install -y --no-install-recommends git     && rm -rf /var/lib/apt/lists/*
#11 CACHED

#12 [bro-guardian stage-2 4/9] COPY --from=python-deps-builder /wheelhouse /wheelhouse
#12 CACHED

#13 [bro-guardian stage-2 2/9] WORKDIR /app
#13 CACHED

#14 [bro-guardian stage-2 3/9] COPY requirements.txt /app/requirements.txt
#14 CACHED

#15 [bro-guardian python-deps-builder 2/5] WORKDIR /build/python
#15 CACHED

#16 [bro-guardian stage-2 5/9] RUN pip install --no-cache-dir /wheelhouse/*     && rm -rf /wheelhouse
#16 CACHED

#9 [bro-maker python-deps-builder 4/5] COPY requirements.txt /build/python/requirements.txt
#9 CACHED

#11 [bro-maker python-deps-builder 3/5] RUN apt-get update     && apt-get install -y --no-install-recommends git     && rm -rf /var/lib/apt/lists/*
#11 CACHED

#12 [bro-maker stage-2 4/9] COPY --from=python-deps-builder /wheelhouse /wheelhouse
#12 CACHED

#13 [bro-maker stage-2 2/9] WORKDIR /app
#13 CACHED

#10 [bro-maker python-deps-builder 5/5] RUN python -m pip wheel --no-cache-dir --wheel-dir /wheelhouse -r /build/python/requirements.txt
#10 CACHED

#15 [bro-maker python-deps-builder 2/5] WORKDIR /build/python
#15 CACHED

#14 [bro-maker stage-2 3/9] COPY requirements.txt /app/requirements.txt
#14 CACHED

#16 [bro-maker stage-2 5/9] RUN pip install --no-cache-dir /wheelhouse/*     && rm -rf /wheelhouse
#16 CACHED

#17 [bro-guardian worker-builder 4/6] COPY workers/Cargo.lock /build/workers/Cargo.lock
#17 CACHED

#18 [bro-guardian worker-builder 5/6] COPY workers/src /build/workers/src
#18 CACHED

#19 [bro-guardian worker-builder 3/6] COPY workers/Cargo.toml /build/workers/Cargo.toml
#19 CACHED

#20 [bro-guardian worker-builder 2/6] WORKDIR /build/workers
#20 CACHED

#21 [bro-guardian worker-builder 6/6] RUN cargo build --release --locked
#21 CACHED

#22 [bro-guardian stage-2 6/9] COPY . /app
#22 DONE 0.3s

#23 [bro-guardian stage-2 7/9] COPY --from=worker-builder /build/workers/target/release/bro-market-stream-worker /app/workers/bin/bro-market-stream-worker
#23 DONE 0.0s

#24 [bro-guardian stage-2 8/9] COPY --from=worker-builder /build/workers/target/release/bro-rtds-stream-worker /app/workers/bin/bro-rtds-stream-worker
#24 DONE 0.0s

#25 [bro-maker stage-2 9/9] RUN addgroup --system bro && adduser --system --ingroup bro --home /home/bro --shell /usr/sbin/nologin bro     && mkdir -p /data /logs /tmp /config     && chown -R bro:bro /app /data /logs /tmp /config
#25 DONE 0.8s

#26 [bro-maker] exporting to image
#26 exporting layers
#26 exporting layers 1.7s done
#26 exporting manifest sha256:50419ed8d603f86523655351b7d17fce32eb29e9f65c9013cde3bcd8d7e5a650 done
#26 exporting config sha256:9f6a08bd493e3a8add6465b2cdefc1426ff124c21f3b67020efb4edc87fd05cb done
#26 exporting attestation manifest sha256:5159afab848be85df1cd92b05faaa893b39e4d7918a5d1c97caa420535c9ea49 0.0s done
#26 exporting manifest list sha256:2a6c6dd2050c9fd50cfeb8c29395ef06b6d02d7a93073007ae26f30b23f790ed done
#26 naming to docker.io/library/bro_btc_paper-bro-maker:latest done
#26 unpacking to docker.io/library/bro_btc_paper-bro-maker:latest
#26 unpacking to docker.io/library/bro_btc_paper-bro-maker:latest 1.1s done
#26 DONE 2.9s

#27 [bro-guardian] exporting to image
#27 exporting layers 1.7s done
#27 exporting manifest sha256:01ad512f14cd2e25fa70f8ec41fec5026308d87454360b9f4d5e2f881e4e8138 done
#27 exporting config sha256:aeee452801fb728578957a7be79560280de5ec2259e0638cd3c122b5f9cafb3d done
#27 exporting attestation manifest sha256:b3e1f380ab2c234bc40fd12936cad90a55571b90dfa093f137e34ba19c68cba4 0.0s done
#27 exporting manifest list sha256:88ee771da56d7a02c010e069786f61aadd90c97af6d906207512d04cb066dd70 done
#27 naming to docker.io/library/bro_btc_paper-bro-guardian:latest done
#27 unpacking to docker.io/library/bro_btc_paper-bro-guardian:latest 1.1s done
#27 DONE 2.9s

#28 [bro-maker] resolving provenance for metadata file
#28 DONE 0.0s

#29 [bro-guardian] resolving provenance for metadata file
#29 DONE 0.0s
[deploy] docker image identity maker_ref=bro_btc_paper-bro-maker hash=sha256:2a6c6dd2050c9fd50cfeb8c29395ef06b6d02d7a93073007ae26f30b23f790ed
[deploy] stopping stack...
[deploy] clearing state and guard artifacts...
[deploy] starting stack...
[deploy] waiting 25s for health...
[deploy] service status:
NAME                           IMAGE                        COMMAND                  SERVICE        CREATED          STATUS                    PORTS
bro_btc_paper-bro-guardian-1   bro_btc_paper-bro-guardian   "python scripts/guar…"   bro-guardian   31 seconds ago   Up 25 seconds (healthy)   
bro_btc_paper-bro-maker-1      bro_btc_paper-bro-maker      "python executor.py …"   bro-maker      32 seconds ago   Up 31 seconds (healthy)   127.0.0.1:9108->9108/tcp
[deploy] manifest identity:
manifest_path /home/odah/bro/base/logs_exec/paper_universal/run_manifest_fbf0fff0-4452-40e6-83dc-fd64f62f0a72.json
run_id fbf0fff0-4452-40e6-83dc-fd64f62f0a72
config_fingerprint_sha256 af3cc83f5cb7813f1155c0872fc2e1a988d0d603b2f096128f96a5e43e53b0ed
config_source_path /config/profiles/paper_universal.yaml
config_source_sha256 c70f9577db5db5b2b25c73c5aa70414a575cf72ae3571496fe3b235f0d530169
code_fingerprint_sha256 bac54dce31eb4c9e8ddc0d9f5e4641c2c9836bd0d82b3440009fbe7811d792fe
code_fingerprint_file_count 62
runtime_identity.effective_config_sha256 af3cc83f5cb7813f1155c0872fc2e1a988d0d603b2f096128f96a5e43e53b0ed
runtime_identity.dependency_lock_sha256 099d5990011fa718a20432aea5e31b2c2854e3ce4fbc65f9c20f457a2c3e09b8
runtime_identity.docker_image_hash sha256:2a6c6dd2050c9fd50cfeb8c29395ef06b6d02d7a93073007ae26f30b23f790ed
