[deploy] validating paper setup lock in /home/odah/bro/base/configs/profiles/paper_universal.yaml...
setup_lock_verified paper_universal b8b77f4d38b2bcac931810e4e74ed503e63f67c14051ceabeadde2931d9963fd
[deploy] resolved log_dir=/home/odah/bro/base/logs_exec/paper_universal
[deploy] resolved state_path=/home/odah/bro/base/data/paper_universal/state.json
[deploy] resolved guard_stop_file=/home/odah/bro/base/logs_exec/paper_universal/guard_stop.txt
canonical_deploy_authority_verified 53e186d4-adaa-4912-ae6d-804f9810f843 start 98d7f6c5-bec9-4768-bb06-941079c2ac72
[deploy] git identity commit=059c2ab8517f4ab03679c5a465c6638663192455 dirty=1
[deploy] building images...
#1 [internal] load local bake definitions
#1 reading from stdin 953B done
#1 DONE 0.0s

#2 [bro-maker internal] load build definition from Dockerfile
#2 transferring dockerfile: 2.00kB done
#2 DONE 0.0s

#3 [bro-guardian internal] load metadata for docker.io/library/rust:1.88.0-slim-bookworm
#3 DONE 1.0s

#4 [bro-guardian internal] load metadata for docker.io/library/python:3.11-slim@sha256:d6e4d224f70f9e0172a06a3a2eba2f768eb146811a349278b38fff3a36463b47
#4 DONE 1.0s

#5 [bro-guardian internal] load .dockerignore
#5 transferring context: 260B done
#5 DONE 0.0s

#6 [bro-guardian python-deps-builder 1/5] FROM docker.io/library/python:3.11-slim@sha256:d6e4d224f70f9e0172a06a3a2eba2f768eb146811a349278b38fff3a36463b47
#6 resolve docker.io/library/python:3.11-slim@sha256:d6e4d224f70f9e0172a06a3a2eba2f768eb146811a349278b38fff3a36463b47 0.0s done
#6 DONE 0.0s

#7 [bro-guardian worker-builder 1/6] FROM docker.io/library/rust:1.88.0-slim-bookworm@sha256:38bc5a86d998772d4aec2348656ed21438d20fcdce2795b56ca434cf21430d89
#7 resolve docker.io/library/rust:1.88.0-slim-bookworm@sha256:38bc5a86d998772d4aec2348656ed21438d20fcdce2795b56ca434cf21430d89 0.0s done
#7 DONE 0.0s

#8 [bro-guardian internal] load build context
#8 transferring context: 9.39MB 0.3s done
#8 DONE 0.4s

#9 [bro-maker python-deps-builder 4/5] COPY requirements.txt /build/python/requirements.txt
#9 CACHED

#10 [bro-maker stage-2 4/9] COPY --from=python-deps-builder /wheelhouse /wheelhouse
#10 CACHED

#11 [bro-maker stage-2 3/9] COPY requirements.txt /app/requirements.txt
#11 CACHED

#12 [bro-maker stage-2 2/9] WORKDIR /app
#12 CACHED

#13 [bro-maker python-deps-builder 5/5] RUN python -m pip wheel --no-cache-dir --wheel-dir /wheelhouse -r /build/python/requirements.txt
#13 CACHED

#14 [bro-maker python-deps-builder 2/5] WORKDIR /build/python
#14 CACHED

#15 [bro-maker python-deps-builder 3/5] RUN apt-get update     && apt-get install -y --no-install-recommends git     && rm -rf /var/lib/apt/lists/*
#15 CACHED

#16 [bro-maker stage-2 5/9] RUN pip install --no-cache-dir /wheelhouse/*     && rm -rf /wheelhouse
#16 CACHED

#17 [bro-maker worker-builder 5/6] COPY workers/src /build/workers/src
#17 CACHED

#18 [bro-maker worker-builder 4/6] COPY workers/Cargo.lock /build/workers/Cargo.lock
#18 CACHED

#19 [bro-maker worker-builder 2/6] WORKDIR /build/workers
#19 CACHED

#20 [bro-maker worker-builder 3/6] COPY workers/Cargo.toml /build/workers/Cargo.toml
#20 CACHED

#21 [bro-maker worker-builder 6/6] RUN cargo build --release --locked
#21 CACHED

#22 [bro-maker stage-2 6/9] COPY . /app
#22 DONE 2.8s

#23 [bro-maker stage-2 7/9] COPY --from=worker-builder /build/workers/target/release/bro-market-stream-worker /app/workers/bin/bro-market-stream-worker
#23 DONE 0.1s

#24 [bro-guardian stage-2 8/9] COPY --from=worker-builder /build/workers/target/release/bro-rtds-stream-worker /app/workers/bin/bro-rtds-stream-worker
#24 DONE 0.0s

#25 [bro-guardian stage-2 9/9] RUN addgroup --system bro && adduser --system --ingroup bro --home /home/bro --shell /usr/sbin/nologin bro     && mkdir -p /data /logs /tmp /config     && chown -R bro:bro /app /data /logs /tmp /config
#25 DONE 3.9s

#26 [bro-guardian] exporting to image
#26 exporting layers
#26 ...

#27 [bro-maker] exporting to image
#27 exporting layers 38.6s done
#27 exporting manifest sha256:d29b4c77c19170053763e40f1465d260dcab284783fbdcdbf728450ccb789f3c done
#27 exporting config sha256:e7885c47094bfa1e21cfb8d12d74dedadd78deb47f11569bf4d1df7a9b7728b3 done
#27 exporting attestation manifest sha256:2066b962d471f29b153e1a8754671f53849e299283726b6f76e3420c3f5b27e3 0.0s done
#27 exporting manifest list sha256:a987cf1b0015cf8a4d27d3bf7278dda21bf0fe7a833e19c60dcabe26d419d7e9 done
#27 naming to docker.io/library/bro_btc_paper-bro-maker:latest done
#27 unpacking to docker.io/library/bro_btc_paper-bro-maker:latest
#27 ...

#26 [bro-guardian] exporting to image
#26 exporting layers 38.6s done
#26 exporting manifest sha256:4c10e669d88e02fa8d036f05356ac6462c3de1bc397c713d841bde8f79f19422 done
#26 exporting config sha256:14e9ae02ae0b10af5b80c166864b02f93be439423f6d077e4f1cf0ceee0a3b7f done
#26 exporting attestation manifest sha256:bab457dfebc5e2007d2fb62c0e51c3ff94dfa59dd0634e8d1559ba61d5cf4f48 0.0s done
#26 exporting manifest list sha256:980d9d6f7493b666afc1a6142248e2464d99ebfeefa7772375b3358a4d070c38 done
#26 naming to docker.io/library/bro_btc_paper-bro-guardian:latest done
#26 unpacking to docker.io/library/bro_btc_paper-bro-guardian:latest
#26 ...

#27 [bro-maker] exporting to image
#27 unpacking to docker.io/library/bro_btc_paper-bro-maker:latest 19.1s done
#27 DONE 57.8s

#26 [bro-guardian] exporting to image
#26 unpacking to docker.io/library/bro_btc_paper-bro-guardian:latest 19.1s done
#26 DONE 57.8s

#28 [bro-guardian] resolving provenance for metadata file
#28 DONE 0.0s

#29 [bro-maker] resolving provenance for metadata file
#29 DONE 0.0s
[deploy] docker image identity maker_ref=bro_btc_paper-bro-maker hash=sha256:a987cf1b0015cf8a4d27d3bf7278dda21bf0fe7a833e19c60dcabe26d419d7e9
[deploy] stopping stack...
[deploy] clearing state and guard artifacts...
[deploy] starting stack...
[deploy] waiting 25s for health...
[deploy] service status:
NAME                           IMAGE                        COMMAND                  SERVICE        CREATED          STATUS                    PORTS
bro_btc_paper-bro-guardian-1   bro_btc_paper-bro-guardian   "python scripts/guar…"   bro-guardian   32 seconds ago   Up 25 seconds (healthy)   
bro_btc_paper-bro-maker-1      bro_btc_paper-bro-maker      "python executor.py …"   bro-maker      32 seconds ago   Up 31 seconds (healthy)   127.0.0.1:9108->9108/tcp
[deploy] manifest identity:
manifest_path /home/odah/bro/base/logs_exec/paper_universal/run_manifest_98d7f6c5-bec9-4768-bb06-941079c2ac72.json
run_id 98d7f6c5-bec9-4768-bb06-941079c2ac72
config_fingerprint_sha256 b8b77f4d38b2bcac931810e4e74ed503e63f67c14051ceabeadde2931d9963fd
config_source_path /config/profiles/paper_universal.yaml
config_source_sha256 0269cb6a9ec1b782e224417d3580f9a4b9334028b2e98b08b3f6e6f30c6b564c
code_fingerprint_sha256 7b7a0a4b4df1d4db9e70fd4176094c146a44c2090808599c0107e503f4287487
code_fingerprint_file_count 59
runtime_identity.effective_config_sha256 b8b77f4d38b2bcac931810e4e74ed503e63f67c14051ceabeadde2931d9963fd
runtime_identity.dependency_lock_sha256 099d5990011fa718a20432aea5e31b2c2854e3ce4fbc65f9c20f457a2c3e09b8
runtime_identity.docker_image_hash sha256:a987cf1b0015cf8a4d27d3bf7278dda21bf0fe7a833e19c60dcabe26d419d7e9
