 Image bro_btc_paper-bro-maker Building 
 Image bro_btc_paper-bro-guardian Building 
 Image bro_btc_paper-bro-guardian Built 
 Image bro_btc_paper-bro-maker Built 
 Container bro_btc_paper-bro-maker-1 Stopping 
 Container bro_btc_paper-bro-maker-1 Stopped 
 Container bro_btc_paper-bro-maker-1 Removing 
 Container bro_btc_paper-bro-maker-1 Removed 
 Network bro_btc_paper_default Removing 
 Network bro_btc_paper_default Removed 
 Network bro_btc_paper_default Creating 
 Network bro_btc_paper_default Created 
 Container bro_btc_paper-bro-maker-1 Creating 
 Container bro_btc_paper-bro-maker-1 Created 
 Container bro_btc_paper-bro-guardian-1 Creating 
 Container bro_btc_paper-bro-guardian-1 Created 
 Container bro_btc_paper-bro-maker-1 Starting 
 Container bro_btc_paper-bro-maker-1 Started 
 Container bro_btc_paper-bro-maker-1 Waiting 
 Container bro_btc_paper-bro-maker-1 Healthy 
 Container bro_btc_paper-bro-guardian-1 Starting 
 Container bro_btc_paper-bro-guardian-1 Started 
