[deploy] validating paper setup lock in /home/odah/bro/base/configs/profiles/paper_universal.yaml...
setup_lock_verified paper_universal c52041e6c6f7a90b0370b774a88fd012630af90b11e1543715a5139c35070d17
[deploy] resolved log_dir=/home/odah/bro/base/logs_exec/paper_universal
[deploy] resolved state_path=/home/odah/bro/base/data/paper_universal/state.json
[deploy] resolved guard_stop_file=/home/odah/bro/base/logs_exec/paper_universal/guard_stop.txt
canonical_deploy_authority_verified ccaa228e-6ee8-4ee1-8e28-431c6c02f7ff start 033f8a42-33d6-418d-a2e7-32d727de1e71
[deploy] git identity commit=ef50707ca1df62f4fa8e9f5721d5316fc84132b8 dirty=1
[deploy] building images...
#1 [internal] load local bake definitions
#1 reading from stdin 953B done
#1 DONE 0.0s

#2 [bro-maker internal] load build definition from Dockerfile
#2 transferring dockerfile: 2.00kB done
#2 DONE 0.0s

#3 [bro-guardian internal] load metadata for docker.io/library/rust:1.88.0-slim-bookworm
#3 DONE 1.0s

#4 [bro-maker internal] load metadata for docker.io/library/python:3.11-slim@sha256:d6e4d224f70f9e0172a06a3a2eba2f768eb146811a349278b38fff3a36463b47
#4 DONE 1.0s

#5 [bro-guardian internal] load .dockerignore
#5 transferring context: 260B done
#5 DONE 0.0s

#6 [bro-guardian python-deps-builder 1/5] FROM docker.io/library/python:3.11-slim@sha256:d6e4d224f70f9e0172a06a3a2eba2f768eb146811a349278b38fff3a36463b47
#6 resolve docker.io/library/python:3.11-slim@sha256:d6e4d224f70f9e0172a06a3a2eba2f768eb146811a349278b38fff3a36463b47 0.0s done
#6 DONE 0.0s

#7 [bro-guardian worker-builder 1/6] FROM docker.io/library/rust:1.88.0-slim-bookworm@sha256:38bc5a86d998772d4aec2348656ed21438d20fcdce2795b56ca434cf21430d89
#7 resolve docker.io/library/rust:1.88.0-slim-bookworm@sha256:38bc5a86d998772d4aec2348656ed21438d20fcdce2795b56ca434cf21430d89 0.0s done
#7 DONE 0.0s

#8 [bro-guardian internal] load build context
#8 transferring context: 5.61MB 0.1s done
#8 DONE 0.1s

#9 [bro-maker python-deps-builder 3/5] RUN apt-get update     && apt-get install -y --no-install-recommends git     && rm -rf /var/lib/apt/lists/*
#9 CACHED

#10 [bro-maker stage-2 3/9] COPY requirements.txt /app/requirements.txt
#10 CACHED

#11 [bro-maker python-deps-builder 5/5] RUN python -m pip wheel --no-cache-dir --wheel-dir /wheelhouse -r /build/python/requirements.txt
#11 CACHED

#12 [bro-maker stage-2 4/9] COPY --from=python-deps-builder /wheelhouse /wheelhouse
#12 CACHED

#13 [bro-maker python-deps-builder 2/5] WORKDIR /build/python
#13 CACHED

#14 [bro-maker python-deps-builder 4/5] COPY requirements.txt /build/python/requirements.txt
#14 CACHED

#15 [bro-maker stage-2 2/9] WORKDIR /app
#15 CACHED

#16 [bro-maker stage-2 5/9] RUN pip install --no-cache-dir /wheelhouse/*     && rm -rf /wheelhouse
#16 CACHED

#17 [bro-maker worker-builder 3/6] COPY workers/Cargo.toml /build/workers/Cargo.toml
#17 CACHED

#18 [bro-maker worker-builder 5/6] COPY workers/src /build/workers/src
#18 CACHED

#19 [bro-maker worker-builder 4/6] COPY workers/Cargo.lock /build/workers/Cargo.lock
#19 CACHED

#20 [bro-maker worker-builder 2/6] WORKDIR /build/workers
#20 CACHED

#21 [bro-maker worker-builder 6/6] RUN cargo build --release --locked
#21 CACHED

#22 [bro-guardian stage-2 6/9] COPY . /app
#22 DONE 0.3s

#23 [bro-maker stage-2 7/9] COPY --from=worker-builder /build/workers/target/release/bro-market-stream-worker /app/workers/bin/bro-market-stream-worker
#23 DONE 0.0s

#24 [bro-maker stage-2 8/9] COPY --from=worker-builder /build/workers/target/release/bro-rtds-stream-worker /app/workers/bin/bro-rtds-stream-worker
#24 DONE 0.0s

#25 [bro-maker stage-2 9/9] RUN addgroup --system bro && adduser --system --ingroup bro --home /home/bro --shell /usr/sbin/nologin bro     && mkdir -p /data /logs /tmp /config     && chown -R bro:bro /app /data /logs /tmp /config
#25 DONE 0.8s

#26 [bro-maker] exporting to image
#26 exporting layers
#26 exporting layers 1.6s done
#26 exporting manifest sha256:276b5c777cdd9ac277bf3a3b06929b9b329acf45225545b71396f8297f49ad21 done
#26 exporting config sha256:c5092cb197c73139af88c6bef29ae76374d4cc18aaea2f02883f2913c297cd5d 0.0s done
#26 exporting attestation manifest sha256:82877399b824392ec7982434ce2470e9d864f13bfdfc662b1f14fcdab51b9da3 0.0s done
#26 exporting manifest list sha256:199a37cc3827e677e4174d036a033cbcc59f41a255a4bb78b963a9fba56ea361 done
#26 naming to docker.io/library/bro_btc_paper-bro-maker:latest done
#26 unpacking to docker.io/library/bro_btc_paper-bro-maker:latest
#26 unpacking to docker.io/library/bro_btc_paper-bro-maker:latest 1.1s done
#26 DONE 2.9s

#27 [bro-guardian] exporting to image
#27 exporting layers 1.6s done
#27 exporting manifest sha256:6988543ac40f1869fb8ad97a345d57eb0a9a6d73eef3c4cb556fc259459c3b0c done
#27 exporting config sha256:e7fcee3862c3fed557986508fb79a79378ac6b7d717776a92d03d14fd9b52af1 0.0s done
#27 exporting attestation manifest sha256:664d5179e7aff63aeba3a5cd50fe82c8655c7956a170d757492516c9d65612c0 0.0s done
#27 exporting manifest list sha256:467629fddccac5f80eb4b3aeebc341238adf96ed50fc403f11d97067cadf0fa5 done
#27 naming to docker.io/library/bro_btc_paper-bro-guardian:latest done
#27 unpacking to docker.io/library/bro_btc_paper-bro-guardian:latest 1.1s done
#27 DONE 2.9s

#28 [bro-maker] resolving provenance for metadata file
#28 DONE 0.0s

#29 [bro-guardian] resolving provenance for metadata file
#29 DONE 0.0s
[deploy] docker image identity maker_ref=bro_btc_paper-bro-maker hash=sha256:199a37cc3827e677e4174d036a033cbcc59f41a255a4bb78b963a9fba56ea361
[deploy] stopping stack...
[deploy] clearing state and guard artifacts...
[deploy] starting stack...
[deploy] waiting 25s for health...
[deploy] service status:
NAME                           IMAGE                        COMMAND                  SERVICE        CREATED          STATUS                    PORTS
bro_btc_paper-bro-guardian-1   bro_btc_paper-bro-guardian   "python scripts/guar…"   bro-guardian   31 seconds ago   Up 25 seconds (healthy)   
bro_btc_paper-bro-maker-1      bro_btc_paper-bro-maker      "python executor.py …"   bro-maker      31 seconds ago   Up 31 seconds (healthy)   127.0.0.1:9108->9108/tcp
[deploy] manifest identity:
manifest_path /home/odah/bro/base/logs_exec/paper_universal/run_manifest_033f8a42-33d6-418d-a2e7-32d727de1e71.json
run_id 033f8a42-33d6-418d-a2e7-32d727de1e71
config_fingerprint_sha256 c52041e6c6f7a90b0370b774a88fd012630af90b11e1543715a5139c35070d17
config_source_path /config/profiles/paper_universal.yaml
config_source_sha256 c7d7a8dbea38d0263050244b8094f9f34bc18ad63b09020f2d6e69f01f7802e2
code_fingerprint_sha256 32f163f8a425c713928393740de1c21f61c8781d7e05d8e7cfc466dbd38517ae
code_fingerprint_file_count 62
runtime_identity.effective_config_sha256 c52041e6c6f7a90b0370b774a88fd012630af90b11e1543715a5139c35070d17
runtime_identity.dependency_lock_sha256 099d5990011fa718a20432aea5e31b2c2854e3ce4fbc65f9c20f457a2c3e09b8
runtime_identity.docker_image_hash sha256:199a37cc3827e677e4174d036a033cbcc59f41a255a4bb78b963a9fba56ea361
