[deploy] validating paper setup lock in /home/odah/bro/base/configs/profiles/paper_universal.yaml...
setup_lock_verified paper_universal 593aaf52756657e50ee042d3129a545625844dc640c2bb6d82f4b8646e25540a
[deploy] resolved log_dir=/home/odah/bro/base/logs_exec/paper_universal
[deploy] resolved state_path=/home/odah/bro/base/data/paper_universal/state.json
[deploy] resolved guard_stop_file=/home/odah/bro/base/logs_exec/paper_universal/guard_stop.txt
canonical_deploy_authority_verified 9332cfc6-81c4-472b-bcba-e7e0712acf9d start 7be1a962-eb78-4e13-a223-71e9e3a01efa
[deploy] git identity commit=059c2ab8517f4ab03679c5a465c6638663192455 dirty=1
[deploy] building images...
#1 [internal] load local bake definitions
#1 reading from stdin 953B done
#1 DONE 0.0s

#2 [bro-maker internal] load build definition from Dockerfile
#2 transferring dockerfile: 30B
#2 transferring dockerfile: 2.00kB done
#2 DONE 0.0s

#3 [bro-guardian internal] load metadata for docker.io/library/python:3.11-slim@sha256:d6e4d224f70f9e0172a06a3a2eba2f768eb146811a349278b38fff3a36463b47
#3 DONE 1.0s

#4 [bro-guardian internal] load metadata for docker.io/library/rust:1.88.0-slim-bookworm
#4 DONE 1.0s

#5 [bro-guardian internal] load .dockerignore
#5 transferring context: 260B 0.0s done
#5 transferring context: 260B 0.0s done
#5 DONE 0.1s

#6 [bro-maker worker-builder 1/6] FROM docker.io/library/rust:1.88.0-slim-bookworm@sha256:38bc5a86d998772d4aec2348656ed21438d20fcdce2795b56ca434cf21430d89
#6 resolve docker.io/library/rust:1.88.0-slim-bookworm@sha256:38bc5a86d998772d4aec2348656ed21438d20fcdce2795b56ca434cf21430d89 0.0s done
#6 DONE 0.0s

#7 [bro-guardian python-deps-builder 1/5] FROM docker.io/library/python:3.11-slim@sha256:d6e4d224f70f9e0172a06a3a2eba2f768eb146811a349278b38fff3a36463b47
#7 resolve docker.io/library/python:3.11-slim@sha256:d6e4d224f70f9e0172a06a3a2eba2f768eb146811a349278b38fff3a36463b47 0.0s done
#7 DONE 0.0s

#8 [bro-guardian internal] load build context
#8 transferring context: 738.08kB 0.3s done
#8 DONE 0.3s

#9 [bro-maker worker-builder 3/6] COPY workers/Cargo.toml /build/workers/Cargo.toml
#9 CACHED

#10 [bro-maker worker-builder 4/6] COPY workers/Cargo.lock /build/workers/Cargo.lock
#10 CACHED

#11 [bro-maker worker-builder 5/6] COPY workers/src /build/workers/src
#11 CACHED

#12 [bro-maker worker-builder 2/6] WORKDIR /build/workers
#12 CACHED

#13 [bro-maker worker-builder 6/6] RUN cargo build --release --locked
#13 CACHED

#14 [bro-maker stage-2 3/9] COPY requirements.txt /app/requirements.txt
#14 CACHED

#15 [bro-maker python-deps-builder 2/5] WORKDIR /build/python
#15 CACHED

#16 [bro-maker python-deps-builder 5/5] RUN python -m pip wheel --no-cache-dir --wheel-dir /wheelhouse -r /build/python/requirements.txt
#16 CACHED

#17 [bro-maker stage-2 4/9] COPY --from=python-deps-builder /wheelhouse /wheelhouse
#17 CACHED

#18 [bro-maker python-deps-builder 3/5] RUN apt-get update     && apt-get install -y --no-install-recommends git     && rm -rf /var/lib/apt/lists/*
#18 CACHED

#19 [bro-maker python-deps-builder 4/5] COPY requirements.txt /build/python/requirements.txt
#19 CACHED

#20 [bro-maker stage-2 2/9] WORKDIR /app
#20 CACHED

#21 [bro-maker stage-2 5/9] RUN pip install --no-cache-dir /wheelhouse/*     && rm -rf /wheelhouse
#21 CACHED

#22 [bro-maker stage-2 6/9] COPY . /app
#22 DONE 2.4s

#23 [bro-maker stage-2 7/9] COPY --from=worker-builder /build/workers/target/release/bro-market-stream-worker /app/workers/bin/bro-market-stream-worker
#23 DONE 0.1s

#24 [bro-guardian stage-2 8/9] COPY --from=worker-builder /build/workers/target/release/bro-rtds-stream-worker /app/workers/bin/bro-rtds-stream-worker
#24 DONE 0.0s

#25 [bro-maker stage-2 9/9] RUN addgroup --system bro && adduser --system --ingroup bro --home /home/bro --shell /usr/sbin/nologin bro     && mkdir -p /data /logs /tmp /config     && chown -R bro:bro /app /data /logs /tmp /config
#25 DONE 4.4s

#26 [bro-maker] exporting to image
#26 exporting layers
#26 ...

#27 [bro-guardian] exporting to image
#27 exporting layers 37.8s done
#27 exporting manifest sha256:ba0dc7ebd093cb391ba4bcc25d141883632c8360fc9a5864d059f38587531adb done
#27 exporting config sha256:c08ff11d371c4a4634e3c6a5df1a5b7cd6eb4890b41e2ccdb534a87b6779abfd done
#27 exporting attestation manifest sha256:2db294000053eb59b62dbade5283dfde4b5029766f817a03749920bcab83049f 0.0s done
#27 exporting manifest list sha256:d37053781e4c31427d0f13837cce36ed0cdfa60f89f747cbd99e7eb9f1f6a7ff 0.0s done
#27 naming to docker.io/library/bro_btc_paper-bro-guardian:latest done
#27 unpacking to docker.io/library/bro_btc_paper-bro-guardian:latest
#27 ...

#26 [bro-maker] exporting to image
#26 exporting layers 37.8s done
#26 exporting manifest sha256:521efecf401ea804966b10193f9730a0a1e2ceaba8512bc3b5d6b5f6c968c3da done
#26 exporting config sha256:5d34c838543a1d8296d14cb00a93ab996a6a35ec003409ad06d18eed76243d56 0.0s done
#26 exporting attestation manifest sha256:a7fb20ec7e916f1495b6dc333cf3a7d4391b1516be53cdb861d364630e53c2a5 0.0s done
#26 exporting manifest list sha256:95c5d5e97600a69761bcc9caaa2da2cfc01f67b740aa7014d654130db7bd65b3 0.0s done
#26 naming to docker.io/library/bro_btc_paper-bro-maker:latest done
#26 unpacking to docker.io/library/bro_btc_paper-bro-maker:latest
#26 ...

#27 [bro-guardian] exporting to image
#27 unpacking to docker.io/library/bro_btc_paper-bro-guardian:latest 18.7s done
#27 DONE 56.6s

#26 [bro-maker] exporting to image
#26 unpacking to docker.io/library/bro_btc_paper-bro-maker:latest 18.7s done
#26 DONE 56.6s

#28 [bro-guardian] resolving provenance for metadata file
#28 DONE 0.0s

#29 [bro-maker] resolving provenance for metadata file
#29 DONE 0.0s
[deploy] docker image identity maker_ref=bro_btc_paper-bro-maker hash=sha256:95c5d5e97600a69761bcc9caaa2da2cfc01f67b740aa7014d654130db7bd65b3
[deploy] stopping stack...
[deploy] clearing state and guard artifacts...
[deploy] starting stack...
[deploy] waiting 25s for health...
[deploy] service status:
NAME                           IMAGE                        COMMAND                  SERVICE        CREATED          STATUS                    PORTS
bro_btc_paper-bro-guardian-1   bro_btc_paper-bro-guardian   "python scripts/guar…"   bro-guardian   32 seconds ago   Up 25 seconds (healthy)   
bro_btc_paper-bro-maker-1      bro_btc_paper-bro-maker      "python executor.py …"   bro-maker      32 seconds ago   Up 31 seconds (healthy)   127.0.0.1:9108->9108/tcp
[deploy] manifest identity:
manifest_path /home/odah/bro/base/logs_exec/paper_universal/run_manifest_7be1a962-eb78-4e13-a223-71e9e3a01efa.json
run_id 7be1a962-eb78-4e13-a223-71e9e3a01efa
config_fingerprint_sha256 593aaf52756657e50ee042d3129a545625844dc640c2bb6d82f4b8646e25540a
config_source_path /config/profiles/paper_universal.yaml
config_source_sha256 cc3470587b92b18895d11667211a509e38b8fd1a599976338b0607b1532bc73b
code_fingerprint_sha256 14566808ccd28ee91d7e4f824ae7bf6a583aefc1798add849d1002b0e3a63c28
code_fingerprint_file_count 59
runtime_identity.effective_config_sha256 593aaf52756657e50ee042d3129a545625844dc640c2bb6d82f4b8646e25540a
runtime_identity.dependency_lock_sha256 099d5990011fa718a20432aea5e31b2c2854e3ce4fbc65f9c20f457a2c3e09b8
runtime_identity.docker_image_hash sha256:95c5d5e97600a69761bcc9caaa2da2cfc01f67b740aa7014d654130db7bd65b3
