[deploy] validating paper setup lock in /home/odah/bro/base/configs/profiles/paper_universal.yaml...
setup_lock_verified paper_universal 5b61aa27923c915fff110c4fae2e67f68f70115385314c13b481d7a900646397
[deploy] resolved log_dir=/home/odah/bro/base/logs_exec/paper_universal
[deploy] resolved state_path=/home/odah/bro/base/data/paper_universal/state.json
[deploy] resolved guard_stop_file=/home/odah/bro/base/logs_exec/paper_universal/guard_stop.txt
canonical_deploy_authority_verified 74136848-a941-4072-bd9b-d5d7dbb06b99 start ef021ded-99b3-4b56-ac55-7f12592a67e0
[deploy] git identity commit=ef50707ca1df62f4fa8e9f5721d5316fc84132b8 dirty=1
[deploy] building images...
#1 [internal] load local bake definitions
#1 reading from stdin 953B done
#1 DONE 0.0s

#2 [bro-guardian internal] load build definition from Dockerfile
#2 transferring dockerfile: 2.00kB done
#2 DONE 0.0s

#3 [bro-maker internal] load metadata for docker.io/library/python:3.11-slim@sha256:d6e4d224f70f9e0172a06a3a2eba2f768eb146811a349278b38fff3a36463b47
#3 DONE 1.0s

#4 [bro-guardian internal] load metadata for docker.io/library/rust:1.88.0-slim-bookworm
#4 DONE 1.0s

#5 [bro-guardian internal] load .dockerignore
#5 transferring context: 260B done
#5 DONE 0.0s

#6 [bro-maker worker-builder 1/6] FROM docker.io/library/rust:1.88.0-slim-bookworm@sha256:38bc5a86d998772d4aec2348656ed21438d20fcdce2795b56ca434cf21430d89
#6 resolve docker.io/library/rust:1.88.0-slim-bookworm@sha256:38bc5a86d998772d4aec2348656ed21438d20fcdce2795b56ca434cf21430d89 0.0s done
#6 DONE 0.0s

#7 [bro-maker python-deps-builder 1/5] FROM docker.io/library/python:3.11-slim@sha256:d6e4d224f70f9e0172a06a3a2eba2f768eb146811a349278b38fff3a36463b47
#7 resolve docker.io/library/python:3.11-slim@sha256:d6e4d224f70f9e0172a06a3a2eba2f768eb146811a349278b38fff3a36463b47 0.0s done
#7 DONE 0.0s

#8 [bro-maker internal] load build context
#8 transferring context: 6.03MB 0.1s done
#8 DONE 0.1s

#9 [bro-guardian stage-2 3/9] COPY requirements.txt /app/requirements.txt
#9 CACHED

#10 [bro-guardian python-deps-builder 5/5] RUN python -m pip wheel --no-cache-dir --wheel-dir /wheelhouse -r /build/python/requirements.txt
#10 CACHED

#11 [bro-guardian stage-2 2/9] WORKDIR /app
#11 CACHED

#12 [bro-guardian python-deps-builder 2/5] WORKDIR /build/python
#12 CACHED

#13 [bro-guardian python-deps-builder 3/5] RUN apt-get update     && apt-get install -y --no-install-recommends git     && rm -rf /var/lib/apt/lists/*
#13 CACHED

#14 [bro-guardian stage-2 4/9] COPY --from=python-deps-builder /wheelhouse /wheelhouse
#14 CACHED

#15 [bro-guardian python-deps-builder 4/5] COPY requirements.txt /build/python/requirements.txt
#15 CACHED

#16 [bro-guardian stage-2 5/9] RUN pip install --no-cache-dir /wheelhouse/*     && rm -rf /wheelhouse
#16 CACHED

#17 [bro-maker worker-builder 4/6] COPY workers/Cargo.lock /build/workers/Cargo.lock
#17 CACHED

#18 [bro-maker worker-builder 5/6] COPY workers/src /build/workers/src
#18 CACHED

#19 [bro-maker worker-builder 2/6] WORKDIR /build/workers
#19 CACHED

#20 [bro-maker worker-builder 3/6] COPY workers/Cargo.toml /build/workers/Cargo.toml
#20 CACHED

#21 [bro-maker worker-builder 6/6] RUN cargo build --release --locked
#21 CACHED

#22 [bro-maker stage-2 6/9] COPY . /app
#22 DONE 0.1s

#23 [bro-guardian stage-2 7/9] COPY --from=worker-builder /build/workers/target/release/bro-market-stream-worker /app/workers/bin/bro-market-stream-worker
#23 DONE 0.0s

#24 [bro-maker stage-2 8/9] COPY --from=worker-builder /build/workers/target/release/bro-rtds-stream-worker /app/workers/bin/bro-rtds-stream-worker
#24 DONE 0.0s

#25 [bro-guardian stage-2 9/9] RUN addgroup --system bro && adduser --system --ingroup bro --home /home/bro --shell /usr/sbin/nologin bro     && mkdir -p /data /logs /tmp /config     && chown -R bro:bro /app /data /logs /tmp /config
#25 DONE 0.7s

#26 [bro-guardian] exporting to image
#26 exporting layers
#26 exporting layers 1.6s done
#26 exporting manifest sha256:1b8fd5c3f8832a2088d4da9b485ed1f5923d6a0dde1df76745f912f358c12e10 done
#26 exporting config sha256:11168faed8c0b4cf163df3a186b2b93a5a886ab89d5814bf554e60fda5d29041 done
#26 exporting attestation manifest sha256:5d110bb6da4f7b67086b6322b3c488c9b2f81024bee621a3db61c2e12a393e8c 0.0s done
#26 exporting manifest list sha256:583e7fa9e0d232b2accf37738b99913474b7c3f028765a5e44722df7149b9484 0.0s done
#26 naming to docker.io/library/bro_btc_paper-bro-guardian:latest done
#26 unpacking to docker.io/library/bro_btc_paper-bro-guardian:latest
#26 unpacking to docker.io/library/bro_btc_paper-bro-guardian:latest 0.9s done
#26 DONE 2.6s

#27 [bro-maker] exporting to image
#27 exporting layers 1.6s done
#27 exporting manifest sha256:39423f63e79b77d6a47d993adf0ef019e471f11c189ee9571b4bf534ea45e20b done
#27 exporting config sha256:32fdf180b403235787101137ca4f99352eba6a5afffe0e94550fd3b8cb8ad5c5 done
#27 exporting attestation manifest sha256:250888e8bf098f756da1f3ca3424715c3f172c13c0e0835750f6be93d6ffe292 0.0s done
#27 exporting manifest list sha256:68ea88bf81d76ac648592579fc1329d41e2a052703d39350eeed6a190c924cac done
#27 naming to docker.io/library/bro_btc_paper-bro-maker:latest done
#27 unpacking to docker.io/library/bro_btc_paper-bro-maker:latest 0.9s done
#27 DONE 2.6s

#28 [bro-guardian] resolving provenance for metadata file
#28 DONE 0.0s

#29 [bro-maker] resolving provenance for metadata file
#29 DONE 0.0s
[deploy] docker image identity maker_ref=bro_btc_paper-bro-maker hash=sha256:68ea88bf81d76ac648592579fc1329d41e2a052703d39350eeed6a190c924cac
[deploy] stopping stack...
[deploy] clearing state and guard artifacts...
[deploy] starting stack...
[deploy] waiting 25s for health...
[deploy] service status:
NAME                           IMAGE                        COMMAND                  SERVICE        CREATED          STATUS                    PORTS
bro_btc_paper-bro-guardian-1   bro_btc_paper-bro-guardian   "python scripts/guar…"   bro-guardian   32 seconds ago   Up 25 seconds (healthy)   
bro_btc_paper-bro-maker-1      bro_btc_paper-bro-maker      "python executor.py …"   bro-maker      32 seconds ago   Up 31 seconds (healthy)   127.0.0.1:9108->9108/tcp
[deploy] manifest identity:
manifest_path /home/odah/bro/base/logs_exec/paper_universal/run_manifest_ef021ded-99b3-4b56-ac55-7f12592a67e0.json
run_id ef021ded-99b3-4b56-ac55-7f12592a67e0
config_fingerprint_sha256 5b61aa27923c915fff110c4fae2e67f68f70115385314c13b481d7a900646397
config_source_path /config/profiles/paper_universal.yaml
config_source_sha256 10f5408640084ce6d15230f39f7f7c8a495b1e3113fae4d200399a78bad116ee
code_fingerprint_sha256 21988473bcf28a0bdfe8d590145d22a18aff6d0f0f2ad9ffd41f722c7b824cef
code_fingerprint_file_count 62
runtime_identity.effective_config_sha256 5b61aa27923c915fff110c4fae2e67f68f70115385314c13b481d7a900646397
runtime_identity.dependency_lock_sha256 099d5990011fa718a20432aea5e31b2c2854e3ce4fbc65f9c20f457a2c3e09b8
runtime_identity.docker_image_hash sha256:68ea88bf81d76ac648592579fc1329d41e2a052703d39350eeed6a190c924cac
