[deploy] validating paper setup lock in /home/odah/bro/base/configs/profiles/paper_universal.yaml...
setup_lock_verified paper_universal 5b61aa27923c915fff110c4fae2e67f68f70115385314c13b481d7a900646397
[deploy] resolved log_dir=/home/odah/bro/base/logs_exec/paper_universal
[deploy] resolved state_path=/home/odah/bro/base/data/paper_universal/state.json
[deploy] resolved guard_stop_file=/home/odah/bro/base/logs_exec/paper_universal/guard_stop.txt
canonical_deploy_authority_verified 53f956f4-198e-4b88-ae68-dff1d01cc7b9 start d1b0fc74-414e-4488-b612-0c46087d2e9d
[deploy] git identity commit=ef50707ca1df62f4fa8e9f5721d5316fc84132b8 dirty=1
[deploy] building images...
#1 [internal] load local bake definitions
#1 reading from stdin 953B done
#1 DONE 0.0s

#2 [bro-maker internal] load build definition from Dockerfile
#2 transferring dockerfile: 2.00kB done
#2 DONE 0.0s

#3 [bro-maker internal] load metadata for docker.io/library/rust:1.88.0-slim-bookworm
#3 DONE 1.2s

#4 [bro-maker internal] load metadata for docker.io/library/python:3.11-slim@sha256:d6e4d224f70f9e0172a06a3a2eba2f768eb146811a349278b38fff3a36463b47
#4 DONE 1.3s

#5 [bro-guardian internal] load .dockerignore
#5 transferring context: 260B done
#5 DONE 0.0s

#6 [bro-maker internal] load build context
#6 DONE 0.0s

#7 [bro-maker worker-builder 1/6] FROM docker.io/library/rust:1.88.0-slim-bookworm@sha256:38bc5a86d998772d4aec2348656ed21438d20fcdce2795b56ca434cf21430d89
#7 resolve docker.io/library/rust:1.88.0-slim-bookworm@sha256:38bc5a86d998772d4aec2348656ed21438d20fcdce2795b56ca434cf21430d89 0.0s done
#7 resolve docker.io/library/rust:1.88.0-slim-bookworm@sha256:38bc5a86d998772d4aec2348656ed21438d20fcdce2795b56ca434cf21430d89 0.0s done
#7 DONE 0.0s

#8 [bro-guardian python-deps-builder 1/5] FROM docker.io/library/python:3.11-slim@sha256:d6e4d224f70f9e0172a06a3a2eba2f768eb146811a349278b38fff3a36463b47
#8 resolve docker.io/library/python:3.11-slim@sha256:d6e4d224f70f9e0172a06a3a2eba2f768eb146811a349278b38fff3a36463b47 0.0s done
#8 DONE 0.0s

#6 [bro-guardian internal] load build context
#6 transferring context: 2.44MB 0.2s done
#6 transferring context: 2.44MB 0.2s done
#6 DONE 0.2s

#9 [bro-guardian stage-2 4/9] COPY --from=python-deps-builder /wheelhouse /wheelhouse
#9 CACHED

#10 [bro-guardian stage-2 3/9] COPY requirements.txt /app/requirements.txt
#10 CACHED

#11 [bro-guardian python-deps-builder 5/5] RUN python -m pip wheel --no-cache-dir --wheel-dir /wheelhouse -r /build/python/requirements.txt
#11 CACHED

#12 [bro-guardian python-deps-builder 2/5] WORKDIR /build/python
#12 CACHED

#13 [bro-guardian stage-2 2/9] WORKDIR /app
#13 CACHED

#14 [bro-guardian python-deps-builder 3/5] RUN apt-get update     && apt-get install -y --no-install-recommends git     && rm -rf /var/lib/apt/lists/*
#14 CACHED

#15 [bro-guardian python-deps-builder 4/5] COPY requirements.txt /build/python/requirements.txt
#15 CACHED

#16 [bro-guardian stage-2 5/9] RUN pip install --no-cache-dir /wheelhouse/*     && rm -rf /wheelhouse
#16 CACHED

#17 [bro-maker worker-builder 2/6] WORKDIR /build/workers
#17 CACHED

#18 [bro-maker worker-builder 4/6] COPY workers/Cargo.lock /build/workers/Cargo.lock
#18 CACHED

#19 [bro-maker worker-builder 3/6] COPY workers/Cargo.toml /build/workers/Cargo.toml
#19 CACHED

#20 [bro-maker worker-builder 5/6] COPY workers/src /build/workers/src
#20 CACHED

#21 [bro-maker worker-builder 6/6] RUN cargo build --release --locked
#21 CACHED

#22 [bro-maker stage-2 6/9] COPY . /app
#22 DONE 0.5s

#23 [bro-maker stage-2 7/9] COPY --from=worker-builder /build/workers/target/release/bro-market-stream-worker /app/workers/bin/bro-market-stream-worker
#23 DONE 0.1s

#24 [bro-maker stage-2 8/9] COPY --from=worker-builder /build/workers/target/release/bro-rtds-stream-worker /app/workers/bin/bro-rtds-stream-worker
#24 DONE 0.0s

#25 [bro-guardian stage-2 9/9] RUN addgroup --system bro && adduser --system --ingroup bro --home /home/bro --shell /usr/sbin/nologin bro     && mkdir -p /data /logs /tmp /config     && chown -R bro:bro /app /data /logs /tmp /config
#25 DONE 2.1s

#26 [bro-maker] exporting to image
#26 exporting layers
#26 exporting layers 2.2s done
#26 exporting manifest sha256:cb7294c61b25762f8325095d6efc6ae2aaf0fcaf08d0d1305947c8a36512e3c9 done
#26 exporting config sha256:a95daf0ddfbe49c30d6d7cc8d5d8ebd3fac33ffddfba4677bb85dc018d0e9643 done
#26 exporting attestation manifest sha256:262579e89047f2552e04461b5771c05934eec8ae6d0de3411f4c31e4f22aa20e 0.0s done
#26 exporting manifest list sha256:4dbd405b8b5317cc92ddfa691e76f0b15adf3f42a32edec847f0e22ec54f770d done
#26 naming to docker.io/library/bro_btc_paper-bro-maker:latest done
#26 unpacking to docker.io/library/bro_btc_paper-bro-maker:latest 0.0s done
#26 ERROR: failed to prepare extraction snapshot "extract-233691519-_CeN sha256:c9788dfff6bf764ff303e96040238468615e39ed36afd5e4150b196d6feb0f29": parent snapshot sha256:6f181784afc209571cc66bc464eb34b8dbf56dbad2231b293b0773ce39ceef32 does not exist: not found

#27 [bro-guardian] exporting to image
#27 exporting layers 2.2s done
#27 exporting manifest sha256:6724e8ffec447852cc1d0d4277828bd4eb4cf20f01e0cda66f619308c87d9482 done
#27 exporting config sha256:159c81e35ff5dbeab752535600d322a7df1f690fb29e16458f2a283938b03dd6 done
#27 exporting attestation manifest sha256:6e4342e8835ca6f9cccb1c1a9cf5d231c8e5c5ea9978f9dc69b351c345438ac6 0.0s done
#27 exporting manifest list sha256:1b1dea57a6d994def3562db44e9a475dcfc5a89f2db1ee4dac2926d9606343fc done
#27 naming to docker.io/library/bro_btc_paper-bro-guardian:latest done
#27 unpacking to docker.io/library/bro_btc_paper-bro-guardian:latest 0.0s done
#27 ERROR: failed to prepare extraction snapshot "extract-229895852-QhUB sha256:c9788dfff6bf764ff303e96040238468615e39ed36afd5e4150b196d6feb0f29": parent snapshot sha256:6f181784afc209571cc66bc464eb34b8dbf56dbad2231b293b0773ce39ceef32 does not exist: not found
------
 > [bro-guardian] exporting to image:
------
------
 > [bro-maker] exporting to image:
------
