[deploy] validating paper setup lock in /home/odah/bro/base/configs/profiles/paper_universal.yaml...
setup_lock_verified paper_universal 2b8e996f837514dbaf4833cffd9230454c65f77f9751cd27c9dc531923426161
[deploy] resolved log_dir=/home/odah/bro/base/logs_exec/paper_universal
[deploy] resolved state_path=/home/odah/bro/base/data/paper_universal/state.json
[deploy] resolved guard_stop_file=/home/odah/bro/base/logs_exec/paper_universal/guard_stop.txt
canonical_deploy_authority_verified a9d04e63-17aa-4fe3-981b-c2fb11f37663 start 1e35a29a-9fba-4563-9e95-b9a38ad360c6
[deploy] git identity commit=ef50707ca1df62f4fa8e9f5721d5316fc84132b8 dirty=1
[deploy] building images...
#1 [internal] load local bake definitions
#1 reading from stdin 953B done
#1 DONE 0.0s

#2 [bro-maker internal] load build definition from Dockerfile
#2 transferring dockerfile: 2.00kB done
#2 DONE 0.0s

#3 [bro-guardian internal] load metadata for docker.io/library/python:3.11-slim@sha256:d6e4d224f70f9e0172a06a3a2eba2f768eb146811a349278b38fff3a36463b47
#3 DONE 1.0s

#4 [bro-maker internal] load metadata for docker.io/library/rust:1.88.0-slim-bookworm
#4 DONE 1.0s

#5 [bro-maker internal] load .dockerignore
#5 transferring context: 260B done
#5 DONE 0.0s

#6 [bro-guardian python-deps-builder 1/5] FROM docker.io/library/python:3.11-slim@sha256:d6e4d224f70f9e0172a06a3a2eba2f768eb146811a349278b38fff3a36463b47
#6 resolve docker.io/library/python:3.11-slim@sha256:d6e4d224f70f9e0172a06a3a2eba2f768eb146811a349278b38fff3a36463b47 0.0s done
#6 DONE 0.0s

#7 [bro-guardian worker-builder 1/6] FROM docker.io/library/rust:1.88.0-slim-bookworm@sha256:38bc5a86d998772d4aec2348656ed21438d20fcdce2795b56ca434cf21430d89
#7 resolve docker.io/library/rust:1.88.0-slim-bookworm@sha256:38bc5a86d998772d4aec2348656ed21438d20fcdce2795b56ca434cf21430d89 0.0s done
#7 DONE 0.0s

#8 [bro-maker internal] load build context
#8 transferring context: 5.31MB 0.1s done
#8 DONE 0.1s

#9 [bro-maker python-deps-builder 4/5] COPY requirements.txt /build/python/requirements.txt
#9 CACHED

#10 [bro-maker python-deps-builder 5/5] RUN python -m pip wheel --no-cache-dir --wheel-dir /wheelhouse -r /build/python/requirements.txt
#10 CACHED

#11 [bro-maker stage-2 4/9] COPY --from=python-deps-builder /wheelhouse /wheelhouse
#11 CACHED

#12 [bro-maker stage-2 3/9] COPY requirements.txt /app/requirements.txt
#12 CACHED

#13 [bro-maker stage-2 2/9] WORKDIR /app
#13 CACHED

#14 [bro-maker python-deps-builder 2/5] WORKDIR /build/python
#14 CACHED

#15 [bro-maker python-deps-builder 3/5] RUN apt-get update     && apt-get install -y --no-install-recommends git     && rm -rf /var/lib/apt/lists/*
#15 CACHED

#16 [bro-maker worker-builder 2/6] WORKDIR /build/workers
#16 CACHED

#17 [bro-maker worker-builder 3/6] COPY workers/Cargo.toml /build/workers/Cargo.toml
#17 CACHED

#18 [bro-maker worker-builder 4/6] COPY workers/Cargo.lock /build/workers/Cargo.lock
#18 CACHED

#19 [bro-maker worker-builder 5/6] COPY workers/src /build/workers/src
#19 CACHED

#20 [bro-maker stage-2 5/9] RUN pip install --no-cache-dir /wheelhouse/*     && rm -rf /wheelhouse
#20 CACHED

#21 [bro-maker worker-builder 6/6] RUN cargo build --release --locked
#21 CACHED

#22 [bro-maker stage-2 6/9] COPY . /app
#22 DONE 0.1s

#23 [bro-guardian stage-2 7/9] COPY --from=worker-builder /build/workers/target/release/bro-market-stream-worker /app/workers/bin/bro-market-stream-worker
#23 DONE 0.0s

#24 [bro-guardian stage-2 8/9] COPY --from=worker-builder /build/workers/target/release/bro-rtds-stream-worker /app/workers/bin/bro-rtds-stream-worker
#24 DONE 0.0s

#25 [bro-guardian stage-2 9/9] RUN addgroup --system bro && adduser --system --ingroup bro --home /home/bro --shell /usr/sbin/nologin bro     && mkdir -p /data /logs /tmp /config     && chown -R bro:bro /app /data /logs /tmp /config
#25 DONE 0.7s

#26 [bro-maker] exporting to image
#26 exporting layers
#26 exporting layers 1.8s done
#26 exporting manifest sha256:a25505c83a64edbf0cf49c220bed8a26bf5daf71b834e97790cff336ec2947d5 done
#26 exporting config sha256:80950f2f38f60011cf49cfe24c35091866bccad412e48246801dea276705ca1b done
#26 exporting attestation manifest sha256:5a344c51a885d62bc0ae7568ecc75e0f82b49fd29aac538220c8cefaa59de2dd 0.0s done
#26 exporting manifest list sha256:eb6fcf668e4f4fc1622dead7c572ccb285ee89ad14c77e7081a60b047bec0fb6 done
#26 naming to docker.io/library/bro_btc_paper-bro-maker:latest done
#26 unpacking to docker.io/library/bro_btc_paper-bro-maker:latest
#26 unpacking to docker.io/library/bro_btc_paper-bro-maker:latest 1.0s done
#26 DONE 2.8s

#27 [bro-guardian] exporting to image
#27 exporting layers 1.8s done
#27 exporting manifest sha256:b745d4970396ef8196ad3bf451ce76121f0bda7c71def45704b29dfc9c4c1e0f done
#27 exporting config sha256:a53e76a769753483634ff719f4642f0ccefcc68606fad8234b32e9f9d751dfd1 0.0s done
#27 exporting attestation manifest sha256:bd88bbf43eb47bcd45c05b95adeac109edf5e1126dd46d36151483d550aff0b0 0.0s done
#27 exporting manifest list sha256:ca731de15a34d1cd50489a699486c4e38af3f8174da7fd7169fd13a3c45b2203 0.0s done
#27 naming to docker.io/library/bro_btc_paper-bro-guardian:latest done
#27 unpacking to docker.io/library/bro_btc_paper-bro-guardian:latest 0.9s done
#27 DONE 2.8s

#28 [bro-guardian] resolving provenance for metadata file
#28 DONE 0.0s

#29 [bro-maker] resolving provenance for metadata file
#29 DONE 0.0s
[deploy] docker image identity maker_ref=bro_btc_paper-bro-maker hash=sha256:eb6fcf668e4f4fc1622dead7c572ccb285ee89ad14c77e7081a60b047bec0fb6
[deploy] stopping stack...
[deploy] clearing state and guard artifacts...
[deploy] starting stack...
[deploy] waiting 25s for health...
[deploy] service status:
NAME                           IMAGE                        COMMAND                  SERVICE        CREATED          STATUS                    PORTS
bro_btc_paper-bro-guardian-1   bro_btc_paper-bro-guardian   "python scripts/guar…"   bro-guardian   32 seconds ago   Up 25 seconds (healthy)   
bro_btc_paper-bro-maker-1      bro_btc_paper-bro-maker      "python executor.py …"   bro-maker      32 seconds ago   Up 31 seconds (healthy)   127.0.0.1:9108->9108/tcp
[deploy] manifest identity:
manifest_path /home/odah/bro/base/logs_exec/paper_universal/run_manifest_1e35a29a-9fba-4563-9e95-b9a38ad360c6.json
run_id 1e35a29a-9fba-4563-9e95-b9a38ad360c6
config_fingerprint_sha256 2b8e996f837514dbaf4833cffd9230454c65f77f9751cd27c9dc531923426161
config_source_path /config/profiles/paper_universal.yaml
config_source_sha256 505ec411ac7804635d2421ff16234a07437e9c8007118fdbd4f96ddd7f261f8c
code_fingerprint_sha256 7b753979ece0726d3b7536e173ad59620709c6e26d02253fb9baf7a801cbd6a0
code_fingerprint_file_count 62
runtime_identity.effective_config_sha256 2b8e996f837514dbaf4833cffd9230454c65f77f9751cd27c9dc531923426161
runtime_identity.dependency_lock_sha256 099d5990011fa718a20432aea5e31b2c2854e3ce4fbc65f9c20f457a2c3e09b8
runtime_identity.docker_image_hash sha256:eb6fcf668e4f4fc1622dead7c572ccb285ee89ad14c77e7081a60b047bec0fb6
