[deploy] validating paper setup lock in /home/odah/bro/base/configs/profiles/paper_universal.yaml...
setup_lock_verified paper_universal 5b61aa27923c915fff110c4fae2e67f68f70115385314c13b481d7a900646397
[deploy] resolved log_dir=/home/odah/bro/base/logs_exec/paper_universal
[deploy] resolved state_path=/home/odah/bro/base/data/paper_universal/state.json
[deploy] resolved guard_stop_file=/home/odah/bro/base/logs_exec/paper_universal/guard_stop.txt
canonical_deploy_authority_verified c837066e-01e9-4b50-a1c7-d2a6a99383ee start 352504bb-58d6-4be9-bea9-391a38fedd81
[deploy] git identity commit=ef50707ca1df62f4fa8e9f5721d5316fc84132b8 dirty=1
[deploy] skipping image build via --no-build (non-canonical fast path)
[deploy] docker image identity maker_ref=bro_btc_paper-bro-maker hash=sha256:4dbd405b8b5317cc92ddfa691e76f0b15adf3f42a32edec847f0e22ec54f770d
[deploy] stopping stack...
[deploy] clearing state and guard artifacts...
[deploy] starting stack...
[deploy] waiting 25s for health...
[deploy] service status:
NAME                           IMAGE                        COMMAND                  SERVICE        CREATED              STATUS                        PORTS
bro_btc_paper-bro-guardian-1   bro_btc_paper-bro-guardian   "python scripts/guar…"   bro-guardian   About a minute ago   Up 25 seconds (healthy)       
bro_btc_paper-bro-maker-1      bro_btc_paper-bro-maker      "python executor.py …"   bro-maker      About a minute ago   Up About a minute (healthy)   127.0.0.1:9108->9108/tcp
[deploy] manifest identity:
manifest_path /home/odah/bro/base/logs_exec/paper_universal/run_manifest_352504bb-58d6-4be9-bea9-391a38fedd81.json
run_id 352504bb-58d6-4be9-bea9-391a38fedd81
config_fingerprint_sha256 5b61aa27923c915fff110c4fae2e67f68f70115385314c13b481d7a900646397
config_source_path /config/profiles/paper_universal.yaml
config_source_sha256 10f5408640084ce6d15230f39f7f7c8a495b1e3113fae4d200399a78bad116ee
code_fingerprint_sha256 21988473bcf28a0bdfe8d590145d22a18aff6d0f0f2ad9ffd41f722c7b824cef
code_fingerprint_file_count 62
runtime_identity.effective_config_sha256 5b61aa27923c915fff110c4fae2e67f68f70115385314c13b481d7a900646397
runtime_identity.dependency_lock_sha256 099d5990011fa718a20432aea5e31b2c2854e3ce4fbc65f9c20f457a2c3e09b8
runtime_identity.docker_image_hash sha256:4dbd405b8b5317cc92ddfa691e76f0b15adf3f42a32edec847f0e22ec54f770d
