[deploy] validating paper setup lock in /home/odah/bro/base/configs/profiles/paper_universal.yaml...
setup_lock_verified paper_universal 593aaf52756657e50ee042d3129a545625844dc640c2bb6d82f4b8646e25540a
[deploy] resolved log_dir=/home/odah/bro/base/logs_exec/paper_universal
[deploy] resolved state_path=/home/odah/bro/base/data/paper_universal/state.json
[deploy] resolved guard_stop_file=/home/odah/bro/base/logs_exec/paper_universal/guard_stop.txt
canonical_deploy_authority_verified e1d76c36-33ea-47d2-989d-0719521f4e18 start 1a2df724-9c22-4c6b-af0d-65c84617913b
[deploy] git identity commit=059c2ab8517f4ab03679c5a465c6638663192455 dirty=1
[deploy] building images...
#1 [internal] load local bake definitions
#1 reading from stdin 953B done
#1 DONE 0.0s

#2 [bro-guardian internal] load build definition from Dockerfile
#2 transferring dockerfile: 2.00kB done
#2 DONE 0.0s

#3 [bro-guardian internal] load metadata for docker.io/library/python:3.11-slim@sha256:d6e4d224f70f9e0172a06a3a2eba2f768eb146811a349278b38fff3a36463b47
#3 DONE 1.0s

#4 [bro-guardian internal] load metadata for docker.io/library/rust:1.88.0-slim-bookworm
#4 DONE 1.0s

#5 [bro-maker internal] load .dockerignore
#5 transferring context: 260B 0.0s done
#5 DONE 0.1s

#6 [bro-guardian internal] load build context
#6 DONE 0.0s

#7 [bro-maker python-deps-builder 1/5] FROM docker.io/library/python:3.11-slim@sha256:d6e4d224f70f9e0172a06a3a2eba2f768eb146811a349278b38fff3a36463b47
#7 resolve docker.io/library/python:3.11-slim@sha256:d6e4d224f70f9e0172a06a3a2eba2f768eb146811a349278b38fff3a36463b47 0.1s done
#7 DONE 0.1s

#8 [bro-maker worker-builder 1/6] FROM docker.io/library/rust:1.88.0-slim-bookworm@sha256:38bc5a86d998772d4aec2348656ed21438d20fcdce2795b56ca434cf21430d89
#8 resolve docker.io/library/rust:1.88.0-slim-bookworm@sha256:38bc5a86d998772d4aec2348656ed21438d20fcdce2795b56ca434cf21430d89 0.1s done
#8 DONE 0.1s

#6 [bro-guardian internal] load build context
#6 transferring context: 4.33MB 0.3s done
#6 transferring context: 4.33MB 0.3s done
#6 DONE 0.3s

#9 [bro-guardian worker-builder 5/6] COPY workers/src /build/workers/src
#9 CACHED

#10 [bro-guardian worker-builder 2/6] WORKDIR /build/workers
#10 CACHED

#11 [bro-guardian worker-builder 4/6] COPY workers/Cargo.lock /build/workers/Cargo.lock
#11 CACHED

#12 [bro-guardian worker-builder 3/6] COPY workers/Cargo.toml /build/workers/Cargo.toml
#12 CACHED

#13 [bro-guardian worker-builder 6/6] RUN cargo build --release --locked
#13 CACHED

#14 [bro-guardian python-deps-builder 5/5] RUN python -m pip wheel --no-cache-dir --wheel-dir /wheelhouse -r /build/python/requirements.txt
#14 CACHED

#15 [bro-guardian python-deps-builder 3/5] RUN apt-get update     && apt-get install -y --no-install-recommends git     && rm -rf /var/lib/apt/lists/*
#15 CACHED

#16 [bro-guardian stage-2 3/9] COPY requirements.txt /app/requirements.txt
#16 CACHED

#17 [bro-guardian python-deps-builder 2/5] WORKDIR /build/python
#17 CACHED

#18 [bro-guardian stage-2 4/9] COPY --from=python-deps-builder /wheelhouse /wheelhouse
#18 CACHED

#19 [bro-guardian stage-2 2/9] WORKDIR /app
#19 CACHED

#20 [bro-guardian python-deps-builder 4/5] COPY requirements.txt /build/python/requirements.txt
#20 CACHED

#21 [bro-guardian stage-2 5/9] RUN pip install --no-cache-dir /wheelhouse/*     && rm -rf /wheelhouse
#21 CACHED

#22 [bro-guardian stage-2 6/9] COPY . /app
#22 DONE 2.7s

#23 [bro-guardian stage-2 7/9] COPY --from=worker-builder /build/workers/target/release/bro-market-stream-worker /app/workers/bin/bro-market-stream-worker
#23 DONE 0.1s

#24 [bro-guardian stage-2 8/9] COPY --from=worker-builder /build/workers/target/release/bro-rtds-stream-worker /app/workers/bin/bro-rtds-stream-worker
#24 DONE 0.0s

#25 [bro-guardian stage-2 9/9] RUN addgroup --system bro && adduser --system --ingroup bro --home /home/bro --shell /usr/sbin/nologin bro     && mkdir -p /data /logs /tmp /config     && chown -R bro:bro /app /data /logs /tmp /config
#25 DONE 4.4s

#26 [bro-guardian] exporting to image
#26 exporting layers
#26 ...

#27 [bro-maker] exporting to image
#27 exporting layers 37.1s done
#27 exporting manifest sha256:6181a5ea4868be09fcbed705e7b30d1a3b5cf1bf3b284641a997ef57e3951f06 done
#27 exporting config sha256:4becdbf07ac6f766132c7a854ddf58a6e611367d4539e7b9dc113fc33d86768b done
#27 exporting attestation manifest sha256:73385d1e0a85ac50b719413f7677ce90cec60711087ef8174d9785d0dd55b538 0.0s done
#27 exporting manifest list sha256:bec5c07036cd8d2f3db52abb2c1202d50fed01c4e98bea07b286269a3f009a47 done
#27 naming to docker.io/library/bro_btc_paper-bro-maker:latest done
#27 unpacking to docker.io/library/bro_btc_paper-bro-maker:latest
#27 ...

#26 [bro-guardian] exporting to image
#26 exporting layers 37.1s done
#26 exporting manifest sha256:eb3eac248f022a9ad5947d09734e0176c1cb5f3c27921520add6cd3de58fc0cf done
#26 exporting config sha256:df43ba8875b334166e29732858ff34daff1f696d924e87145358b68223b67551 done
#26 exporting attestation manifest sha256:e182bd174dcbc03bdaf22100d56209c7a94ef32dc2ecf15c5415f930b0089460 0.0s done
#26 exporting manifest list sha256:858e4a6fd5763bc3b99efad7a79317bfee35ad92e2f7164d8476a0604800590c done
#26 naming to docker.io/library/bro_btc_paper-bro-guardian:latest done
#26 unpacking to docker.io/library/bro_btc_paper-bro-guardian:latest
#26 unpacking to docker.io/library/bro_btc_paper-bro-guardian:latest 18.8s done
#26 DONE 55.9s

#27 [bro-maker] exporting to image
#27 unpacking to docker.io/library/bro_btc_paper-bro-maker:latest 18.8s done
#27 DONE 55.9s

#28 [bro-guardian] resolving provenance for metadata file
#28 DONE 0.0s

#29 [bro-maker] resolving provenance for metadata file
#29 DONE 0.0s
[deploy] docker image identity maker_ref=bro_btc_paper-bro-maker hash=sha256:bec5c07036cd8d2f3db52abb2c1202d50fed01c4e98bea07b286269a3f009a47
[deploy] stopping stack...
[deploy] clearing state and guard artifacts...
[deploy] starting stack...
[deploy] waiting 25s for health...
[deploy] service status:
NAME                           IMAGE                        COMMAND                  SERVICE        CREATED          STATUS                    PORTS
bro_btc_paper-bro-guardian-1   bro_btc_paper-bro-guardian   "python scripts/guar…"   bro-guardian   31 seconds ago   Up 25 seconds (healthy)   
bro_btc_paper-bro-maker-1      bro_btc_paper-bro-maker      "python executor.py …"   bro-maker      31 seconds ago   Up 31 seconds (healthy)   127.0.0.1:9108->9108/tcp
[deploy] manifest identity:
manifest_path /home/odah/bro/base/logs_exec/paper_universal/run_manifest_1a2df724-9c22-4c6b-af0d-65c84617913b.json
run_id 1a2df724-9c22-4c6b-af0d-65c84617913b
config_fingerprint_sha256 593aaf52756657e50ee042d3129a545625844dc640c2bb6d82f4b8646e25540a
config_source_path /config/profiles/paper_universal.yaml
config_source_sha256 cc3470587b92b18895d11667211a509e38b8fd1a599976338b0607b1532bc73b
code_fingerprint_sha256 49ff6e26d6c73a5742362060fc92836fa42b4bdf7263df57bd4429cd2a9bd7b1
code_fingerprint_file_count 59
runtime_identity.effective_config_sha256 593aaf52756657e50ee042d3129a545625844dc640c2bb6d82f4b8646e25540a
runtime_identity.dependency_lock_sha256 099d5990011fa718a20432aea5e31b2c2854e3ce4fbc65f9c20f457a2c3e09b8
runtime_identity.docker_image_hash sha256:bec5c07036cd8d2f3db52abb2c1202d50fed01c4e98bea07b286269a3f009a47
