[deploy] validating paper setup lock in /home/odah/bro/base/configs/profiles/paper_universal.yaml...
setup_lock_verified paper_universal 87d731e2a8557515629f73eb7af91a51fa5b3be4362f1e0bba4172adb0872819
[deploy] resolved log_dir=/home/odah/bro/base/logs_exec/paper_universal
[deploy] resolved state_path=/home/odah/bro/base/data/paper_universal/state.json
[deploy] resolved guard_stop_file=/home/odah/bro/base/logs_exec/paper_universal/guard_stop.txt
canonical_deploy_authority_verified 89228968-02bb-47d2-b8e4-0d0d29ca258d start fb2a485b-df8e-4d11-83c0-0b14e21f7f47
[deploy] git identity commit=5602b5e852c61824721d74b3a8493343c365e74c dirty=1
[deploy] building images...
#1 [internal] load local bake definitions
#1 reading from stdin 953B done
#1 DONE 0.0s

#2 [bro-maker internal] load build definition from Dockerfile
#2 transferring dockerfile: 2.00kB done
#2 DONE 0.0s

#3 [bro-guardian internal] load metadata for docker.io/library/rust:1.88.0-slim-bookworm
#3 DONE 1.0s

#4 [bro-maker internal] load metadata for docker.io/library/python:3.11-slim@sha256:d6e4d224f70f9e0172a06a3a2eba2f768eb146811a349278b38fff3a36463b47
#4 DONE 1.0s

#5 [bro-guardian internal] load .dockerignore
#5 transferring context: 260B done
#5 DONE 0.0s

#6 [bro-guardian worker-builder 1/6] FROM docker.io/library/rust:1.88.0-slim-bookworm@sha256:38bc5a86d998772d4aec2348656ed21438d20fcdce2795b56ca434cf21430d89
#6 resolve docker.io/library/rust:1.88.0-slim-bookworm@sha256:38bc5a86d998772d4aec2348656ed21438d20fcdce2795b56ca434cf21430d89 0.0s done
#6 DONE 0.0s

#7 [bro-guardian python-deps-builder 1/5] FROM docker.io/library/python:3.11-slim@sha256:d6e4d224f70f9e0172a06a3a2eba2f768eb146811a349278b38fff3a36463b47
#7 resolve docker.io/library/python:3.11-slim@sha256:d6e4d224f70f9e0172a06a3a2eba2f768eb146811a349278b38fff3a36463b47 0.0s done
#7 DONE 0.0s

#8 [bro-maker internal] load build context
#8 transferring context: 1.53MB 0.1s done
#8 transferring context: 1.53MB 0.1s done
#8 DONE 0.1s

#9 [bro-maker worker-builder 4/6] COPY workers/Cargo.lock /build/workers/Cargo.lock
#9 CACHED

#10 [bro-maker worker-builder 2/6] WORKDIR /build/workers
#10 CACHED

#11 [bro-maker worker-builder 5/6] COPY workers/src /build/workers/src
#11 CACHED

#12 [bro-maker worker-builder 3/6] COPY workers/Cargo.toml /build/workers/Cargo.toml
#12 CACHED

#13 [bro-maker python-deps-builder 3/5] RUN apt-get update     && apt-get install -y --no-install-recommends git     && rm -rf /var/lib/apt/lists/*
#13 CACHED

#14 [bro-maker stage-2 4/9] COPY --from=python-deps-builder /wheelhouse /wheelhouse
#14 CACHED

#15 [bro-maker stage-2 3/9] COPY requirements.txt /app/requirements.txt
#15 CACHED

#16 [bro-maker python-deps-builder 2/5] WORKDIR /build/python
#16 CACHED

#17 [bro-maker python-deps-builder 4/5] COPY requirements.txt /build/python/requirements.txt
#17 CACHED

#18 [bro-maker python-deps-builder 5/5] RUN python -m pip wheel --no-cache-dir --wheel-dir /wheelhouse -r /build/python/requirements.txt
#18 CACHED

#19 [bro-maker stage-2 2/9] WORKDIR /app
#19 CACHED

#20 [bro-maker worker-builder 6/6] RUN cargo build --release --locked
#20 CACHED

#21 [bro-maker stage-2 5/9] RUN pip install --no-cache-dir /wheelhouse/*     && rm -rf /wheelhouse
#21 CACHED

#22 [bro-maker stage-2 6/9] COPY . /app
#22 DONE 0.2s

#23 [bro-guardian stage-2 7/9] COPY --from=worker-builder /build/workers/target/release/bro-market-stream-worker /app/workers/bin/bro-market-stream-worker
#23 DONE 0.0s

#24 [bro-maker stage-2 8/9] COPY --from=worker-builder /build/workers/target/release/bro-rtds-stream-worker /app/workers/bin/bro-rtds-stream-worker
#24 DONE 0.0s

#25 [bro-maker stage-2 9/9] RUN addgroup --system bro && adduser --system --ingroup bro --home /home/bro --shell /usr/sbin/nologin bro     && mkdir -p /data /logs /tmp /config     && chown -R bro:bro /app /data /logs /tmp /config
#25 DONE 0.7s

#26 [bro-guardian] exporting to image
#26 exporting layers
#26 exporting layers 1.6s done
#26 exporting manifest sha256:f888ce33a32fde7b3e16ae1ef3d1b345550571bd9e8c35a867f1e46c896d60c9 done
#26 exporting config sha256:52535bf18ced7ad1d6f3ffcf4921e23959286133f925cbaba1cacefc709c051d done
#26 exporting attestation manifest sha256:64d92452cf6df4fe1d4aadd600d7cdfe3e5f6396d1be46462d7db4129cb67b77 0.0s done
#26 exporting manifest list sha256:4d4777b6c514e3382fe574a44137adfd7b48f670d9f814bb885c456b649ecc48 done
#26 naming to docker.io/library/bro_btc_paper-bro-guardian:latest done
#26 unpacking to docker.io/library/bro_btc_paper-bro-guardian:latest
#26 unpacking to docker.io/library/bro_btc_paper-bro-guardian:latest 0.9s done
#26 DONE 2.6s

#27 [bro-maker] exporting to image
#27 exporting layers 1.6s done
#27 exporting manifest sha256:abf579c0ee8f33f60a02c868e38c78125bb2bbda38ec1d8a08c8cf94a3438b16 done
#27 exporting config sha256:b328146052e7cd727fb4b0e25dc0e234b5d762bdd9dfc8e312a7d5aef1a0c3b2 done
#27 exporting attestation manifest sha256:4a9e7b0f9c9b8c79dce22ac3b1bf04ea995d26811034ac9f337fa293d298bba4 0.0s done
#27 exporting manifest list sha256:0f2c056789af496a88d21cde3053751404745e524f49044e9ef6d554e62e477a done
#27 naming to docker.io/library/bro_btc_paper-bro-maker:latest done
#27 unpacking to docker.io/library/bro_btc_paper-bro-maker:latest 0.9s done
#27 DONE 2.6s

#28 [bro-guardian] resolving provenance for metadata file
#28 DONE 0.0s

#29 [bro-maker] resolving provenance for metadata file
#29 DONE 0.0s
[deploy] docker image identity maker_ref=bro_btc_paper-bro-maker hash=sha256:0f2c056789af496a88d21cde3053751404745e524f49044e9ef6d554e62e477a
[deploy] stopping stack...
[deploy] clearing state and guard artifacts...
[deploy] starting stack...
[deploy] waiting 25s for health...
[deploy] service status:
NAME                           IMAGE                        COMMAND                  SERVICE        CREATED          STATUS                    PORTS
bro_btc_paper-bro-guardian-1   bro_btc_paper-bro-guardian   "python scripts/guar…"   bro-guardian   32 seconds ago   Up 25 seconds (healthy)   
bro_btc_paper-bro-maker-1      bro_btc_paper-bro-maker      "python executor.py …"   bro-maker      32 seconds ago   Up 31 seconds (healthy)   127.0.0.1:9108->9108/tcp
[deploy] manifest identity:
manifest_path /home/odah/bro/base/logs_exec/paper_universal/run_manifest_fb2a485b-df8e-4d11-83c0-0b14e21f7f47.json
run_id fb2a485b-df8e-4d11-83c0-0b14e21f7f47
config_fingerprint_sha256 87d731e2a8557515629f73eb7af91a51fa5b3be4362f1e0bba4172adb0872819
config_source_path /config/profiles/paper_universal.yaml
config_source_sha256 545711507bcaa0573f6b04497cc1af7d0fbd89e6907bf7c42de88af20a96060c
code_fingerprint_sha256 94912ebe78f646f243ac901008ffe6bce6323802560e94b9d2c001553bcad611
code_fingerprint_file_count 61
runtime_identity.effective_config_sha256 87d731e2a8557515629f73eb7af91a51fa5b3be4362f1e0bba4172adb0872819
runtime_identity.dependency_lock_sha256 099d5990011fa718a20432aea5e31b2c2854e3ce4fbc65f9c20f457a2c3e09b8
runtime_identity.docker_image_hash sha256:0f2c056789af496a88d21cde3053751404745e524f49044e9ef6d554e62e477a
